[2026-04-13T08:34:13.966+0000] {taskinstance.py:1956} INFO - Dependencies all met for dep_context=non-requeueable deps ti=<TaskInstance: k8s_etl_pipeline.notifier_succes manual__2026-04-13T08:34:08+00:00 [queued]>
[2026-04-13T08:34:13.979+0000] {taskinstance.py:1956} INFO - Dependencies all met for dep_context=requeueable deps ti=<TaskInstance: k8s_etl_pipeline.notifier_succes manual__2026-04-13T08:34:08+00:00 [queued]>
[2026-04-13T08:34:13.979+0000] {taskinstance.py:2170} INFO - Starting attempt 1 of 3
[2026-04-13T08:34:13.991+0000] {taskinstance.py:2191} INFO - Executing <Task(PythonOperator): notifier_succes> on 2026-04-13 08:34:08+00:00
[2026-04-13T08:34:13.995+0000] {standard_task_runner.py:60} INFO - Started process 2158 to run task
[2026-04-13T08:34:13.999+0000] {standard_task_runner.py:87} INFO - Running: ['***', 'tasks', 'run', 'k8s_etl_pipeline', 'notifier_succes', 'manual__2026-04-13T08:34:08+00:00', '--job-id', '24', '--raw', '--subdir', 'DAGS_FOLDER/k8s_etl_pipeline_dag.py', '--cfg-path', '/tmp/tmp5qn2oaub']
[2026-04-13T08:34:14.000+0000] {standard_task_runner.py:88} INFO - Job 24: Subtask notifier_succes
[2026-04-13T08:34:14.034+0000] {task_command.py:423} INFO - Running <TaskInstance: k8s_etl_pipeline.notifier_succes manual__2026-04-13T08:34:08+00:00 [running]> on host b53220b8d790
[2026-04-13T08:34:14.110+0000] {taskinstance.py:2480} INFO - Exporting env vars: AIRFLOW_CTX_DAG_OWNER='mohamed' AIRFLOW_CTX_DAG_ID='k8s_etl_pipeline' AIRFLOW_CTX_TASK_ID='notifier_succes' AIRFLOW_CTX_EXECUTION_DATE='2026-04-13T08:34:08+00:00' AIRFLOW_CTX_TRY_NUMBER='1' AIRFLOW_CTX_DAG_RUN_ID='manual__2026-04-13T08:34:08+00:00'
[2026-04-13T08:34:14.111+0000] {logging_mixin.py:188} INFO - ============================================================
[2026-04-13T08:34:14.111+0000] {logging_mixin.py:188} INFO -   ✅ PIPELINE ETL TERMINÉ AVEC SUCCÈS
[2026-04-13T08:34:14.112+0000] {logging_mixin.py:188} INFO - ============================================================
[2026-04-13T08:34:14.112+0000] {logging_mixin.py:188} INFO -   Date d'exécution : 2026-04-13
[2026-04-13T08:34:14.112+0000] {logging_mixin.py:188} INFO -   Run ID           : manual__2026-04-13T08:34:08+00:00
[2026-04-13T08:34:14.112+0000] {logging_mixin.py:188} INFO -   Statut           : SUCCÈS — Données chargées et validées
[2026-04-13T08:34:14.112+0000] {logging_mixin.py:188} INFO - ============================================================
[2026-04-13T08:34:14.112+0000] {python.py:201} INFO - Done. Returned value was: None
[2026-04-13T08:34:14.118+0000] {taskinstance.py:1138} INFO - Marking task as SUCCESS. dag_id=k8s_etl_pipeline, task_id=notifier_succes, execution_date=20260413T083408, start_date=20260413T083413, end_date=20260413T083414
[2026-04-13T08:34:14.131+0000] {local_task_job_runner.py:234} INFO - Task exited with return code 0
[2026-04-13T08:34:14.147+0000] {taskinstance.py:3280} INFO - 1 downstream tasks scheduled from follow-on schedule check
