[2026-04-09T13:31:27.743+0000] {manager.py:469} INFO - Processing files using up to 2 processes at a time 
[2026-04-09T13:31:27.744+0000] {manager.py:470} INFO - Process each file at most once every 30 seconds
[2026-04-09T13:31:27.744+0000] {manager.py:471} INFO - Checking for new files in /opt/airflow/dags every 300 seconds
[2026-04-09T13:31:27.744+0000] {manager.py:738} INFO - Searching for files in /opt/airflow/dags
[2026-04-09T13:31:27.757+0000] {manager.py:741} INFO - There are 5 files in /opt/airflow/dags
[2026-04-09T13:31:28.180+0000] {manager.py:879} INFO - 
================================================================================
DAG File Processing Stats

File Path                                   PID  Runtime      # DAGs    # Errors  Last Runtime    Last Run
----------------------------------------  -----  ---------  --------  ----------  --------------  -------------------
/opt/airflow/dags/logs_compaction_dag.py    181  0.15s             0           0
/opt/airflow/dags/dag_sensor.py                                    0           0
/opt/airflow/dags/dag_xcom.py                                      0           0
/opt/airflow/dags/dag_branchement.py                               0           0
/opt/airflow/dags/logs_ecommerce_dag.py                            1           0  0.31s           2026-04-09T13:31:28
================================================================================
[2026-04-09T13:31:58.250+0000] {manager.py:879} INFO - 
================================================================================
DAG File Processing Stats

File Path                                   PID  Runtime      # DAGs    # Errors  Last Runtime    Last Run
----------------------------------------  -----  ---------  --------  ----------  --------------  -------------------
/opt/airflow/dags/logs_ecommerce_dag.py     229  0.00s             1           0  0.31s           2026-04-09T13:31:28
/opt/airflow/dags/logs_compaction_dag.py                           1           0  0.33s           2026-04-09T13:31:28
/opt/airflow/dags/dag_sensor.py                                    1           0  0.52s           2026-04-09T13:31:28
/opt/airflow/dags/dag_xcom.py                                      1           0  0.63s           2026-04-09T13:31:29
/opt/airflow/dags/dag_branchement.py                               1           0  0.48s           2026-04-09T13:31:29
================================================================================
[2026-04-09T13:32:28.954+0000] {manager.py:879} INFO - 
================================================================================
DAG File Processing Stats

File Path                                   PID  Runtime      # DAGs    # Errors  Last Runtime    Last Run
----------------------------------------  -----  ---------  --------  ----------  --------------  -------------------
/opt/airflow/dags/logs_ecommerce_dag.py     281  0.01s             1           0  0.32s           2026-04-09T13:31:58
/opt/airflow/dags/logs_compaction_dag.py    284  0.01s             1           0  0.18s           2026-04-09T13:31:58
/opt/airflow/dags/dag_sensor.py                                    1           0  0.22s           2026-04-09T13:31:59
/opt/airflow/dags/dag_xcom.py                                      1           0  0.23s           2026-04-09T13:31:59
/opt/airflow/dags/dag_branchement.py                               1           0  0.15s           2026-04-09T13:31:59
================================================================================
[2026-04-09T13:32:59.359+0000] {manager.py:879} INFO - 
================================================================================
DAG File Processing Stats

File Path                                   PID  Runtime      # DAGs    # Errors  Last Runtime    Last Run
----------------------------------------  -----  ---------  --------  ----------  --------------  -------------------
/opt/airflow/dags/logs_ecommerce_dag.py     329  0.01s             1           0  0.14s           2026-04-09T13:32:29
/opt/airflow/dags/logs_compaction_dag.py    332  0.01s             1           0  0.17s           2026-04-09T13:32:29
/opt/airflow/dags/dag_sensor.py                                    1           0  0.12s           2026-04-09T13:32:30
/opt/airflow/dags/dag_xcom.py                                      1           0  0.11s           2026-04-09T13:32:30
/opt/airflow/dags/dag_branchement.py                               1           0  0.09s           2026-04-09T13:32:30
================================================================================
[2026-04-09T13:33:29.755+0000] {manager.py:879} INFO - 
================================================================================
DAG File Processing Stats

File Path                                   PID  Runtime      # DAGs    # Errors  Last Runtime    Last Run
----------------------------------------  -----  ---------  --------  ----------  --------------  -------------------
/opt/airflow/dags/logs_ecommerce_dag.py     354  0.01s             1           0  0.12s           2026-04-09T13:32:59
/opt/airflow/dags/logs_compaction_dag.py    357  0.01s             1           0  0.12s           2026-04-09T13:32:59
/opt/airflow/dags/dag_sensor.py                                    1           0  0.11s           2026-04-09T13:33:00
/opt/airflow/dags/dag_xcom.py                                      1           0  0.14s           2026-04-09T13:33:00
/opt/airflow/dags/dag_branchement.py                               1           0  0.12s           2026-04-09T13:33:00
================================================================================
[2026-04-09T13:34:00.141+0000] {manager.py:879} INFO - 
================================================================================
DAG File Processing Stats

File Path                                   PID  Runtime      # DAGs    # Errors  Last Runtime    Last Run
----------------------------------------  -----  ---------  --------  ----------  --------------  -------------------
/opt/airflow/dags/logs_ecommerce_dag.py     386  0.01s             1           0  0.12s           2026-04-09T13:33:29
/opt/airflow/dags/logs_compaction_dag.py    389  0.01s             1           0  0.13s           2026-04-09T13:33:29
/opt/airflow/dags/dag_sensor.py                                    1           0  0.13s           2026-04-09T13:33:31
/opt/airflow/dags/dag_xcom.py                                      1           0  0.14s           2026-04-09T13:33:31
/opt/airflow/dags/dag_branchement.py                               1           0  0.08s           2026-04-09T13:33:31
================================================================================
[2026-04-09T13:34:30.512+0000] {manager.py:879} INFO - 
================================================================================
DAG File Processing Stats

File Path                                   PID  Runtime      # DAGs    # Errors  Last Runtime    Last Run
----------------------------------------  -----  ---------  --------  ----------  --------------  -------------------
/opt/airflow/dags/logs_ecommerce_dag.py     425  0.01s             1           0  0.12s           2026-04-09T13:34:00
/opt/airflow/dags/logs_compaction_dag.py    428  0.01s             1           0  0.12s           2026-04-09T13:34:00
/opt/airflow/dags/dag_sensor.py                                    1           0  0.11s           2026-04-09T13:34:01
/opt/airflow/dags/dag_xcom.py                                      1           0  0.10s           2026-04-09T13:34:01
/opt/airflow/dags/dag_branchement.py                               1           0  0.07s           2026-04-09T13:34:01
================================================================================
[2026-04-09T13:35:00.885+0000] {manager.py:879} INFO - 
================================================================================
DAG File Processing Stats

File Path                                   PID  Runtime      # DAGs    # Errors  Last Runtime    Last Run
----------------------------------------  -----  ---------  --------  ----------  --------------  -------------------
/opt/airflow/dags/logs_ecommerce_dag.py     450  0.01s             1           0  0.13s           2026-04-09T13:34:30
/opt/airflow/dags/logs_compaction_dag.py    453  0.01s             1           0  0.13s           2026-04-09T13:34:30
/opt/airflow/dags/dag_sensor.py                                    1           0  0.11s           2026-04-09T13:34:31
/opt/airflow/dags/dag_xcom.py                                      1           0  0.11s           2026-04-09T13:34:31
/opt/airflow/dags/dag_branchement.py                               1           0  0.09s           2026-04-09T13:34:31
================================================================================
[2026-04-09T13:35:31.234+0000] {manager.py:879} INFO - 
================================================================================
DAG File Processing Stats

File Path                                   PID  Runtime      # DAGs    # Errors  Last Runtime    Last Run
----------------------------------------  -----  ---------  --------  ----------  --------------  -------------------
/opt/airflow/dags/logs_ecommerce_dag.py     475  0.01s             1           0  0.12s           2026-04-09T13:35:00
/opt/airflow/dags/logs_compaction_dag.py    478  0.01s             1           0  0.12s           2026-04-09T13:35:00
/opt/airflow/dags/dag_sensor.py                                    1           0  0.10s           2026-04-09T13:35:02
/opt/airflow/dags/dag_xcom.py                                      1           0  0.11s           2026-04-09T13:35:02
/opt/airflow/dags/dag_branchement.py                               1           0  0.08s           2026-04-09T13:35:02
================================================================================
[2026-04-09T13:36:01.643+0000] {manager.py:879} INFO - 
================================================================================
DAG File Processing Stats

File Path                                   PID  Runtime      # DAGs    # Errors  Last Runtime    Last Run
----------------------------------------  -----  ---------  --------  ----------  --------------  -------------------
/opt/airflow/dags/logs_ecommerce_dag.py     500  0.01s             1           0  0.12s           2026-04-09T13:35:31
/opt/airflow/dags/logs_compaction_dag.py    503  0.01s             1           0  0.12s           2026-04-09T13:35:31
/opt/airflow/dags/dag_sensor.py                                    1           0  0.17s           2026-04-09T13:35:32
/opt/airflow/dags/dag_xcom.py                                      1           0  0.16s           2026-04-09T13:35:32
/opt/airflow/dags/dag_branchement.py                               1           0  0.07s           2026-04-09T13:35:32
================================================================================
[2026-04-09T13:36:27.968+0000] {manager.py:738} INFO - Searching for files in /opt/airflow/dags
[2026-04-09T13:36:27.971+0000] {manager.py:741} INFO - There are 5 files in /opt/airflow/dags
[2026-04-09T13:36:32.026+0000] {manager.py:879} INFO - 
================================================================================
DAG File Processing Stats

File Path                                   PID  Runtime      # DAGs    # Errors  Last Runtime    Last Run
----------------------------------------  -----  ---------  --------  ----------  --------------  -------------------
/opt/airflow/dags/logs_ecommerce_dag.py     531  0.02s             1           0  0.13s           2026-04-09T13:36:01
/opt/airflow/dags/logs_compaction_dag.py    534  0.01s             1           0  0.16s           2026-04-09T13:36:01
/opt/airflow/dags/dag_sensor.py                                    1           0  0.11s           2026-04-09T13:36:02
/opt/airflow/dags/dag_xcom.py                                      1           0  0.11s           2026-04-09T13:36:02
/opt/airflow/dags/dag_branchement.py                               1           0  0.08s           2026-04-09T13:36:02
================================================================================
[2026-04-09T13:37:02.430+0000] {manager.py:879} INFO - 
================================================================================
DAG File Processing Stats

File Path                                   PID  Runtime      # DAGs    # Errors  Last Runtime    Last Run
----------------------------------------  -----  ---------  --------  ----------  --------------  -------------------
/opt/airflow/dags/logs_ecommerce_dag.py     580  0.01s             1           0  0.19s           2026-04-09T13:36:32
/opt/airflow/dags/logs_compaction_dag.py    583  0.01s             1           0  0.20s           2026-04-09T13:36:32
/opt/airflow/dags/dag_sensor.py                                    1           0  0.10s           2026-04-09T13:36:33
/opt/airflow/dags/dag_xcom.py                                      1           0  0.11s           2026-04-09T13:36:33
/opt/airflow/dags/dag_branchement.py                               1           0  0.07s           2026-04-09T13:36:33
================================================================================
[2026-04-09T13:37:32.772+0000] {manager.py:879} INFO - 
================================================================================
DAG File Processing Stats

File Path                                   PID  Runtime      # DAGs    # Errors  Last Runtime    Last Run
----------------------------------------  -----  ---------  --------  ----------  --------------  -------------------
/opt/airflow/dags/logs_ecommerce_dag.py     605  0.01s             1           0  0.12s           2026-04-09T13:37:02
/opt/airflow/dags/logs_compaction_dag.py    608  0.01s             1           0  0.12s           2026-04-09T13:37:02
/opt/airflow/dags/dag_sensor.py                                    1           0  0.10s           2026-04-09T13:37:03
/opt/airflow/dags/dag_xcom.py                                      1           0  0.10s           2026-04-09T13:37:03
/opt/airflow/dags/dag_branchement.py                               1           0  0.09s           2026-04-09T13:37:03
================================================================================
[2026-04-09T13:38:03.076+0000] {manager.py:879} INFO - 
================================================================================
DAG File Processing Stats

File Path                                   PID  Runtime      # DAGs    # Errors  Last Runtime    Last Run
----------------------------------------  -----  ---------  --------  ----------  --------------  -------------------
/opt/airflow/dags/logs_ecommerce_dag.py     630  0.01s             1           0  0.16s           2026-04-09T13:37:32
/opt/airflow/dags/logs_compaction_dag.py    633  0.01s             1           0  0.15s           2026-04-09T13:37:32
/opt/airflow/dags/dag_sensor.py                                    1           0  0.12s           2026-04-09T13:37:33
/opt/airflow/dags/dag_xcom.py                                      1           0  0.10s           2026-04-09T13:37:33
/opt/airflow/dags/dag_branchement.py                               1           0  0.09s           2026-04-09T13:37:34
================================================================================
[2026-04-09T13:38:33.431+0000] {manager.py:879} INFO - 
================================================================================
DAG File Processing Stats

File Path                                   PID  Runtime      # DAGs    # Errors  Last Runtime    Last Run
----------------------------------------  -----  ---------  --------  ----------  --------------  -------------------
/opt/airflow/dags/logs_ecommerce_dag.py     655  0.01s             1           0  0.13s           2026-04-09T13:38:03
/opt/airflow/dags/logs_compaction_dag.py    658  0.01s             1           0  0.12s           2026-04-09T13:38:03
/opt/airflow/dags/dag_sensor.py                                    1           0  0.10s           2026-04-09T13:38:04
/opt/airflow/dags/dag_xcom.py                                      1           0  0.11s           2026-04-09T13:38:04
/opt/airflow/dags/dag_branchement.py                               1           0  0.09s           2026-04-09T13:38:04
================================================================================
[2026-04-09T13:39:03.814+0000] {manager.py:879} INFO - 
================================================================================
DAG File Processing Stats

File Path                                   PID  Runtime      # DAGs    # Errors  Last Runtime    Last Run
----------------------------------------  -----  ---------  --------  ----------  --------------  -------------------
/opt/airflow/dags/logs_ecommerce_dag.py     680  0.01s             1           0  0.14s           2026-04-09T13:38:33
/opt/airflow/dags/logs_compaction_dag.py    683  0.01s             1           0  0.14s           2026-04-09T13:38:33
/opt/airflow/dags/dag_sensor.py                                    1           0  0.12s           2026-04-09T13:38:34
/opt/airflow/dags/dag_xcom.py                                      1           0  0.12s           2026-04-09T13:38:34
/opt/airflow/dags/dag_branchement.py                               1           0  0.07s           2026-04-09T13:38:34
================================================================================
[2026-04-09T13:39:34.208+0000] {manager.py:879} INFO - 
================================================================================
DAG File Processing Stats

File Path                                   PID  Runtime      # DAGs    # Errors  Last Runtime    Last Run
----------------------------------------  -----  ---------  --------  ----------  --------------  -------------------
/opt/airflow/dags/logs_ecommerce_dag.py     705  0.02s             1           0  0.16s           2026-04-09T13:39:03
/opt/airflow/dags/logs_compaction_dag.py    708  0.01s             1           0  0.18s           2026-04-09T13:39:03
/opt/airflow/dags/dag_sensor.py                                    1           0  0.12s           2026-04-09T13:39:05
/opt/airflow/dags/dag_xcom.py                                      1           0  0.10s           2026-04-09T13:39:05
/opt/airflow/dags/dag_branchement.py                               1           0  0.08s           2026-04-09T13:39:05
================================================================================
[2026-04-09T13:40:04.561+0000] {manager.py:879} INFO - 
================================================================================
DAG File Processing Stats

File Path                                   PID  Runtime      # DAGs    # Errors  Last Runtime    Last Run
----------------------------------------  -----  ---------  --------  ----------  --------------  -------------------
/opt/airflow/dags/logs_ecommerce_dag.py     730  0.01s             1           0  0.13s           2026-04-09T13:39:34
/opt/airflow/dags/logs_compaction_dag.py    733  0.01s             1           0  0.14s           2026-04-09T13:39:34
/opt/airflow/dags/dag_sensor.py                                    1           0  0.10s           2026-04-09T13:39:35
/opt/airflow/dags/dag_xcom.py                                      1           0  0.11s           2026-04-09T13:39:35
/opt/airflow/dags/dag_branchement.py                               1           0  0.08s           2026-04-09T13:39:35
================================================================================
[2026-04-09T13:40:34.844+0000] {manager.py:879} INFO - 
================================================================================
DAG File Processing Stats

File Path                                   PID  Runtime      # DAGs    # Errors  Last Runtime    Last Run
----------------------------------------  -----  ---------  --------  ----------  --------------  -------------------
/opt/airflow/dags/logs_ecommerce_dag.py     755  0.01s             1           0  0.13s           2026-04-09T13:40:04
/opt/airflow/dags/logs_compaction_dag.py    758  0.01s             1           0  0.13s           2026-04-09T13:40:04
/opt/airflow/dags/dag_sensor.py                                    1           0  0.11s           2026-04-09T13:40:05
/opt/airflow/dags/dag_xcom.py                                      1           0  0.10s           2026-04-09T13:40:05
/opt/airflow/dags/dag_branchement.py                               1           0  0.07s           2026-04-09T13:40:05
================================================================================
[2026-04-09T13:41:05.326+0000] {manager.py:879} INFO - 
================================================================================
DAG File Processing Stats

File Path                                   PID  Runtime      # DAGs    # Errors  Last Runtime    Last Run
----------------------------------------  -----  ---------  --------  ----------  --------------  -------------------
/opt/airflow/dags/logs_ecommerce_dag.py     780  0.02s             1           0  0.16s           2026-04-09T13:40:34
/opt/airflow/dags/logs_compaction_dag.py    783  0.01s             1           0  0.15s           2026-04-09T13:40:34
/opt/airflow/dags/dag_sensor.py                                    1           0  0.30s           2026-04-09T13:40:36
/opt/airflow/dags/dag_xcom.py                                      1           0  0.30s           2026-04-09T13:40:36
/opt/airflow/dags/dag_branchement.py                               1           0  0.12s           2026-04-09T13:40:36
================================================================================
[2026-04-09T13:41:28.666+0000] {manager.py:738} INFO - Searching for files in /opt/airflow/dags
[2026-04-09T13:41:28.669+0000] {manager.py:741} INFO - There are 5 files in /opt/airflow/dags
[2026-04-09T13:41:35.724+0000] {manager.py:879} INFO - 
================================================================================
DAG File Processing Stats

File Path                                   PID  Runtime      # DAGs    # Errors  Last Runtime    Last Run
----------------------------------------  -----  ---------  --------  ----------  --------------  -------------------
/opt/airflow/dags/logs_ecommerce_dag.py     805  0.01s             1           0  0.12s           2026-04-09T13:41:05
/opt/airflow/dags/logs_compaction_dag.py    808  0.01s             1           0  0.13s           2026-04-09T13:41:05
/opt/airflow/dags/dag_sensor.py                                    1           0  0.15s           2026-04-09T13:41:06
/opt/airflow/dags/dag_xcom.py                                      1           0  0.13s           2026-04-09T13:41:06
/opt/airflow/dags/dag_branchement.py                               1           0  0.07s           2026-04-09T13:41:06
================================================================================
[2026-04-09T13:42:06.123+0000] {manager.py:879} INFO - 
================================================================================
DAG File Processing Stats

File Path                                   PID  Runtime      # DAGs    # Errors  Last Runtime    Last Run
----------------------------------------  -----  ---------  --------  ----------  --------------  -------------------
/opt/airflow/dags/logs_ecommerce_dag.py     832  0.01s             1           0  0.12s           2026-04-09T13:41:35
/opt/airflow/dags/logs_compaction_dag.py    835  0.01s             1           0  0.12s           2026-04-09T13:41:35
/opt/airflow/dags/dag_sensor.py                                    1           0  0.16s           2026-04-09T13:41:36
/opt/airflow/dags/dag_xcom.py                                      1           0  0.16s           2026-04-09T13:41:37
/opt/airflow/dags/dag_branchement.py                               1           0  0.08s           2026-04-09T13:41:37
================================================================================
[2026-04-09T13:42:36.539+0000] {manager.py:879} INFO - 
================================================================================
DAG File Processing Stats

File Path                                   PID  Runtime      # DAGs    # Errors  Last Runtime    Last Run
----------------------------------------  -----  ---------  --------  ----------  --------------  -------------------
/opt/airflow/dags/logs_ecommerce_dag.py     857  0.01s             1           0  0.12s           2026-04-09T13:42:06
/opt/airflow/dags/logs_compaction_dag.py    860  0.01s             1           0  0.12s           2026-04-09T13:42:06
/opt/airflow/dags/dag_sensor.py                                    1           0  0.18s           2026-04-09T13:42:07
/opt/airflow/dags/dag_xcom.py                                      1           0  0.17s           2026-04-09T13:42:07
/opt/airflow/dags/dag_branchement.py                               1           0  0.08s           2026-04-09T13:42:07
================================================================================
[2026-04-09T13:43:07.016+0000] {manager.py:879} INFO - 
================================================================================
DAG File Processing Stats

File Path                                   PID  Runtime      # DAGs    # Errors  Last Runtime    Last Run
----------------------------------------  -----  ---------  --------  ----------  --------------  -------------------
/opt/airflow/dags/logs_ecommerce_dag.py     882  0.01s             1           0  0.17s           2026-04-09T13:42:36
/opt/airflow/dags/logs_compaction_dag.py    885  0.01s             1           0  0.18s           2026-04-09T13:42:36
/opt/airflow/dags/dag_sensor.py                                    1           0  0.12s           2026-04-09T13:42:37
/opt/airflow/dags/dag_xcom.py                                      1           0  0.18s           2026-04-09T13:42:37
/opt/airflow/dags/dag_branchement.py                               1           0  0.12s           2026-04-09T13:42:37
================================================================================
[2026-04-09T13:43:37.456+0000] {manager.py:879} INFO - 
================================================================================
DAG File Processing Stats

File Path                                   PID  Runtime      # DAGs    # Errors  Last Runtime    Last Run
----------------------------------------  -----  ---------  --------  ----------  --------------  -------------------
/opt/airflow/dags/logs_ecommerce_dag.py     907  0.01s             1           0  0.14s           2026-04-09T13:43:07
/opt/airflow/dags/logs_compaction_dag.py    910  0.01s             1           0  0.16s           2026-04-09T13:43:07
/opt/airflow/dags/dag_sensor.py                                    1           0  0.15s           2026-04-09T13:43:08
/opt/airflow/dags/dag_xcom.py                                      1           0  0.12s           2026-04-09T13:43:08
/opt/airflow/dags/dag_branchement.py                               1           0  0.10s           2026-04-09T13:43:08
================================================================================
[2026-04-09T13:44:08.000+0000] {manager.py:879} INFO - 
================================================================================
DAG File Processing Stats

File Path                                   PID  Runtime      # DAGs    # Errors  Last Runtime    Last Run
----------------------------------------  -----  ---------  --------  ----------  --------------  -------------------
/opt/airflow/dags/logs_ecommerce_dag.py     932  0.01s             1           0  0.13s           2026-04-09T13:43:37
/opt/airflow/dags/logs_compaction_dag.py    935  0.01s             1           0  0.13s           2026-04-09T13:43:37
/opt/airflow/dags/dag_sensor.py                                    1           0  0.27s           2026-04-09T13:43:38
/opt/airflow/dags/dag_xcom.py                                      1           0  0.13s           2026-04-09T13:43:38
/opt/airflow/dags/dag_branchement.py                               1           0  0.16s           2026-04-09T13:43:38
================================================================================
[2026-04-09T13:44:38.399+0000] {manager.py:879} INFO - 
================================================================================
DAG File Processing Stats

File Path                                   PID  Runtime      # DAGs    # Errors  Last Runtime    Last Run
----------------------------------------  -----  ---------  --------  ----------  --------------  -------------------
/opt/airflow/dags/logs_ecommerce_dag.py     957  0.03s             1           0  0.13s           2026-04-09T13:44:08
/opt/airflow/dags/logs_compaction_dag.py    960  0.02s             1           0  0.13s           2026-04-09T13:44:08
/opt/airflow/dags/dag_sensor.py                                    1           0  0.10s           2026-04-09T13:44:09
/opt/airflow/dags/dag_xcom.py                                      1           0  0.13s           2026-04-09T13:44:09
/opt/airflow/dags/dag_branchement.py                               1           0  0.09s           2026-04-09T13:44:09
================================================================================
[2026-04-09T13:45:08.731+0000] {manager.py:879} INFO - 
================================================================================
DAG File Processing Stats

File Path                                   PID  Runtime      # DAGs    # Errors  Last Runtime    Last Run
----------------------------------------  -----  ---------  --------  ----------  --------------  -------------------
/opt/airflow/dags/logs_ecommerce_dag.py     982  0.02s             1           0  0.12s           2026-04-09T13:44:38
/opt/airflow/dags/logs_compaction_dag.py    985  0.01s             1           0  0.13s           2026-04-09T13:44:38
/opt/airflow/dags/dag_sensor.py                                    1           0  0.10s           2026-04-09T13:44:39
/opt/airflow/dags/dag_xcom.py                                      1           0  0.11s           2026-04-09T13:44:39
/opt/airflow/dags/dag_branchement.py                               1           0  0.08s           2026-04-09T13:44:39
================================================================================
[2026-04-09T13:45:39.148+0000] {manager.py:879} INFO - 
================================================================================
DAG File Processing Stats

File Path                                   PID  Runtime      # DAGs    # Errors  Last Runtime    Last Run
----------------------------------------  -----  ---------  --------  ----------  --------------  -------------------
/opt/airflow/dags/logs_ecommerce_dag.py    1007  0.01s             1           0  0.13s           2026-04-09T13:45:08
/opt/airflow/dags/logs_compaction_dag.py   1010  0.01s             1           0  0.13s           2026-04-09T13:45:08
/opt/airflow/dags/dag_sensor.py                                    1           0  0.10s           2026-04-09T13:45:09
/opt/airflow/dags/dag_xcom.py                                      1           0  0.16s           2026-04-09T13:45:10
/opt/airflow/dags/dag_branchement.py                               1           0  0.09s           2026-04-09T13:45:10
================================================================================
[2026-04-09T13:46:09.484+0000] {manager.py:879} INFO - 
================================================================================
DAG File Processing Stats

File Path                                   PID  Runtime      # DAGs    # Errors  Last Runtime    Last Run
----------------------------------------  -----  ---------  --------  ----------  --------------  -------------------
/opt/airflow/dags/logs_ecommerce_dag.py    1032  0.01s             1           0  0.12s           2026-04-09T13:45:39
/opt/airflow/dags/logs_compaction_dag.py   1035  0.01s             1           0  0.12s           2026-04-09T13:45:39
/opt/airflow/dags/dag_sensor.py                                    1           0  0.11s           2026-04-09T13:45:40
/opt/airflow/dags/dag_xcom.py                                      1           0  0.10s           2026-04-09T13:45:40
/opt/airflow/dags/dag_branchement.py                               1           0  0.07s           2026-04-09T13:45:40
================================================================================
[2026-04-09T13:46:28.795+0000] {manager.py:738} INFO - Searching for files in /opt/airflow/dags
[2026-04-09T13:46:28.796+0000] {manager.py:741} INFO - There are 5 files in /opt/airflow/dags
[2026-04-09T13:46:39.866+0000] {manager.py:879} INFO - 
================================================================================
DAG File Processing Stats

File Path                                   PID  Runtime      # DAGs    # Errors  Last Runtime    Last Run
----------------------------------------  -----  ---------  --------  ----------  --------------  -------------------
/opt/airflow/dags/logs_ecommerce_dag.py    1057  0.01s             1           0  0.12s           2026-04-09T13:46:09
/opt/airflow/dags/logs_compaction_dag.py   1060  0.01s             1           0  0.12s           2026-04-09T13:46:09
/opt/airflow/dags/dag_sensor.py                                    1           0  0.11s           2026-04-09T13:46:10
/opt/airflow/dags/dag_xcom.py                                      1           0  0.12s           2026-04-09T13:46:10
/opt/airflow/dags/dag_branchement.py                               1           0  0.09s           2026-04-09T13:46:10
================================================================================
[2026-04-09T13:47:10.187+0000] {manager.py:879} INFO - 
================================================================================
DAG File Processing Stats

File Path                                   PID  Runtime      # DAGs    # Errors  Last Runtime    Last Run
----------------------------------------  -----  ---------  --------  ----------  --------------  -------------------
/opt/airflow/dags/logs_ecommerce_dag.py    1082  0.01s             1           0  0.13s           2026-04-09T13:46:39
/opt/airflow/dags/logs_compaction_dag.py   1085  0.01s             1           0  0.12s           2026-04-09T13:46:39
/opt/airflow/dags/dag_sensor.py                                    1           0  0.17s           2026-04-09T13:46:41
/opt/airflow/dags/dag_xcom.py                                      1           0  0.17s           2026-04-09T13:46:41
/opt/airflow/dags/dag_branchement.py                               1           0  0.09s           2026-04-09T13:46:41
================================================================================
[2026-04-09T13:47:40.483+0000] {manager.py:879} INFO - 
================================================================================
DAG File Processing Stats

File Path                                   PID  Runtime      # DAGs    # Errors  Last Runtime    Last Run
----------------------------------------  -----  ---------  --------  ----------  --------------  -------------------
/opt/airflow/dags/logs_ecommerce_dag.py    1107  0.01s             1           0  0.15s           2026-04-09T13:47:10
/opt/airflow/dags/logs_compaction_dag.py   1110  0.01s             1           0  0.14s           2026-04-09T13:47:10
/opt/airflow/dags/dag_sensor.py                                    1           0  0.10s           2026-04-09T13:47:11
/opt/airflow/dags/dag_xcom.py                                      1           0  0.11s           2026-04-09T13:47:11
/opt/airflow/dags/dag_branchement.py                               1           0  0.08s           2026-04-09T13:47:11
================================================================================
[2026-04-09T13:48:10.800+0000] {manager.py:879} INFO - 
================================================================================
DAG File Processing Stats

File Path                                   PID  Runtime      # DAGs    # Errors  Last Runtime    Last Run
----------------------------------------  -----  ---------  --------  ----------  --------------  -------------------
/opt/airflow/dags/logs_ecommerce_dag.py    1132  0.01s             1           0  0.12s           2026-04-09T13:47:40
/opt/airflow/dags/logs_compaction_dag.py   1135  0.01s             1           0  0.12s           2026-04-09T13:47:40
/opt/airflow/dags/dag_sensor.py                                    1           0  0.14s           2026-04-09T13:47:41
/opt/airflow/dags/dag_xcom.py                                      1           0  0.15s           2026-04-09T13:47:41
/opt/airflow/dags/dag_branchement.py                               1           0  0.08s           2026-04-09T13:47:41
================================================================================
[2026-04-09T13:48:41.132+0000] {manager.py:879} INFO - 
================================================================================
DAG File Processing Stats

File Path                                   PID  Runtime      # DAGs    # Errors  Last Runtime    Last Run
----------------------------------------  -----  ---------  --------  ----------  --------------  -------------------
/opt/airflow/dags/logs_ecommerce_dag.py    1157  0.01s             1           0  0.12s           2026-04-09T13:48:10
/opt/airflow/dags/logs_compaction_dag.py   1160  0.01s             1           0  0.13s           2026-04-09T13:48:10
/opt/airflow/dags/dag_sensor.py                                    1           0  0.11s           2026-04-09T13:48:12
/opt/airflow/dags/dag_xcom.py                                      1           0  0.09s           2026-04-09T13:48:12
/opt/airflow/dags/dag_branchement.py                               1           0  0.07s           2026-04-09T13:48:12
================================================================================
[2026-04-09T13:49:11.486+0000] {manager.py:879} INFO - 
================================================================================
DAG File Processing Stats

File Path                                   PID  Runtime      # DAGs    # Errors  Last Runtime    Last Run
----------------------------------------  -----  ---------  --------  ----------  --------------  -------------------
/opt/airflow/dags/logs_ecommerce_dag.py    1182  0.01s             1           0  0.12s           2026-04-09T13:48:41
/opt/airflow/dags/logs_compaction_dag.py   1185  0.01s             1           0  0.12s           2026-04-09T13:48:41
/opt/airflow/dags/dag_sensor.py                                    1           0  0.10s           2026-04-09T13:48:42
/opt/airflow/dags/dag_xcom.py                                      1           0  0.10s           2026-04-09T13:48:42
/opt/airflow/dags/dag_branchement.py                               1           0  0.07s           2026-04-09T13:48:42
================================================================================
[2026-04-09T13:49:41.824+0000] {manager.py:879} INFO - 
================================================================================
DAG File Processing Stats

File Path                                   PID  Runtime      # DAGs    # Errors  Last Runtime    Last Run
----------------------------------------  -----  ---------  --------  ----------  --------------  -------------------
/opt/airflow/dags/logs_ecommerce_dag.py    1207  0.01s             1           0  0.12s           2026-04-09T13:49:11
/opt/airflow/dags/logs_compaction_dag.py   1210  0.01s             1           0  0.12s           2026-04-09T13:49:11
/opt/airflow/dags/dag_sensor.py                                    1           0  0.10s           2026-04-09T13:49:12
/opt/airflow/dags/dag_xcom.py                                      1           0  0.10s           2026-04-09T13:49:12
/opt/airflow/dags/dag_branchement.py                               1           0  0.07s           2026-04-09T13:49:12
================================================================================
[2026-04-09T13:50:12.257+0000] {manager.py:879} INFO - 
================================================================================
DAG File Processing Stats

File Path                                   PID  Runtime      # DAGs    # Errors  Last Runtime    Last Run
----------------------------------------  -----  ---------  --------  ----------  --------------  -------------------
/opt/airflow/dags/logs_ecommerce_dag.py    1232  0.01s             1           0  0.16s           2026-04-09T13:49:41
/opt/airflow/dags/logs_compaction_dag.py   1235  0.01s             1           0  0.14s           2026-04-09T13:49:41
/opt/airflow/dags/dag_sensor.py                                    1           0  0.16s           2026-04-09T13:49:43
/opt/airflow/dags/dag_xcom.py                                      1           0  0.16s           2026-04-09T13:49:43
/opt/airflow/dags/dag_branchement.py                               1           0  0.07s           2026-04-09T13:49:43
================================================================================
[2026-04-09T13:50:42.607+0000] {manager.py:879} INFO - 
================================================================================
DAG File Processing Stats

File Path                                   PID  Runtime      # DAGs    # Errors  Last Runtime    Last Run
----------------------------------------  -----  ---------  --------  ----------  --------------  -------------------
/opt/airflow/dags/logs_ecommerce_dag.py    1257  0.01s             1           0  0.12s           2026-04-09T13:50:12
/opt/airflow/dags/logs_compaction_dag.py   1260  0.00s             1           0  0.13s           2026-04-09T13:50:12
/opt/airflow/dags/dag_sensor.py                                    1           0  0.10s           2026-04-09T13:50:13
/opt/airflow/dags/dag_xcom.py                                      1           0  0.10s           2026-04-09T13:50:13
/opt/airflow/dags/dag_branchement.py                               1           0  0.07s           2026-04-09T13:50:13
================================================================================
[2026-04-09T13:51:12.977+0000] {manager.py:879} INFO - 
================================================================================
DAG File Processing Stats

File Path                                   PID  Runtime      # DAGs    # Errors  Last Runtime    Last Run
----------------------------------------  -----  ---------  --------  ----------  --------------  -------------------
/opt/airflow/dags/logs_ecommerce_dag.py    1282  0.01s             1           0  0.12s           2026-04-09T13:50:42
/opt/airflow/dags/logs_compaction_dag.py   1285  0.01s             1           0  0.12s           2026-04-09T13:50:42
/opt/airflow/dags/dag_sensor.py                                    1           0  0.10s           2026-04-09T13:50:43
/opt/airflow/dags/dag_xcom.py                                      1           0  0.12s           2026-04-09T13:50:43
/opt/airflow/dags/dag_branchement.py                               1           0  0.08s           2026-04-09T13:50:43
================================================================================
[2026-04-09T13:51:29.243+0000] {manager.py:738} INFO - Searching for files in /opt/airflow/dags
[2026-04-09T13:51:29.245+0000] {manager.py:741} INFO - There are 5 files in /opt/airflow/dags
[2026-04-09T13:51:43.323+0000] {manager.py:879} INFO - 
================================================================================
DAG File Processing Stats

File Path                                   PID  Runtime      # DAGs    # Errors  Last Runtime    Last Run
----------------------------------------  -----  ---------  --------  ----------  --------------  -------------------
/opt/airflow/dags/logs_ecommerce_dag.py    1307  0.01s             1           0  0.12s           2026-04-09T13:51:13
/opt/airflow/dags/logs_compaction_dag.py   1310  0.01s             1           0  0.12s           2026-04-09T13:51:13
/opt/airflow/dags/dag_sensor.py                                    1           0  0.10s           2026-04-09T13:51:14
/opt/airflow/dags/dag_xcom.py                                      1           0  0.10s           2026-04-09T13:51:14
/opt/airflow/dags/dag_branchement.py                               1           0  0.07s           2026-04-09T13:51:14
================================================================================
[2026-04-09T13:52:13.727+0000] {manager.py:879} INFO - 
================================================================================
DAG File Processing Stats

File Path                                   PID  Runtime      # DAGs    # Errors  Last Runtime    Last Run
----------------------------------------  -----  ---------  --------  ----------  --------------  -------------------
/opt/airflow/dags/logs_ecommerce_dag.py    1332  0.01s             1           0  0.12s           2026-04-09T13:51:43
/opt/airflow/dags/logs_compaction_dag.py   1335  0.01s             1           0  0.12s           2026-04-09T13:51:43
/opt/airflow/dags/dag_sensor.py                                    1           0  0.17s           2026-04-09T13:51:44
/opt/airflow/dags/dag_xcom.py                                      1           0  0.12s           2026-04-09T13:51:44
/opt/airflow/dags/dag_branchement.py                               1           0  0.09s           2026-04-09T13:51:44
================================================================================
