[2026-04-09T13:36:35.068+0000] {taskinstance.py:1957} INFO - Dependencies all met for dep_context=non-requeueable deps ti=<TaskInstance: logs_ecommerce_dag.analyser_logs_hdfs scheduled__2026-04-08T02:00:00+00:00 [queued]>
[2026-04-09T13:36:35.077+0000] {taskinstance.py:1957} INFO - Dependencies all met for dep_context=requeueable deps ti=<TaskInstance: logs_ecommerce_dag.analyser_logs_hdfs scheduled__2026-04-08T02:00:00+00:00 [queued]>
[2026-04-09T13:36:35.077+0000] {taskinstance.py:2171} INFO - Starting attempt 1 of 2
[2026-04-09T13:36:35.091+0000] {taskinstance.py:2192} INFO - Executing <Task(PythonOperator): analyser_logs_hdfs> on 2026-04-08 02:00:00+00:00
[2026-04-09T13:36:35.098+0000] {standard_task_runner.py:60} INFO - Started process 566 to run task
[2026-04-09T13:36:35.104+0000] {standard_task_runner.py:87} INFO - Running: ['***', 'tasks', 'run', 'logs_ecommerce_dag', 'analyser_logs_hdfs', 'scheduled__2026-04-08T02:00:00+00:00', '--job-id', '23', '--raw', '--subdir', 'DAGS_FOLDER/logs_ecommerce_dag.py', '--cfg-path', '/tmp/tmpdlx4us9h']
[2026-04-09T13:36:35.107+0000] {standard_task_runner.py:88} INFO - Job 23: Subtask analyser_logs_hdfs
[2026-04-09T13:36:35.163+0000] {task_command.py:423} INFO - Running <TaskInstance: logs_ecommerce_dag.analyser_logs_hdfs scheduled__2026-04-08T02:00:00+00:00 [running]> on host 9ccb53d87b16
[2026-04-09T13:36:35.256+0000] {taskinstance.py:2481} INFO - Exporting env vars: AIRFLOW_CTX_DAG_OWNER='***' AIRFLOW_CTX_DAG_ID='logs_ecommerce_dag' AIRFLOW_CTX_TASK_ID='analyser_logs_hdfs' AIRFLOW_CTX_EXECUTION_DATE='2026-04-08T02:00:00+00:00' AIRFLOW_CTX_TRY_NUMBER='1' AIRFLOW_CTX_DAG_RUN_ID='scheduled__2026-04-08T02:00:00+00:00'
[2026-04-09T13:36:35.258+0000] {logs_ecommerce_dag.py:129} INFO - Lecture du fichier HDFS : /data/ecommerce/logs/raw/access_2026-04-08.log
[2026-04-09T13:36:35.514+0000] {logs_ecommerce_dag.py:141} INFO - Nombre total de lignes : 1000
[2026-04-09T13:36:35.518+0000] {logs_ecommerce_dag.py:163} INFO - === STATUS CODES ===
[2026-04-09T13:36:35.518+0000] {logs_ecommerce_dag.py:165} INFO -   200 : 588 requêtes
[2026-04-09T13:36:35.518+0000] {logs_ecommerce_dag.py:165} INFO -   404 : 141 requêtes
[2026-04-09T13:36:35.518+0000] {logs_ecommerce_dag.py:165} INFO -   503 : 103 requêtes
[2026-04-09T13:36:35.519+0000] {logs_ecommerce_dag.py:165} INFO -   500 : 93 requêtes
[2026-04-09T13:36:35.519+0000] {logs_ecommerce_dag.py:165} INFO -   403 : 75 requêtes
[2026-04-09T13:36:35.519+0000] {logs_ecommerce_dag.py:168} INFO - === TOP 5 URLS ===
[2026-04-09T13:36:35.519+0000] {logs_ecommerce_dag.py:171} INFO -   103 : /api/stock/verifier
[2026-04-09T13:36:35.519+0000] {logs_ecommerce_dag.py:171} INFO -   93 : /api/panier/ajouter
[2026-04-09T13:36:35.519+0000] {logs_ecommerce_dag.py:171} INFO -   75 : /admin/dashboard
[2026-04-09T13:36:35.519+0000] {logs_ecommerce_dag.py:171} INFO -   74 : /produit/inexistant-xyz
[2026-04-09T13:36:35.520+0000] {logs_ecommerce_dag.py:171} INFO -   67 : /produit/article-retire-de-vente
[2026-04-09T13:36:35.520+0000] {logs_ecommerce_dag.py:175} INFO - === TAUX ERREUR ===
[2026-04-09T13:36:35.520+0000] {logs_ecommerce_dag.py:176} INFO - Total: 1000, Erreurs: 412 (41.20%)
[2026-04-09T13:36:35.521+0000] {python.py:201} INFO - Done. Returned value was: {'total': 1000, 'erreurs': 412, 'taux_pct': 41.199999999999996}
[2026-04-09T13:36:35.544+0000] {taskinstance.py:1138} INFO - Marking task as SUCCESS. dag_id=logs_ecommerce_dag, task_id=analyser_logs_hdfs, execution_date=20260408T020000, start_date=20260409T133635, end_date=20260409T133635
[2026-04-09T13:36:35.600+0000] {local_task_job_runner.py:234} INFO - Task exited with return code 0
[2026-04-09T13:36:35.625+0000] {taskinstance.py:3281} INFO - 1 downstream tasks scheduled from follow-on schedule check
