[2026-04-09T13:31:29.473+0000] {taskinstance.py:1957} INFO - Dependencies all met for dep_context=non-requeueable deps ti=<TaskInstance: logs_ecommerce_dag.generer_logs_journaliers manual__2026-04-09T13:23:30+00:00 [queued]>
[2026-04-09T13:31:29.496+0000] {taskinstance.py:1957} INFO - Dependencies all met for dep_context=requeueable deps ti=<TaskInstance: logs_ecommerce_dag.generer_logs_journaliers manual__2026-04-09T13:23:30+00:00 [queued]>
[2026-04-09T13:31:29.500+0000] {taskinstance.py:2171} INFO - Starting attempt 1 of 2
[2026-04-09T13:31:29.543+0000] {taskinstance.py:2192} INFO - Executing <Task(PythonOperator): generer_logs_journaliers> on 2026-04-09 13:23:30+00:00
[2026-04-09T13:31:29.584+0000] {standard_task_runner.py:60} INFO - Started process 209 to run task
[2026-04-09T13:31:29.604+0000] {standard_task_runner.py:87} INFO - Running: ['***', 'tasks', 'run', 'logs_ecommerce_dag', 'generer_logs_journaliers', 'manual__2026-04-09T13:23:30+00:00', '--job-id', '4', '--raw', '--subdir', 'DAGS_FOLDER/logs_ecommerce_dag.py', '--cfg-path', '/tmp/tmpt9t4ehaz']
[2026-04-09T13:31:29.608+0000] {standard_task_runner.py:88} INFO - Job 4: Subtask generer_logs_journaliers
[2026-04-09T13:31:29.897+0000] {task_command.py:423} INFO - Running <TaskInstance: logs_ecommerce_dag.generer_logs_journaliers manual__2026-04-09T13:23:30+00:00 [running]> on host 9ccb53d87b16
[2026-04-09T13:31:30.366+0000] {taskinstance.py:2481} INFO - Exporting env vars: AIRFLOW_CTX_DAG_OWNER='***' AIRFLOW_CTX_DAG_ID='logs_ecommerce_dag' AIRFLOW_CTX_TASK_ID='generer_logs_journaliers' AIRFLOW_CTX_EXECUTION_DATE='2026-04-09T13:23:30+00:00' AIRFLOW_CTX_TRY_NUMBER='1' AIRFLOW_CTX_DAG_RUN_ID='manual__2026-04-09T13:23:30+00:00'
[2026-04-09T13:31:30.593+0000] {taskinstance.py:2699} ERROR - Task failed with exception
Traceback (most recent call last):
  File "/home/airflow/.local/lib/python3.8/site-packages/airflow/models/taskinstance.py", line 433, in _execute_task
    result = execute_callable(context=context, **execute_callable_kwargs)
  File "/home/airflow/.local/lib/python3.8/site-packages/airflow/operators/python.py", line 199, in execute
    return_value = self.execute_callable()
  File "/home/airflow/.local/lib/python3.8/site-packages/airflow/operators/python.py", line 216, in execute_callable
    return self.python_callable(*self.op_args, **self.op_kwargs)
  File "/opt/airflow/dags/logs_ecommerce_dag.py", line 52, in generer_logs_journaliers
    result = subprocess.run(
  File "/usr/local/lib/python3.8/subprocess.py", line 516, in run
    raise CalledProcessError(retcode, process.args,
subprocess.CalledProcessError: Command '['python3', '/opt/airflow/scripts/generer_logs.py', '2026-04-09', '1000', '/shared/access_2026-04-09.log']' returned non-zero exit status 1.
[2026-04-09T13:31:30.630+0000] {taskinstance.py:1138} INFO - Marking task as UP_FOR_RETRY. dag_id=logs_ecommerce_dag, task_id=generer_logs_journaliers, execution_date=20260409T132330, start_date=20260409T133129, end_date=20260409T133130
[2026-04-09T13:31:30.675+0000] {standard_task_runner.py:107} ERROR - Failed to execute job 4 for task generer_logs_journaliers (Command '['python3', '/opt/airflow/scripts/generer_logs.py', '2026-04-09', '1000', '/shared/access_2026-04-09.log']' returned non-zero exit status 1.; 209)
[2026-04-09T13:31:30.698+0000] {local_task_job_runner.py:234} INFO - Task exited with return code 1
[2026-04-09T13:31:30.745+0000] {taskinstance.py:3281} INFO - 0 downstream tasks scheduled from follow-on schedule check
