[2026-04-13T08:13:50.503+0000] {taskinstance.py:1956} INFO - Dependencies all met for dep_context=non-requeueable deps ti=<TaskInstance: k8s_pod_operator_demo.hello_pod manual__2026-04-13T08:11:46.804264+00:00 [queued]>
[2026-04-13T08:13:50.508+0000] {taskinstance.py:1956} INFO - Dependencies all met for dep_context=requeueable deps ti=<TaskInstance: k8s_pod_operator_demo.hello_pod manual__2026-04-13T08:11:46.804264+00:00 [queued]>
[2026-04-13T08:13:50.509+0000] {taskinstance.py:2170} INFO - Starting attempt 3 of 3
[2026-04-13T08:13:50.516+0000] {taskinstance.py:2191} INFO - Executing <Task(KubernetesPodOperator): hello_pod> on 2026-04-13 08:11:46.804264+00:00
[2026-04-13T08:13:50.521+0000] {standard_task_runner.py:60} INFO - Started process 695 to run task
[2026-04-13T08:13:50.524+0000] {standard_task_runner.py:87} INFO - Running: ['***', 'tasks', 'run', 'k8s_pod_operator_demo', 'hello_pod', 'manual__2026-04-13T08:11:46.804264+00:00', '--job-id', '19', '--raw', '--subdir', 'DAGS_FOLDER/k8s_pod_operator_dag.py', '--cfg-path', '/tmp/tmp4d85xglb']
[2026-04-13T08:13:50.526+0000] {standard_task_runner.py:88} INFO - Job 19: Subtask hello_pod
[2026-04-13T08:13:50.559+0000] {task_command.py:423} INFO - Running <TaskInstance: k8s_pod_operator_demo.hello_pod manual__2026-04-13T08:11:46.804264+00:00 [running]> on host b53220b8d790
[2026-04-13T08:13:50.605+0000] {taskinstance.py:2480} INFO - Exporting env vars: AIRFLOW_CTX_DAG_OWNER='mohamed' AIRFLOW_CTX_DAG_ID='k8s_pod_operator_demo' AIRFLOW_CTX_TASK_ID='hello_pod' AIRFLOW_CTX_EXECUTION_DATE='2026-04-13T08:11:46.804264+00:00' AIRFLOW_CTX_TRY_NUMBER='3' AIRFLOW_CTX_DAG_RUN_ID='manual__2026-04-13T08:11:46.804264+00:00'
[2026-04-13T08:13:50.609+0000] {pod.py:926} INFO - Building pod hello-pod-t0vttvrr with labels: {'dag_id': 'k8s_pod_operator_demo', 'task_id': 'hello_pod', 'run_id': 'manual__2026-04-13T081146.8042640000-200ae7cb8', 'kubernetes_pod_operator': 'True', 'try_number': '3'}
[2026-04-13T08:13:50.616+0000] {base.py:83} INFO - Using connection ID 'kubernetes_default' for task execution.
[2026-04-13T08:13:50.617+0000] {pod.py:980} ERROR - [Errno 21] Is a directory: '/opt/airflow/.kube/config'
Traceback (most recent call last):
  File "/home/airflow/.local/lib/python3.11/site-packages/airflow/providers/cncf/kubernetes/operators/pod.py", line 539, in execute_sync
    self.pod_request_obj = self.build_pod_request_obj(context)
                           ^^^^^^^^^^^^^^^^^^^^^^^^^^^^^^^^^^^
  File "/home/airflow/.local/lib/python3.11/site-packages/airflow/providers/cncf/kubernetes/operators/pod.py", line 935, in build_pod_request_obj
    "airflow_kpo_in_cluster": str(self.hook.is_in_cluster),
                                  ^^^^^^^^^^^^^^^^^^^^^^^
  File "/home/airflow/.local/lib/python3.11/site-packages/airflow/providers/cncf/kubernetes/hooks/kubernetes.py", line 271, in is_in_cluster
    self.api_client  # so we can determine if we are in_cluster or not
    ^^^^^^^^^^^^^^^
  File "/usr/local/lib/python3.11/functools.py", line 1001, in __get__
    val = self.func(instance)
          ^^^^^^^^^^^^^^^^^^^
  File "/home/airflow/.local/lib/python3.11/site-packages/airflow/providers/cncf/kubernetes/hooks/kubernetes.py", line 279, in api_client
    return self.get_conn()
           ^^^^^^^^^^^^^^^
  File "/home/airflow/.local/lib/python3.11/site-packages/airflow/providers/cncf/kubernetes/hooks/kubernetes.py", line 227, in get_conn
    config.load_kube_config(
  File "/home/airflow/.local/lib/python3.11/site-packages/kubernetes/config/kube_config.py", line 808, in load_kube_config
    loader = _get_kube_config_loader(
             ^^^^^^^^^^^^^^^^^^^^^^^^
  File "/home/airflow/.local/lib/python3.11/site-packages/kubernetes/config/kube_config.py", line 762, in _get_kube_config_loader
    kcfg = KubeConfigMerger(filename)
           ^^^^^^^^^^^^^^^^^^^^^^^^^^
  File "/home/airflow/.local/lib/python3.11/site-packages/kubernetes/config/kube_config.py", line 681, in __init__
    self._load_config_from_file_path(paths)
  File "/home/airflow/.local/lib/python3.11/site-packages/kubernetes/config/kube_config.py", line 706, in _load_config_from_file_path
    self.load_config(path)
  File "/home/airflow/.local/lib/python3.11/site-packages/kubernetes/config/kube_config.py", line 710, in load_config
    with open(path) as f:
         ^^^^^^^^^^
IsADirectoryError: [Errno 21] Is a directory: '/opt/airflow/.kube/config'

During handling of the above exception, another exception occurred:

Traceback (most recent call last):
  File "/home/airflow/.local/lib/python3.11/site-packages/airflow/providers/cncf/kubernetes/operators/pod.py", line 812, in patch_already_checked
    self.client.patch_namespaced_pod(
    ^^^^^^^^^^^
  File "/usr/local/lib/python3.11/functools.py", line 1001, in __get__
    val = self.func(instance)
          ^^^^^^^^^^^^^^^^^^^
  File "/home/airflow/.local/lib/python3.11/site-packages/airflow/providers/cncf/kubernetes/operators/pod.py", line 474, in client
    return self.hook.core_v1_client
           ^^^^^^^^^^^^^^^^^^^^^^^^
  File "/usr/local/lib/python3.11/functools.py", line 1001, in __get__
    val = self.func(instance)
          ^^^^^^^^^^^^^^^^^^^
  File "/home/airflow/.local/lib/python3.11/site-packages/airflow/providers/cncf/kubernetes/hooks/kubernetes.py", line 283, in core_v1_client
    return client.CoreV1Api(api_client=self.api_client)
                                       ^^^^^^^^^^^^^^^
  File "/usr/local/lib/python3.11/functools.py", line 1001, in __get__
    val = self.func(instance)
          ^^^^^^^^^^^^^^^^^^^
  File "/home/airflow/.local/lib/python3.11/site-packages/airflow/providers/cncf/kubernetes/hooks/kubernetes.py", line 279, in api_client
    return self.get_conn()
           ^^^^^^^^^^^^^^^
  File "/home/airflow/.local/lib/python3.11/site-packages/airflow/providers/cncf/kubernetes/hooks/kubernetes.py", line 227, in get_conn
    config.load_kube_config(
  File "/home/airflow/.local/lib/python3.11/site-packages/kubernetes/config/kube_config.py", line 808, in load_kube_config
    loader = _get_kube_config_loader(
             ^^^^^^^^^^^^^^^^^^^^^^^^
  File "/home/airflow/.local/lib/python3.11/site-packages/kubernetes/config/kube_config.py", line 762, in _get_kube_config_loader
    kcfg = KubeConfigMerger(filename)
           ^^^^^^^^^^^^^^^^^^^^^^^^^^
  File "/home/airflow/.local/lib/python3.11/site-packages/kubernetes/config/kube_config.py", line 681, in __init__
    self._load_config_from_file_path(paths)
  File "/home/airflow/.local/lib/python3.11/site-packages/kubernetes/config/kube_config.py", line 706, in _load_config_from_file_path
    self.load_config(path)
  File "/home/airflow/.local/lib/python3.11/site-packages/kubernetes/config/kube_config.py", line 710, in load_config
    with open(path) as f:
         ^^^^^^^^^^
IsADirectoryError: [Errno 21] Is a directory: '/opt/airflow/.kube/config'
[2026-04-13T08:13:50.626+0000] {taskinstance.py:2698} ERROR - Task failed with exception
Traceback (most recent call last):
  File "/home/airflow/.local/lib/python3.11/site-packages/airflow/providers/cncf/kubernetes/operators/pod.py", line 539, in execute_sync
    self.pod_request_obj = self.build_pod_request_obj(context)
                           ^^^^^^^^^^^^^^^^^^^^^^^^^^^^^^^^^^^
  File "/home/airflow/.local/lib/python3.11/site-packages/airflow/providers/cncf/kubernetes/operators/pod.py", line 935, in build_pod_request_obj
    "airflow_kpo_in_cluster": str(self.hook.is_in_cluster),
                                  ^^^^^^^^^^^^^^^^^^^^^^^
  File "/home/airflow/.local/lib/python3.11/site-packages/airflow/providers/cncf/kubernetes/hooks/kubernetes.py", line 271, in is_in_cluster
    self.api_client  # so we can determine if we are in_cluster or not
    ^^^^^^^^^^^^^^^
  File "/usr/local/lib/python3.11/functools.py", line 1001, in __get__
    val = self.func(instance)
          ^^^^^^^^^^^^^^^^^^^
  File "/home/airflow/.local/lib/python3.11/site-packages/airflow/providers/cncf/kubernetes/hooks/kubernetes.py", line 279, in api_client
    return self.get_conn()
           ^^^^^^^^^^^^^^^
  File "/home/airflow/.local/lib/python3.11/site-packages/airflow/providers/cncf/kubernetes/hooks/kubernetes.py", line 227, in get_conn
    config.load_kube_config(
  File "/home/airflow/.local/lib/python3.11/site-packages/kubernetes/config/kube_config.py", line 808, in load_kube_config
    loader = _get_kube_config_loader(
             ^^^^^^^^^^^^^^^^^^^^^^^^
  File "/home/airflow/.local/lib/python3.11/site-packages/kubernetes/config/kube_config.py", line 762, in _get_kube_config_loader
    kcfg = KubeConfigMerger(filename)
           ^^^^^^^^^^^^^^^^^^^^^^^^^^
  File "/home/airflow/.local/lib/python3.11/site-packages/kubernetes/config/kube_config.py", line 681, in __init__
    self._load_config_from_file_path(paths)
  File "/home/airflow/.local/lib/python3.11/site-packages/kubernetes/config/kube_config.py", line 706, in _load_config_from_file_path
    self.load_config(path)
  File "/home/airflow/.local/lib/python3.11/site-packages/kubernetes/config/kube_config.py", line 710, in load_config
    with open(path) as f:
         ^^^^^^^^^^
IsADirectoryError: [Errno 21] Is a directory: '/opt/airflow/.kube/config'

During handling of the above exception, another exception occurred:

Traceback (most recent call last):
  File "/home/airflow/.local/lib/python3.11/site-packages/airflow/models/taskinstance.py", line 433, in _execute_task
    result = execute_callable(context=context, **execute_callable_kwargs)
             ^^^^^^^^^^^^^^^^^^^^^^^^^^^^^^^^^^^^^^^^^^^^^^^^^^^^^^^^^^^^
  File "/home/airflow/.local/lib/python3.11/site-packages/airflow/providers/cncf/kubernetes/operators/pod.py", line 534, in execute
    return self.execute_sync(context)
           ^^^^^^^^^^^^^^^^^^^^^^^^^^
  File "/home/airflow/.local/lib/python3.11/site-packages/airflow/providers/cncf/kubernetes/operators/pod.py", line 574, in execute_sync
    self.cleanup(
  File "/home/airflow/.local/lib/python3.11/site-packages/airflow/providers/cncf/kubernetes/operators/pod.py", line 715, in cleanup
    raise AirflowException(
airflow.exceptions.AirflowException: Pod None returned a failure.
remote_pod: None
[2026-04-13T08:13:50.629+0000] {taskinstance.py:1138} INFO - Marking task as FAILED. dag_id=k8s_pod_operator_demo, task_id=hello_pod, execution_date=20260413T081146, start_date=20260413T081350, end_date=20260413T081350
[2026-04-13T08:13:50.649+0000] {standard_task_runner.py:107} ERROR - Failed to execute job 19 for task hello_pod (Pod None returned a failure.
remote_pod: None; 695)
[2026-04-13T08:13:50.696+0000] {local_task_job_runner.py:234} INFO - Task exited with return code 1
[2026-04-13T08:13:50.715+0000] {taskinstance.py:3280} INFO - 0 downstream tasks scheduled from follow-on schedule check
