[2026-04-08T12:44:43.860+0000] {taskinstance.py:1957} INFO - Dependencies all met for dep_context=non-requeueable deps ti=<TaskInstance: energie_meteo_dag.generer_rapport_energie manual__2026-04-08T12:44:28+00:00 [queued]>
[2026-04-08T12:44:43.870+0000] {taskinstance.py:1957} INFO - Dependencies all met for dep_context=requeueable deps ti=<TaskInstance: energie_meteo_dag.generer_rapport_energie manual__2026-04-08T12:44:28+00:00 [queued]>
[2026-04-08T12:44:43.870+0000] {taskinstance.py:2171} INFO - Starting attempt 1 of 3
[2026-04-08T12:44:43.884+0000] {taskinstance.py:2192} INFO - Executing <Task(PythonOperator): generer_rapport_energie> on 2026-04-08 12:44:28+00:00
[2026-04-08T12:44:43.895+0000] {standard_task_runner.py:60} INFO - Started process 730 to run task
[2026-04-08T12:44:43.908+0000] {standard_task_runner.py:87} INFO - Running: ['***', 'tasks', 'run', 'energie_meteo_dag', 'generer_rapport_energie', 'manual__2026-04-08T12:44:28+00:00', '--job-id', '77', '--raw', '--subdir', 'DAGS_FOLDER/energie_meteo_dag.py', '--cfg-path', '/tmp/tmpuyijd6fz']
[2026-04-08T12:44:43.912+0000] {standard_task_runner.py:88} INFO - Job 77: Subtask generer_rapport_energie
[2026-04-08T12:44:43.965+0000] {task_command.py:423} INFO - Running <TaskInstance: energie_meteo_dag.generer_rapport_energie manual__2026-04-08T12:44:28+00:00 [running]> on host d38f1858f6b8
[2026-04-08T12:44:44.061+0000] {taskinstance.py:2481} INFO - Exporting env vars: AIRFLOW_CTX_DAG_OWNER='rte-data-team' AIRFLOW_CTX_DAG_ID='energie_meteo_dag' AIRFLOW_CTX_TASK_ID='generer_rapport_energie' AIRFLOW_CTX_EXECUTION_DATE='2026-04-08T12:44:28+00:00' AIRFLOW_CTX_TRY_NUMBER='1' AIRFLOW_CTX_DAG_RUN_ID='manual__2026-04-08T12:44:28+00:00'
[2026-04-08T12:44:44.079+0000] {energie_meteo_dag.py:245} INFO - ================================================================================
[2026-04-08T12:44:44.079+0000] {energie_meteo_dag.py:246} INFO - RAPPORT ENERGIE & METEO - RTE - 2026-04-08
[2026-04-08T12:44:44.080+0000] {energie_meteo_dag.py:247} INFO - ================================================================================
[2026-04-08T12:44:44.080+0000] {energie_meteo_dag.py:248} INFO - Region                     Soleil(h)   Vent(km/h)   Solaire(MW)   Eolien(MW)   Statut
[2026-04-08T12:44:44.080+0000] {energie_meteo_dag.py:257} INFO - --------------------------------------------------------------------------------
[2026-04-08T12:44:44.080+0000] {energie_meteo_dag.py:260} INFO - Île-de-France                   12.3          6.6             0            0   ALERTE
[2026-04-08T12:44:44.081+0000] {energie_meteo_dag.py:260} INFO - Occitanie                       12.1         13.5             0            0   ALERTE
[2026-04-08T12:44:44.081+0000] {energie_meteo_dag.py:260} INFO - Nouvelle-Aquitaine              12.4          9.8             0            0   ALERTE
[2026-04-08T12:44:44.082+0000] {energie_meteo_dag.py:260} INFO - Auvergne-Rhône-Alpes            12.6          9.3             0            0   ALERTE
[2026-04-08T12:44:44.082+0000] {energie_meteo_dag.py:260} INFO - Hauts-de-France                 12.1          9.7             0            0   ALERTE
[2026-04-08T12:44:44.082+0000] {energie_meteo_dag.py:270} INFO - ================================================================================
[2026-04-08T12:44:44.083+0000] {energie_meteo_dag.py:288} INFO - Rapport sauvegarde: /tmp/rapport_energie_2026-04-08.json
[2026-04-08T12:44:44.083+0000] {python.py:201} INFO - Done. Returned value was: /tmp/rapport_energie_2026-04-08.json
[2026-04-08T12:44:44.108+0000] {taskinstance.py:1138} INFO - Marking task as SUCCESS. dag_id=energie_meteo_dag, task_id=generer_rapport_energie, execution_date=20260408T124428, start_date=20260408T124443, end_date=20260408T124444
[2026-04-08T12:44:44.163+0000] {local_task_job_runner.py:234} INFO - Task exited with return code 0
[2026-04-08T12:44:44.210+0000] {taskinstance.py:3281} INFO - 0 downstream tasks scheduled from follow-on schedule check
