[2026-04-13T08:11:53.843+0000] {taskinstance.py:1956} INFO - Dependencies all met for dep_context=non-requeueable deps ti=<TaskInstance: helm_monitoring_k8s.generer_rapport_monitoring manual__2026-04-13T08:11:50.411497+00:00 [queued]>
[2026-04-13T08:11:53.851+0000] {taskinstance.py:1956} INFO - Dependencies all met for dep_context=requeueable deps ti=<TaskInstance: helm_monitoring_k8s.generer_rapport_monitoring manual__2026-04-13T08:11:50.411497+00:00 [queued]>
[2026-04-13T08:11:53.852+0000] {taskinstance.py:2170} INFO - Starting attempt 1 of 2
[2026-04-13T08:11:53.863+0000] {taskinstance.py:2191} INFO - Executing <Task(PythonOperator): generer_rapport_monitoring> on 2026-04-13 08:11:50.411497+00:00
[2026-04-13T08:11:53.872+0000] {standard_task_runner.py:60} INFO - Started process 547 to run task
[2026-04-13T08:11:53.876+0000] {standard_task_runner.py:87} INFO - Running: ['***', 'tasks', 'run', 'helm_monitoring_k8s', 'generer_rapport_monitoring', 'manual__2026-04-13T08:11:50.411497+00:00', '--job-id', '17', '--raw', '--subdir', 'DAGS_FOLDER/dag_helm_monitoring.py', '--cfg-path', '/tmp/tmpjcbivh58']
[2026-04-13T08:11:53.879+0000] {standard_task_runner.py:88} INFO - Job 17: Subtask generer_rapport_monitoring
[2026-04-13T08:11:53.918+0000] {task_command.py:423} INFO - Running <TaskInstance: helm_monitoring_k8s.generer_rapport_monitoring manual__2026-04-13T08:11:50.411497+00:00 [running]> on host b53220b8d790
[2026-04-13T08:11:53.970+0000] {taskinstance.py:2480} INFO - Exporting env vars: AIRFLOW_CTX_DAG_OWNER='mohamed' AIRFLOW_CTX_DAG_ID='helm_monitoring_k8s' AIRFLOW_CTX_TASK_ID='generer_rapport_monitoring' AIRFLOW_CTX_EXECUTION_DATE='2026-04-13T08:11:50.411497+00:00' AIRFLOW_CTX_TRY_NUMBER='1' AIRFLOW_CTX_DAG_RUN_ID='manual__2026-04-13T08:11:50.411497+00:00'
[2026-04-13T08:11:53.988+0000] {logging_mixin.py:188} INFO - ============================================================
[2026-04-13T08:11:53.988+0000] {logging_mixin.py:188} INFO -   RAPPORT DE MONITORING
[2026-04-13T08:11:53.989+0000] {logging_mixin.py:188} INFO - ============================================================
[2026-04-13T08:11:53.989+0000] {logging_mixin.py:188} INFO -   Date : 2026-04-13
[2026-04-13T08:11:53.989+0000] {logging_mixin.py:188} INFO -   Executor configuré : KubernetesExecutor
[2026-04-13T08:11:53.989+0000] {logging_mixin.py:188} INFO -   Niveaux monitoring : ***, kubernetes, application
[2026-04-13T08:11:53.990+0000] {logging_mixin.py:188} INFO -   Santé globale : 🟢 OK
[2026-04-13T08:11:53.990+0000] {logging_mixin.py:188} INFO - ============================================================
[2026-04-13T08:11:53.990+0000] {python.py:201} INFO - Done. Returned value was: None
[2026-04-13T08:11:53.995+0000] {taskinstance.py:1138} INFO - Marking task as SUCCESS. dag_id=helm_monitoring_k8s, task_id=generer_rapport_monitoring, execution_date=20260413T081150, start_date=20260413T081153, end_date=20260413T081153
[2026-04-13T08:11:54.009+0000] {local_task_job_runner.py:234} INFO - Task exited with return code 0
[2026-04-13T08:11:54.020+0000] {taskinstance.py:3280} INFO - 0 downstream tasks scheduled from follow-on schedule check
