[2026-04-09T13:36:35.078+0000] {taskinstance.py:1957} INFO - Dependencies all met for dep_context=non-requeueable deps ti=<TaskInstance: logs_ecommerce_dag.analyser_logs_hdfs manual__2026-04-09T13:23:30+00:00 [queued]>
[2026-04-09T13:36:35.087+0000] {taskinstance.py:1957} INFO - Dependencies all met for dep_context=requeueable deps ti=<TaskInstance: logs_ecommerce_dag.analyser_logs_hdfs manual__2026-04-09T13:23:30+00:00 [queued]>
[2026-04-09T13:36:35.087+0000] {taskinstance.py:2171} INFO - Starting attempt 1 of 2
[2026-04-09T13:36:35.104+0000] {taskinstance.py:2192} INFO - Executing <Task(PythonOperator): analyser_logs_hdfs> on 2026-04-09 13:23:30+00:00
[2026-04-09T13:36:35.110+0000] {standard_task_runner.py:60} INFO - Started process 567 to run task
[2026-04-09T13:36:35.115+0000] {standard_task_runner.py:87} INFO - Running: ['***', 'tasks', 'run', 'logs_ecommerce_dag', 'analyser_logs_hdfs', 'manual__2026-04-09T13:23:30+00:00', '--job-id', '24', '--raw', '--subdir', 'DAGS_FOLDER/logs_ecommerce_dag.py', '--cfg-path', '/tmp/tmpqxmsh3kd']
[2026-04-09T13:36:35.118+0000] {standard_task_runner.py:88} INFO - Job 24: Subtask analyser_logs_hdfs
[2026-04-09T13:36:35.173+0000] {task_command.py:423} INFO - Running <TaskInstance: logs_ecommerce_dag.analyser_logs_hdfs manual__2026-04-09T13:23:30+00:00 [running]> on host 9ccb53d87b16
[2026-04-09T13:36:35.259+0000] {taskinstance.py:2481} INFO - Exporting env vars: AIRFLOW_CTX_DAG_OWNER='***' AIRFLOW_CTX_DAG_ID='logs_ecommerce_dag' AIRFLOW_CTX_TASK_ID='analyser_logs_hdfs' AIRFLOW_CTX_EXECUTION_DATE='2026-04-09T13:23:30+00:00' AIRFLOW_CTX_TRY_NUMBER='1' AIRFLOW_CTX_DAG_RUN_ID='manual__2026-04-09T13:23:30+00:00'
[2026-04-09T13:36:35.262+0000] {logs_ecommerce_dag.py:129} INFO - Lecture du fichier HDFS : /data/ecommerce/logs/raw/access_2026-04-09.log
[2026-04-09T13:36:35.528+0000] {logs_ecommerce_dag.py:141} INFO - Nombre total de lignes : 1000
[2026-04-09T13:36:35.532+0000] {logs_ecommerce_dag.py:163} INFO - === STATUS CODES ===
[2026-04-09T13:36:35.532+0000] {logs_ecommerce_dag.py:165} INFO -   200 : 572 requêtes
[2026-04-09T13:36:35.533+0000] {logs_ecommerce_dag.py:165} INFO -   404 : 165 requêtes
[2026-04-09T13:36:35.533+0000] {logs_ecommerce_dag.py:165} INFO -   500 : 98 requêtes
[2026-04-09T13:36:35.533+0000] {logs_ecommerce_dag.py:165} INFO -   503 : 85 requêtes
[2026-04-09T13:36:35.533+0000] {logs_ecommerce_dag.py:165} INFO -   403 : 80 requêtes
[2026-04-09T13:36:35.533+0000] {logs_ecommerce_dag.py:168} INFO - === TOP 5 URLS ===
[2026-04-09T13:36:35.534+0000] {logs_ecommerce_dag.py:171} INFO -   98 : /api/panier/ajouter
[2026-04-09T13:36:35.534+0000] {logs_ecommerce_dag.py:171} INFO -   89 : /produit/article-retire-de-vente
[2026-04-09T13:36:35.534+0000] {logs_ecommerce_dag.py:171} INFO -   85 : /api/stock/verifier
[2026-04-09T13:36:35.534+0000] {logs_ecommerce_dag.py:171} INFO -   80 : /admin/dashboard
[2026-04-09T13:36:35.534+0000] {logs_ecommerce_dag.py:171} INFO -   76 : /produit/inexistant-xyz
[2026-04-09T13:36:35.534+0000] {logs_ecommerce_dag.py:175} INFO - === TAUX ERREUR ===
[2026-04-09T13:36:35.534+0000] {logs_ecommerce_dag.py:176} INFO - Total: 1000, Erreurs: 428 (42.80%)
[2026-04-09T13:36:35.535+0000] {python.py:201} INFO - Done. Returned value was: {'total': 1000, 'erreurs': 428, 'taux_pct': 42.8}
[2026-04-09T13:36:35.558+0000] {taskinstance.py:1138} INFO - Marking task as SUCCESS. dag_id=logs_ecommerce_dag, task_id=analyser_logs_hdfs, execution_date=20260409T132330, start_date=20260409T133635, end_date=20260409T133635
[2026-04-09T13:36:35.611+0000] {local_task_job_runner.py:234} INFO - Task exited with return code 0
[2026-04-09T13:36:35.641+0000] {taskinstance.py:3281} INFO - 1 downstream tasks scheduled from follow-on schedule check
