[2026-04-13T08:34:11.219+0000] {taskinstance.py:1956} INFO - Dependencies all met for dep_context=non-requeueable deps ti=<TaskInstance: k8s_etl_pipeline.transform_donnees manual__2026-04-13T08:34:08+00:00 [queued]>
[2026-04-13T08:34:11.243+0000] {taskinstance.py:1956} INFO - Dependencies all met for dep_context=requeueable deps ti=<TaskInstance: k8s_etl_pipeline.transform_donnees manual__2026-04-13T08:34:08+00:00 [queued]>
[2026-04-13T08:34:11.244+0000] {taskinstance.py:2170} INFO - Starting attempt 1 of 3
[2026-04-13T08:34:11.262+0000] {taskinstance.py:2191} INFO - Executing <Task(PythonOperator): transform_donnees> on 2026-04-13 08:34:08+00:00
[2026-04-13T08:34:11.269+0000] {standard_task_runner.py:60} INFO - Started process 2152 to run task
[2026-04-13T08:34:11.280+0000] {standard_task_runner.py:87} INFO - Running: ['***', 'tasks', 'run', 'k8s_etl_pipeline', 'transform_donnees', 'manual__2026-04-13T08:34:08+00:00', '--job-id', '21', '--raw', '--subdir', 'DAGS_FOLDER/k8s_etl_pipeline_dag.py', '--cfg-path', '/tmp/tmpx_vub2zo']
[2026-04-13T08:34:11.290+0000] {standard_task_runner.py:88} INFO - Job 21: Subtask transform_donnees
[2026-04-13T08:34:11.386+0000] {task_command.py:423} INFO - Running <TaskInstance: k8s_etl_pipeline.transform_donnees manual__2026-04-13T08:34:08+00:00 [running]> on host b53220b8d790
[2026-04-13T08:34:11.471+0000] {taskinstance.py:2480} INFO - Exporting env vars: AIRFLOW_CTX_DAG_OWNER='mohamed' AIRFLOW_CTX_DAG_ID='k8s_etl_pipeline' AIRFLOW_CTX_TASK_ID='transform_donnees' AIRFLOW_CTX_EXECUTION_DATE='2026-04-13T08:34:08+00:00' AIRFLOW_CTX_TRY_NUMBER='1' AIRFLOW_CTX_DAG_RUN_ID='manual__2026-04-13T08:34:08+00:00'
[2026-04-13T08:34:11.487+0000] {logging_mixin.py:188} INFO - 📊 200 transactions lues depuis /tmp/ventes_2026-04-13.csv
[2026-04-13T08:34:11.487+0000] {logging_mixin.py:188} INFO - 
======================================================================
[2026-04-13T08:34:11.488+0000] {logging_mixin.py:188} INFO -   RAPPORT DE TRANSFORMATION — 2026-04-13
[2026-04-13T08:34:11.488+0000] {logging_mixin.py:188} INFO - ======================================================================
[2026-04-13T08:34:11.488+0000] {logging_mixin.py:188} INFO -   Catégorie             Transactions       CA (€)   Panier Moyen
[2026-04-13T08:34:11.488+0000] {logging_mixin.py:188} INFO - ----------------------------------------------------------------------
[2026-04-13T08:34:11.488+0000] {logging_mixin.py:188} INFO -   Alimentation                    38     58494.47        1539.33
[2026-04-13T08:34:11.489+0000] {logging_mixin.py:188} INFO -   Maison                          44     60660.32        1378.64
[2026-04-13T08:34:11.489+0000] {logging_mixin.py:188} INFO -   Sport                           32     56883.20        1777.60
[2026-04-13T08:34:11.489+0000] {logging_mixin.py:188} INFO -   Vêtements                       44     65319.71        1484.54
[2026-04-13T08:34:11.489+0000] {logging_mixin.py:188} INFO -   Électronique                    42     66668.98        1587.36
[2026-04-13T08:34:11.489+0000] {logging_mixin.py:188} INFO - ----------------------------------------------------------------------
[2026-04-13T08:34:11.489+0000] {logging_mixin.py:188} INFO -   TOTAL                          200    308026.68
[2026-04-13T08:34:11.490+0000] {logging_mixin.py:188} INFO - ======================================================================
[2026-04-13T08:34:11.490+0000] {logging_mixin.py:188} INFO - 
✅ Résumé sauvegardé → /tmp/ventes_resume_2026-04-13.json
[2026-04-13T08:34:11.490+0000] {python.py:201} INFO - Done. Returned value was: /tmp/ventes_resume_2026-04-13.json
[2026-04-13T08:34:11.548+0000] {taskinstance.py:1138} INFO - Marking task as SUCCESS. dag_id=k8s_etl_pipeline, task_id=transform_donnees, execution_date=20260413T083408, start_date=20260413T083411, end_date=20260413T083411
[2026-04-13T08:34:11.618+0000] {local_task_job_runner.py:234} INFO - Task exited with return code 0
[2026-04-13T08:34:11.704+0000] {taskinstance.py:3280} INFO - 0 downstream tasks scheduled from follow-on schedule check
