[2026-04-13T08:07:40.054+0000] {taskinstance.py:1956} INFO - Dependencies all met for dep_context=non-requeueable deps ti=<TaskInstance: hello_kubernetes.resume_verification manual__2026-04-13T08:07:37+00:00 [queued]>
[2026-04-13T08:07:40.063+0000] {taskinstance.py:1956} INFO - Dependencies all met for dep_context=requeueable deps ti=<TaskInstance: hello_kubernetes.resume_verification manual__2026-04-13T08:07:37+00:00 [queued]>
[2026-04-13T08:07:40.063+0000] {taskinstance.py:2170} INFO - Starting attempt 1 of 2
[2026-04-13T08:07:40.076+0000] {taskinstance.py:2191} INFO - Executing <Task(PythonOperator): resume_verification> on 2026-04-13 08:07:37+00:00
[2026-04-13T08:07:40.083+0000] {standard_task_runner.py:60} INFO - Started process 233 to run task
[2026-04-13T08:07:40.088+0000] {standard_task_runner.py:87} INFO - Running: ['***', 'tasks', 'run', 'hello_kubernetes', 'resume_verification', 'manual__2026-04-13T08:07:37+00:00', '--job-id', '5', '--raw', '--subdir', 'DAGS_FOLDER/hello_kubernetes_dag.py', '--cfg-path', '/tmp/tmp86hbrshu']
[2026-04-13T08:07:40.090+0000] {standard_task_runner.py:88} INFO - Job 5: Subtask resume_verification
[2026-04-13T08:07:40.138+0000] {task_command.py:423} INFO - Running <TaskInstance: hello_kubernetes.resume_verification manual__2026-04-13T08:07:37+00:00 [running]> on host b53220b8d790
[2026-04-13T08:07:40.236+0000] {taskinstance.py:2480} INFO - Exporting env vars: AIRFLOW_CTX_DAG_OWNER='mohamed' AIRFLOW_CTX_DAG_ID='hello_kubernetes' AIRFLOW_CTX_TASK_ID='resume_verification' AIRFLOW_CTX_EXECUTION_DATE='2026-04-13T08:07:37+00:00' AIRFLOW_CTX_TRY_NUMBER='1' AIRFLOW_CTX_DAG_RUN_ID='manual__2026-04-13T08:07:37+00:00'
[2026-04-13T08:07:40.261+0000] {logging_mixin.py:188} INFO - ============================================================
[2026-04-13T08:07:40.261+0000] {logging_mixin.py:188} INFO -   RÉSUMÉ DES VÉRIFICATIONS
[2026-04-13T08:07:40.261+0000] {logging_mixin.py:188} INFO - ============================================================
[2026-04-13T08:07:40.262+0000] {logging_mixin.py:188} INFO -   Environnement  : ✅ OK
[2026-04-13T08:07:40.262+0000] {logging_mixin.py:188} INFO -   Modules Python : ✅ OK
[2026-04-13T08:07:40.262+0000] {logging_mixin.py:188} INFO -   Cluster K8s    : ⚠️ Non connecté
[2026-04-13T08:07:40.262+0000] {logging_mixin.py:188} INFO - ============================================================
[2026-04-13T08:07:40.262+0000] {logging_mixin.py:188} INFO - 
  🎉 Hello Kubernetes depuis Airflow !
[2026-04-13T08:07:40.262+0000] {python.py:201} INFO - Done. Returned value was: None
[2026-04-13T08:07:40.271+0000] {taskinstance.py:1138} INFO - Marking task as SUCCESS. dag_id=hello_kubernetes, task_id=resume_verification, execution_date=20260413T080737, start_date=20260413T080740, end_date=20260413T080740
[2026-04-13T08:07:40.301+0000] {local_task_job_runner.py:234} INFO - Task exited with return code 0
[2026-04-13T08:07:40.331+0000] {taskinstance.py:3280} INFO - 0 downstream tasks scheduled from follow-on schedule check
