[2026-04-13T08:11:52.745+0000] {taskinstance.py:1956} INFO - Dependencies all met for dep_context=non-requeueable deps ti=<TaskInstance: helm_monitoring_k8s.simuler_healthcheck manual__2026-04-13T08:11:50.411497+00:00 [queued]>
[2026-04-13T08:11:52.756+0000] {taskinstance.py:1956} INFO - Dependencies all met for dep_context=requeueable deps ti=<TaskInstance: helm_monitoring_k8s.simuler_healthcheck manual__2026-04-13T08:11:50.411497+00:00 [queued]>
[2026-04-13T08:11:52.756+0000] {taskinstance.py:2170} INFO - Starting attempt 1 of 2
[2026-04-13T08:11:52.768+0000] {taskinstance.py:2191} INFO - Executing <Task(PythonOperator): simuler_healthcheck> on 2026-04-13 08:11:50.411497+00:00
[2026-04-13T08:11:52.784+0000] {standard_task_runner.py:60} INFO - Started process 545 to run task
[2026-04-13T08:11:52.792+0000] {standard_task_runner.py:87} INFO - Running: ['***', 'tasks', 'run', 'helm_monitoring_k8s', 'simuler_healthcheck', 'manual__2026-04-13T08:11:50.411497+00:00', '--job-id', '16', '--raw', '--subdir', 'DAGS_FOLDER/dag_helm_monitoring.py', '--cfg-path', '/tmp/tmp6giavkek']
[2026-04-13T08:11:52.802+0000] {standard_task_runner.py:88} INFO - Job 16: Subtask simuler_healthcheck
[2026-04-13T08:11:52.975+0000] {task_command.py:423} INFO - Running <TaskInstance: helm_monitoring_k8s.simuler_healthcheck manual__2026-04-13T08:11:50.411497+00:00 [running]> on host b53220b8d790
[2026-04-13T08:11:53.184+0000] {taskinstance.py:2480} INFO - Exporting env vars: AIRFLOW_CTX_DAG_OWNER='mohamed' AIRFLOW_CTX_DAG_ID='helm_monitoring_k8s' AIRFLOW_CTX_TASK_ID='simuler_healthcheck' AIRFLOW_CTX_EXECUTION_DATE='2026-04-13T08:11:50.411497+00:00' AIRFLOW_CTX_TRY_NUMBER='1' AIRFLOW_CTX_DAG_RUN_ID='manual__2026-04-13T08:11:50.411497+00:00'
[2026-04-13T08:11:53.191+0000] {logging_mixin.py:188} INFO - ============================================================
[2026-04-13T08:11:53.193+0000] {logging_mixin.py:188} INFO -   HEALTHCHECK — Vérification de l'état du système
[2026-04-13T08:11:53.193+0000] {logging_mixin.py:188} INFO - ============================================================
[2026-04-13T08:11:53.194+0000] {logging_mixin.py:188} INFO -   ✅ ***_webserver         : OK
[2026-04-13T08:11:53.196+0000] {logging_mixin.py:188} INFO -   ✅ ***_scheduler         : OK
[2026-04-13T08:11:53.196+0000] {logging_mixin.py:188} INFO -   ✅ postgresql                : OK
[2026-04-13T08:11:53.196+0000] {logging_mixin.py:188} INFO -   ✅ kubernetes_api            : OK
[2026-04-13T08:11:53.196+0000] {logging_mixin.py:188} INFO -   ✅ dag_parsing               : OK
[2026-04-13T08:11:53.196+0000] {logging_mixin.py:188} INFO -   ✅ task_execution            : OK
[2026-04-13T08:11:53.197+0000] {logging_mixin.py:188} INFO -   🟢 SYSTÈME OPÉRATIONNEL — Tous les composants fonctionnent
[2026-04-13T08:11:53.197+0000] {logging_mixin.py:188} INFO - ============================================================
[2026-04-13T08:11:53.197+0000] {python.py:201} INFO - Done. Returned value was: {'healthy': True, 'checks': {'airflow_webserver': True, 'airflow_scheduler': True, 'postgresql': True, 'kubernetes_api': True, 'dag_parsing': True, 'task_execution': True}}
[2026-04-13T08:11:53.227+0000] {taskinstance.py:1138} INFO - Marking task as SUCCESS. dag_id=helm_monitoring_k8s, task_id=simuler_healthcheck, execution_date=20260413T081150, start_date=20260413T081152, end_date=20260413T081153
[2026-04-13T08:11:53.277+0000] {local_task_job_runner.py:234} INFO - Task exited with return code 0
[2026-04-13T08:11:53.298+0000] {taskinstance.py:3280} INFO - 1 downstream tasks scheduled from follow-on schedule check
