[2026-04-09T13:31:29.034+0000] {processor.py:161} INFO - Started process (PID=202) to work on /opt/airflow/dags/dag_branchement.py
[2026-04-09T13:31:29.034+0000] {processor.py:830} INFO - Processing file /opt/airflow/dags/dag_branchement.py for tasks to queue
[2026-04-09T13:31:29.044+0000] {logging_mixin.py:188} INFO - [2026-04-09T13:31:29.035+0000] {dagbag.py:538} INFO - Filling up the DagBag from /opt/airflow/dags/dag_branchement.py
[2026-04-09T13:31:29.107+0000] {processor.py:840} INFO - DAG(s) 'dag_branchement' retrieved from /opt/airflow/dags/dag_branchement.py
[2026-04-09T13:31:29.162+0000] {logging_mixin.py:188} INFO - [2026-04-09T13:31:29.158+0000] {dag.py:3033} INFO - Sync 1 DAGs
[2026-04-09T13:31:29.251+0000] {logging_mixin.py:188} INFO - [2026-04-09T13:31:29.246+0000] {dag.py:3820} INFO - Setting next_dagrun for dag_branchement to None, run_after=None
[2026-04-09T13:31:29.380+0000] {processor.py:183} INFO - Processing /opt/airflow/dags/dag_branchement.py took 0.371 seconds
[2026-04-09T13:31:59.823+0000] {processor.py:161} INFO - Started process (PID=249) to work on /opt/airflow/dags/dag_branchement.py
[2026-04-09T13:31:59.825+0000] {processor.py:830} INFO - Processing file /opt/airflow/dags/dag_branchement.py for tasks to queue
[2026-04-09T13:31:59.825+0000] {logging_mixin.py:188} INFO - [2026-04-09T13:31:59.825+0000] {dagbag.py:538} INFO - Filling up the DagBag from /opt/airflow/dags/dag_branchement.py
[2026-04-09T13:31:59.833+0000] {processor.py:840} INFO - DAG(s) 'dag_branchement' retrieved from /opt/airflow/dags/dag_branchement.py
[2026-04-09T13:31:59.924+0000] {logging_mixin.py:188} INFO - [2026-04-09T13:31:59.923+0000] {dag.py:3033} INFO - Sync 1 DAGs
[2026-04-09T13:31:59.932+0000] {logging_mixin.py:188} INFO - [2026-04-09T13:31:59.932+0000] {dag.py:3820} INFO - Setting next_dagrun for dag_branchement to None, run_after=None
[2026-04-09T13:31:59.947+0000] {processor.py:183} INFO - Processing /opt/airflow/dags/dag_branchement.py took 0.128 seconds
[2026-04-09T13:32:30.225+0000] {processor.py:161} INFO - Started process (PID=301) to work on /opt/airflow/dags/dag_branchement.py
[2026-04-09T13:32:30.226+0000] {processor.py:830} INFO - Processing file /opt/airflow/dags/dag_branchement.py for tasks to queue
[2026-04-09T13:32:30.228+0000] {logging_mixin.py:188} INFO - [2026-04-09T13:32:30.227+0000] {dagbag.py:538} INFO - Filling up the DagBag from /opt/airflow/dags/dag_branchement.py
[2026-04-09T13:32:30.242+0000] {processor.py:840} INFO - DAG(s) 'dag_branchement' retrieved from /opt/airflow/dags/dag_branchement.py
[2026-04-09T13:32:30.273+0000] {logging_mixin.py:188} INFO - [2026-04-09T13:32:30.273+0000] {dag.py:3033} INFO - Sync 1 DAGs
[2026-04-09T13:32:30.284+0000] {logging_mixin.py:188} INFO - [2026-04-09T13:32:30.283+0000] {dag.py:3820} INFO - Setting next_dagrun for dag_branchement to None, run_after=None
[2026-04-09T13:32:30.298+0000] {processor.py:183} INFO - Processing /opt/airflow/dags/dag_branchement.py took 0.079 seconds
[2026-04-09T13:33:00.604+0000] {processor.py:161} INFO - Started process (PID=347) to work on /opt/airflow/dags/dag_branchement.py
[2026-04-09T13:33:00.605+0000] {processor.py:830} INFO - Processing file /opt/airflow/dags/dag_branchement.py for tasks to queue
[2026-04-09T13:33:00.608+0000] {logging_mixin.py:188} INFO - [2026-04-09T13:33:00.607+0000] {dagbag.py:538} INFO - Filling up the DagBag from /opt/airflow/dags/dag_branchement.py
[2026-04-09T13:33:00.636+0000] {processor.py:840} INFO - DAG(s) 'dag_branchement' retrieved from /opt/airflow/dags/dag_branchement.py
[2026-04-09T13:33:00.671+0000] {logging_mixin.py:188} INFO - [2026-04-09T13:33:00.671+0000] {dag.py:3033} INFO - Sync 1 DAGs
[2026-04-09T13:33:00.684+0000] {logging_mixin.py:188} INFO - [2026-04-09T13:33:00.684+0000] {dag.py:3820} INFO - Setting next_dagrun for dag_branchement to None, run_after=None
[2026-04-09T13:33:00.700+0000] {processor.py:183} INFO - Processing /opt/airflow/dags/dag_branchement.py took 0.102 seconds
[2026-04-09T13:33:31.018+0000] {processor.py:161} INFO - Started process (PID=374) to work on /opt/airflow/dags/dag_branchement.py
[2026-04-09T13:33:31.019+0000] {processor.py:830} INFO - Processing file /opt/airflow/dags/dag_branchement.py for tasks to queue
[2026-04-09T13:33:31.020+0000] {logging_mixin.py:188} INFO - [2026-04-09T13:33:31.019+0000] {dagbag.py:538} INFO - Filling up the DagBag from /opt/airflow/dags/dag_branchement.py
[2026-04-09T13:33:31.026+0000] {processor.py:840} INFO - DAG(s) 'dag_branchement' retrieved from /opt/airflow/dags/dag_branchement.py
[2026-04-09T13:33:31.049+0000] {logging_mixin.py:188} INFO - [2026-04-09T13:33:31.048+0000] {dag.py:3033} INFO - Sync 1 DAGs
[2026-04-09T13:33:31.058+0000] {logging_mixin.py:188} INFO - [2026-04-09T13:33:31.058+0000] {dag.py:3820} INFO - Setting next_dagrun for dag_branchement to None, run_after=None
[2026-04-09T13:33:31.072+0000] {processor.py:183} INFO - Processing /opt/airflow/dags/dag_branchement.py took 0.057 seconds
[2026-04-09T13:34:01.372+0000] {processor.py:161} INFO - Started process (PID=406) to work on /opt/airflow/dags/dag_branchement.py
[2026-04-09T13:34:01.373+0000] {processor.py:830} INFO - Processing file /opt/airflow/dags/dag_branchement.py for tasks to queue
[2026-04-09T13:34:01.373+0000] {logging_mixin.py:188} INFO - [2026-04-09T13:34:01.373+0000] {dagbag.py:538} INFO - Filling up the DagBag from /opt/airflow/dags/dag_branchement.py
[2026-04-09T13:34:01.380+0000] {processor.py:840} INFO - DAG(s) 'dag_branchement' retrieved from /opt/airflow/dags/dag_branchement.py
[2026-04-09T13:34:01.403+0000] {logging_mixin.py:188} INFO - [2026-04-09T13:34:01.403+0000] {dag.py:3033} INFO - Sync 1 DAGs
[2026-04-09T13:34:01.413+0000] {logging_mixin.py:188} INFO - [2026-04-09T13:34:01.413+0000] {dag.py:3820} INFO - Setting next_dagrun for dag_branchement to None, run_after=None
[2026-04-09T13:34:01.428+0000] {processor.py:183} INFO - Processing /opt/airflow/dags/dag_branchement.py took 0.060 seconds
[2026-04-09T13:34:31.753+0000] {processor.py:161} INFO - Started process (PID=445) to work on /opt/airflow/dags/dag_branchement.py
[2026-04-09T13:34:31.753+0000] {processor.py:830} INFO - Processing file /opt/airflow/dags/dag_branchement.py for tasks to queue
[2026-04-09T13:34:31.754+0000] {logging_mixin.py:188} INFO - [2026-04-09T13:34:31.754+0000] {dagbag.py:538} INFO - Filling up the DagBag from /opt/airflow/dags/dag_branchement.py
[2026-04-09T13:34:31.761+0000] {processor.py:840} INFO - DAG(s) 'dag_branchement' retrieved from /opt/airflow/dags/dag_branchement.py
[2026-04-09T13:34:31.784+0000] {logging_mixin.py:188} INFO - [2026-04-09T13:34:31.784+0000] {dag.py:3033} INFO - Sync 1 DAGs
[2026-04-09T13:34:31.795+0000] {logging_mixin.py:188} INFO - [2026-04-09T13:34:31.795+0000] {dag.py:3820} INFO - Setting next_dagrun for dag_branchement to None, run_after=None
[2026-04-09T13:34:31.816+0000] {processor.py:183} INFO - Processing /opt/airflow/dags/dag_branchement.py took 0.066 seconds
[2026-04-09T13:35:02.113+0000] {processor.py:161} INFO - Started process (PID=470) to work on /opt/airflow/dags/dag_branchement.py
[2026-04-09T13:35:02.114+0000] {processor.py:830} INFO - Processing file /opt/airflow/dags/dag_branchement.py for tasks to queue
[2026-04-09T13:35:02.115+0000] {logging_mixin.py:188} INFO - [2026-04-09T13:35:02.114+0000] {dagbag.py:538} INFO - Filling up the DagBag from /opt/airflow/dags/dag_branchement.py
[2026-04-09T13:35:02.121+0000] {processor.py:840} INFO - DAG(s) 'dag_branchement' retrieved from /opt/airflow/dags/dag_branchement.py
[2026-04-09T13:35:02.144+0000] {logging_mixin.py:188} INFO - [2026-04-09T13:35:02.144+0000] {dag.py:3033} INFO - Sync 1 DAGs
[2026-04-09T13:35:02.154+0000] {logging_mixin.py:188} INFO - [2026-04-09T13:35:02.154+0000] {dag.py:3820} INFO - Setting next_dagrun for dag_branchement to None, run_after=None
[2026-04-09T13:35:02.169+0000] {processor.py:183} INFO - Processing /opt/airflow/dags/dag_branchement.py took 0.059 seconds
[2026-04-09T13:35:32.521+0000] {processor.py:161} INFO - Started process (PID=495) to work on /opt/airflow/dags/dag_branchement.py
[2026-04-09T13:35:32.522+0000] {processor.py:830} INFO - Processing file /opt/airflow/dags/dag_branchement.py for tasks to queue
[2026-04-09T13:35:32.522+0000] {logging_mixin.py:188} INFO - [2026-04-09T13:35:32.522+0000] {dagbag.py:538} INFO - Filling up the DagBag from /opt/airflow/dags/dag_branchement.py
[2026-04-09T13:35:32.529+0000] {processor.py:840} INFO - DAG(s) 'dag_branchement' retrieved from /opt/airflow/dags/dag_branchement.py
[2026-04-09T13:35:32.552+0000] {logging_mixin.py:188} INFO - [2026-04-09T13:35:32.552+0000] {dag.py:3033} INFO - Sync 1 DAGs
[2026-04-09T13:35:32.562+0000] {logging_mixin.py:188} INFO - [2026-04-09T13:35:32.562+0000] {dag.py:3820} INFO - Setting next_dagrun for dag_branchement to None, run_after=None
[2026-04-09T13:35:32.577+0000] {processor.py:183} INFO - Processing /opt/airflow/dags/dag_branchement.py took 0.059 seconds
[2026-04-09T13:36:02.886+0000] {processor.py:161} INFO - Started process (PID=520) to work on /opt/airflow/dags/dag_branchement.py
[2026-04-09T13:36:02.886+0000] {processor.py:830} INFO - Processing file /opt/airflow/dags/dag_branchement.py for tasks to queue
[2026-04-09T13:36:02.887+0000] {logging_mixin.py:188} INFO - [2026-04-09T13:36:02.887+0000] {dagbag.py:538} INFO - Filling up the DagBag from /opt/airflow/dags/dag_branchement.py
[2026-04-09T13:36:02.894+0000] {processor.py:840} INFO - DAG(s) 'dag_branchement' retrieved from /opt/airflow/dags/dag_branchement.py
[2026-04-09T13:36:02.919+0000] {logging_mixin.py:188} INFO - [2026-04-09T13:36:02.919+0000] {dag.py:3033} INFO - Sync 1 DAGs
[2026-04-09T13:36:02.929+0000] {logging_mixin.py:188} INFO - [2026-04-09T13:36:02.929+0000] {dag.py:3820} INFO - Setting next_dagrun for dag_branchement to None, run_after=None
[2026-04-09T13:36:02.944+0000] {processor.py:183} INFO - Processing /opt/airflow/dags/dag_branchement.py took 0.061 seconds
[2026-04-09T13:36:33.312+0000] {processor.py:161} INFO - Started process (PID=555) to work on /opt/airflow/dags/dag_branchement.py
[2026-04-09T13:36:33.312+0000] {processor.py:830} INFO - Processing file /opt/airflow/dags/dag_branchement.py for tasks to queue
[2026-04-09T13:36:33.313+0000] {logging_mixin.py:188} INFO - [2026-04-09T13:36:33.313+0000] {dagbag.py:538} INFO - Filling up the DagBag from /opt/airflow/dags/dag_branchement.py
[2026-04-09T13:36:33.320+0000] {processor.py:840} INFO - DAG(s) 'dag_branchement' retrieved from /opt/airflow/dags/dag_branchement.py
[2026-04-09T13:36:33.344+0000] {logging_mixin.py:188} INFO - [2026-04-09T13:36:33.344+0000] {dag.py:3033} INFO - Sync 1 DAGs
[2026-04-09T13:36:33.354+0000] {logging_mixin.py:188} INFO - [2026-04-09T13:36:33.354+0000] {dag.py:3820} INFO - Setting next_dagrun for dag_branchement to None, run_after=None
[2026-04-09T13:36:33.368+0000] {processor.py:183} INFO - Processing /opt/airflow/dags/dag_branchement.py took 0.060 seconds
[2026-04-09T13:37:03.659+0000] {processor.py:161} INFO - Started process (PID=600) to work on /opt/airflow/dags/dag_branchement.py
[2026-04-09T13:37:03.660+0000] {processor.py:830} INFO - Processing file /opt/airflow/dags/dag_branchement.py for tasks to queue
[2026-04-09T13:37:03.661+0000] {logging_mixin.py:188} INFO - [2026-04-09T13:37:03.660+0000] {dagbag.py:538} INFO - Filling up the DagBag from /opt/airflow/dags/dag_branchement.py
[2026-04-09T13:37:03.668+0000] {processor.py:840} INFO - DAG(s) 'dag_branchement' retrieved from /opt/airflow/dags/dag_branchement.py
[2026-04-09T13:37:03.701+0000] {logging_mixin.py:188} INFO - [2026-04-09T13:37:03.701+0000] {dag.py:3033} INFO - Sync 1 DAGs
[2026-04-09T13:37:03.711+0000] {logging_mixin.py:188} INFO - [2026-04-09T13:37:03.711+0000] {dag.py:3820} INFO - Setting next_dagrun for dag_branchement to None, run_after=None
[2026-04-09T13:37:03.726+0000] {processor.py:183} INFO - Processing /opt/airflow/dags/dag_branchement.py took 0.069 seconds
[2026-04-09T13:37:33.955+0000] {processor.py:161} INFO - Started process (PID=625) to work on /opt/airflow/dags/dag_branchement.py
[2026-04-09T13:37:33.956+0000] {processor.py:830} INFO - Processing file /opt/airflow/dags/dag_branchement.py for tasks to queue
[2026-04-09T13:37:33.956+0000] {logging_mixin.py:188} INFO - [2026-04-09T13:37:33.956+0000] {dagbag.py:538} INFO - Filling up the DagBag from /opt/airflow/dags/dag_branchement.py
[2026-04-09T13:37:33.969+0000] {processor.py:840} INFO - DAG(s) 'dag_branchement' retrieved from /opt/airflow/dags/dag_branchement.py
[2026-04-09T13:37:33.997+0000] {logging_mixin.py:188} INFO - [2026-04-09T13:37:33.996+0000] {dag.py:3033} INFO - Sync 1 DAGs
[2026-04-09T13:37:34.006+0000] {logging_mixin.py:188} INFO - [2026-04-09T13:37:34.006+0000] {dag.py:3820} INFO - Setting next_dagrun for dag_branchement to None, run_after=None
[2026-04-09T13:37:34.021+0000] {processor.py:183} INFO - Processing /opt/airflow/dags/dag_branchement.py took 0.071 seconds
[2026-04-09T13:38:04.311+0000] {processor.py:161} INFO - Started process (PID=650) to work on /opt/airflow/dags/dag_branchement.py
[2026-04-09T13:38:04.312+0000] {processor.py:830} INFO - Processing file /opt/airflow/dags/dag_branchement.py for tasks to queue
[2026-04-09T13:38:04.312+0000] {logging_mixin.py:188} INFO - [2026-04-09T13:38:04.312+0000] {dagbag.py:538} INFO - Filling up the DagBag from /opt/airflow/dags/dag_branchement.py
[2026-04-09T13:38:04.321+0000] {processor.py:840} INFO - DAG(s) 'dag_branchement' retrieved from /opt/airflow/dags/dag_branchement.py
[2026-04-09T13:38:04.352+0000] {logging_mixin.py:188} INFO - [2026-04-09T13:38:04.352+0000] {dag.py:3033} INFO - Sync 1 DAGs
[2026-04-09T13:38:04.362+0000] {logging_mixin.py:188} INFO - [2026-04-09T13:38:04.362+0000] {dag.py:3820} INFO - Setting next_dagrun for dag_branchement to None, run_after=None
[2026-04-09T13:38:04.376+0000] {processor.py:183} INFO - Processing /opt/airflow/dags/dag_branchement.py took 0.069 seconds
[2026-04-09T13:38:34.696+0000] {processor.py:161} INFO - Started process (PID=675) to work on /opt/airflow/dags/dag_branchement.py
[2026-04-09T13:38:34.696+0000] {processor.py:830} INFO - Processing file /opt/airflow/dags/dag_branchement.py for tasks to queue
[2026-04-09T13:38:34.697+0000] {logging_mixin.py:188} INFO - [2026-04-09T13:38:34.697+0000] {dagbag.py:538} INFO - Filling up the DagBag from /opt/airflow/dags/dag_branchement.py
[2026-04-09T13:38:34.704+0000] {processor.py:840} INFO - DAG(s) 'dag_branchement' retrieved from /opt/airflow/dags/dag_branchement.py
[2026-04-09T13:38:34.726+0000] {logging_mixin.py:188} INFO - [2026-04-09T13:38:34.726+0000] {dag.py:3033} INFO - Sync 1 DAGs
[2026-04-09T13:38:34.736+0000] {logging_mixin.py:188} INFO - [2026-04-09T13:38:34.735+0000] {dag.py:3820} INFO - Setting next_dagrun for dag_branchement to None, run_after=None
[2026-04-09T13:38:34.750+0000] {processor.py:183} INFO - Processing /opt/airflow/dags/dag_branchement.py took 0.057 seconds
[2026-04-09T13:39:05.089+0000] {processor.py:161} INFO - Started process (PID=700) to work on /opt/airflow/dags/dag_branchement.py
[2026-04-09T13:39:05.090+0000] {processor.py:830} INFO - Processing file /opt/airflow/dags/dag_branchement.py for tasks to queue
[2026-04-09T13:39:05.090+0000] {logging_mixin.py:188} INFO - [2026-04-09T13:39:05.090+0000] {dagbag.py:538} INFO - Filling up the DagBag from /opt/airflow/dags/dag_branchement.py
[2026-04-09T13:39:05.097+0000] {processor.py:840} INFO - DAG(s) 'dag_branchement' retrieved from /opt/airflow/dags/dag_branchement.py
[2026-04-09T13:39:05.121+0000] {logging_mixin.py:188} INFO - [2026-04-09T13:39:05.120+0000] {dag.py:3033} INFO - Sync 1 DAGs
[2026-04-09T13:39:05.131+0000] {logging_mixin.py:188} INFO - [2026-04-09T13:39:05.131+0000] {dag.py:3820} INFO - Setting next_dagrun for dag_branchement to None, run_after=None
[2026-04-09T13:39:05.145+0000] {processor.py:183} INFO - Processing /opt/airflow/dags/dag_branchement.py took 0.059 seconds
[2026-04-09T13:39:35.444+0000] {processor.py:161} INFO - Started process (PID=725) to work on /opt/airflow/dags/dag_branchement.py
[2026-04-09T13:39:35.445+0000] {processor.py:830} INFO - Processing file /opt/airflow/dags/dag_branchement.py for tasks to queue
[2026-04-09T13:39:35.446+0000] {logging_mixin.py:188} INFO - [2026-04-09T13:39:35.445+0000] {dagbag.py:538} INFO - Filling up the DagBag from /opt/airflow/dags/dag_branchement.py
[2026-04-09T13:39:35.453+0000] {processor.py:840} INFO - DAG(s) 'dag_branchement' retrieved from /opt/airflow/dags/dag_branchement.py
[2026-04-09T13:39:35.475+0000] {logging_mixin.py:188} INFO - [2026-04-09T13:39:35.475+0000] {dag.py:3033} INFO - Sync 1 DAGs
[2026-04-09T13:39:35.485+0000] {logging_mixin.py:188} INFO - [2026-04-09T13:39:35.485+0000] {dag.py:3820} INFO - Setting next_dagrun for dag_branchement to None, run_after=None
[2026-04-09T13:39:35.499+0000] {processor.py:183} INFO - Processing /opt/airflow/dags/dag_branchement.py took 0.059 seconds
[2026-04-09T13:40:05.722+0000] {processor.py:161} INFO - Started process (PID=750) to work on /opt/airflow/dags/dag_branchement.py
[2026-04-09T13:40:05.723+0000] {processor.py:830} INFO - Processing file /opt/airflow/dags/dag_branchement.py for tasks to queue
[2026-04-09T13:40:05.724+0000] {logging_mixin.py:188} INFO - [2026-04-09T13:40:05.723+0000] {dagbag.py:538} INFO - Filling up the DagBag from /opt/airflow/dags/dag_branchement.py
[2026-04-09T13:40:05.731+0000] {processor.py:840} INFO - DAG(s) 'dag_branchement' retrieved from /opt/airflow/dags/dag_branchement.py
[2026-04-09T13:40:05.754+0000] {logging_mixin.py:188} INFO - [2026-04-09T13:40:05.754+0000] {dag.py:3033} INFO - Sync 1 DAGs
[2026-04-09T13:40:05.764+0000] {logging_mixin.py:188} INFO - [2026-04-09T13:40:05.764+0000] {dag.py:3820} INFO - Setting next_dagrun for dag_branchement to None, run_after=None
[2026-04-09T13:40:05.779+0000] {processor.py:183} INFO - Processing /opt/airflow/dags/dag_branchement.py took 0.060 seconds
[2026-04-09T13:40:36.216+0000] {processor.py:161} INFO - Started process (PID=775) to work on /opt/airflow/dags/dag_branchement.py
[2026-04-09T13:40:36.217+0000] {processor.py:830} INFO - Processing file /opt/airflow/dags/dag_branchement.py for tasks to queue
[2026-04-09T13:40:36.218+0000] {logging_mixin.py:188} INFO - [2026-04-09T13:40:36.218+0000] {dagbag.py:538} INFO - Filling up the DagBag from /opt/airflow/dags/dag_branchement.py
[2026-04-09T13:40:36.227+0000] {processor.py:840} INFO - DAG(s) 'dag_branchement' retrieved from /opt/airflow/dags/dag_branchement.py
[2026-04-09T13:40:36.259+0000] {logging_mixin.py:188} INFO - [2026-04-09T13:40:36.258+0000] {dag.py:3033} INFO - Sync 1 DAGs
[2026-04-09T13:40:36.273+0000] {logging_mixin.py:188} INFO - [2026-04-09T13:40:36.272+0000] {dag.py:3820} INFO - Setting next_dagrun for dag_branchement to None, run_after=None
[2026-04-09T13:40:36.291+0000] {processor.py:183} INFO - Processing /opt/airflow/dags/dag_branchement.py took 0.080 seconds
[2026-04-09T13:41:06.597+0000] {processor.py:161} INFO - Started process (PID=800) to work on /opt/airflow/dags/dag_branchement.py
[2026-04-09T13:41:06.597+0000] {processor.py:830} INFO - Processing file /opt/airflow/dags/dag_branchement.py for tasks to queue
[2026-04-09T13:41:06.598+0000] {logging_mixin.py:188} INFO - [2026-04-09T13:41:06.598+0000] {dagbag.py:538} INFO - Filling up the DagBag from /opt/airflow/dags/dag_branchement.py
[2026-04-09T13:41:06.605+0000] {processor.py:840} INFO - DAG(s) 'dag_branchement' retrieved from /opt/airflow/dags/dag_branchement.py
[2026-04-09T13:41:06.628+0000] {logging_mixin.py:188} INFO - [2026-04-09T13:41:06.628+0000] {dag.py:3033} INFO - Sync 1 DAGs
[2026-04-09T13:41:06.638+0000] {logging_mixin.py:188} INFO - [2026-04-09T13:41:06.638+0000] {dag.py:3820} INFO - Setting next_dagrun for dag_branchement to None, run_after=None
[2026-04-09T13:41:06.652+0000] {processor.py:183} INFO - Processing /opt/airflow/dags/dag_branchement.py took 0.058 seconds
[2026-04-09T13:41:37.012+0000] {processor.py:161} INFO - Started process (PID=825) to work on /opt/airflow/dags/dag_branchement.py
[2026-04-09T13:41:37.012+0000] {processor.py:830} INFO - Processing file /opt/airflow/dags/dag_branchement.py for tasks to queue
[2026-04-09T13:41:37.013+0000] {logging_mixin.py:188} INFO - [2026-04-09T13:41:37.013+0000] {dagbag.py:538} INFO - Filling up the DagBag from /opt/airflow/dags/dag_branchement.py
[2026-04-09T13:41:37.020+0000] {processor.py:840} INFO - DAG(s) 'dag_branchement' retrieved from /opt/airflow/dags/dag_branchement.py
[2026-04-09T13:41:37.044+0000] {logging_mixin.py:188} INFO - [2026-04-09T13:41:37.044+0000] {dag.py:3033} INFO - Sync 1 DAGs
[2026-04-09T13:41:37.055+0000] {logging_mixin.py:188} INFO - [2026-04-09T13:41:37.054+0000] {dag.py:3820} INFO - Setting next_dagrun for dag_branchement to None, run_after=None
[2026-04-09T13:41:37.069+0000] {processor.py:183} INFO - Processing /opt/airflow/dags/dag_branchement.py took 0.061 seconds
[2026-04-09T13:42:07.423+0000] {processor.py:161} INFO - Started process (PID=852) to work on /opt/airflow/dags/dag_branchement.py
[2026-04-09T13:42:07.424+0000] {processor.py:830} INFO - Processing file /opt/airflow/dags/dag_branchement.py for tasks to queue
[2026-04-09T13:42:07.424+0000] {logging_mixin.py:188} INFO - [2026-04-09T13:42:07.424+0000] {dagbag.py:538} INFO - Filling up the DagBag from /opt/airflow/dags/dag_branchement.py
[2026-04-09T13:42:07.431+0000] {processor.py:840} INFO - DAG(s) 'dag_branchement' retrieved from /opt/airflow/dags/dag_branchement.py
[2026-04-09T13:42:07.455+0000] {logging_mixin.py:188} INFO - [2026-04-09T13:42:07.455+0000] {dag.py:3033} INFO - Sync 1 DAGs
[2026-04-09T13:42:07.465+0000] {logging_mixin.py:188} INFO - [2026-04-09T13:42:07.465+0000] {dag.py:3820} INFO - Setting next_dagrun for dag_branchement to None, run_after=None
[2026-04-09T13:42:07.481+0000] {processor.py:183} INFO - Processing /opt/airflow/dags/dag_branchement.py took 0.061 seconds
[2026-04-09T13:42:37.857+0000] {processor.py:161} INFO - Started process (PID=875) to work on /opt/airflow/dags/dag_branchement.py
[2026-04-09T13:42:37.859+0000] {processor.py:830} INFO - Processing file /opt/airflow/dags/dag_branchement.py for tasks to queue
[2026-04-09T13:42:37.861+0000] {logging_mixin.py:188} INFO - [2026-04-09T13:42:37.861+0000] {dagbag.py:538} INFO - Filling up the DagBag from /opt/airflow/dags/dag_branchement.py
[2026-04-09T13:42:37.885+0000] {processor.py:840} INFO - DAG(s) 'dag_branchement' retrieved from /opt/airflow/dags/dag_branchement.py
[2026-04-09T13:42:37.914+0000] {logging_mixin.py:188} INFO - [2026-04-09T13:42:37.914+0000] {dag.py:3033} INFO - Sync 1 DAGs
[2026-04-09T13:42:37.924+0000] {logging_mixin.py:188} INFO - [2026-04-09T13:42:37.924+0000] {dag.py:3820} INFO - Setting next_dagrun for dag_branchement to None, run_after=None
[2026-04-09T13:42:37.938+0000] {processor.py:183} INFO - Processing /opt/airflow/dags/dag_branchement.py took 0.090 seconds
[2026-04-09T13:43:08.314+0000] {processor.py:161} INFO - Started process (PID=902) to work on /opt/airflow/dags/dag_branchement.py
[2026-04-09T13:43:08.315+0000] {processor.py:830} INFO - Processing file /opt/airflow/dags/dag_branchement.py for tasks to queue
[2026-04-09T13:43:08.316+0000] {logging_mixin.py:188} INFO - [2026-04-09T13:43:08.315+0000] {dagbag.py:538} INFO - Filling up the DagBag from /opt/airflow/dags/dag_branchement.py
[2026-04-09T13:43:08.326+0000] {processor.py:840} INFO - DAG(s) 'dag_branchement' retrieved from /opt/airflow/dags/dag_branchement.py
[2026-04-09T13:43:08.360+0000] {logging_mixin.py:188} INFO - [2026-04-09T13:43:08.359+0000] {dag.py:3033} INFO - Sync 1 DAGs
[2026-04-09T13:43:08.370+0000] {logging_mixin.py:188} INFO - [2026-04-09T13:43:08.370+0000] {dag.py:3820} INFO - Setting next_dagrun for dag_branchement to None, run_after=None
[2026-04-09T13:43:08.384+0000] {processor.py:183} INFO - Processing /opt/airflow/dags/dag_branchement.py took 0.075 seconds
[2026-04-09T13:43:38.737+0000] {processor.py:161} INFO - Started process (PID=925) to work on /opt/airflow/dags/dag_branchement.py
[2026-04-09T13:43:38.738+0000] {processor.py:830} INFO - Processing file /opt/airflow/dags/dag_branchement.py for tasks to queue
[2026-04-09T13:43:38.739+0000] {logging_mixin.py:188} INFO - [2026-04-09T13:43:38.739+0000] {dagbag.py:538} INFO - Filling up the DagBag from /opt/airflow/dags/dag_branchement.py
[2026-04-09T13:43:38.749+0000] {processor.py:840} INFO - DAG(s) 'dag_branchement' retrieved from /opt/airflow/dags/dag_branchement.py
[2026-04-09T13:43:38.801+0000] {logging_mixin.py:188} INFO - [2026-04-09T13:43:38.801+0000] {dag.py:3033} INFO - Sync 1 DAGs
[2026-04-09T13:43:38.823+0000] {logging_mixin.py:188} INFO - [2026-04-09T13:43:38.823+0000] {dag.py:3820} INFO - Setting next_dagrun for dag_branchement to None, run_after=None
[2026-04-09T13:43:38.859+0000] {processor.py:183} INFO - Processing /opt/airflow/dags/dag_branchement.py took 0.126 seconds
[2026-04-09T13:44:09.243+0000] {processor.py:161} INFO - Started process (PID=950) to work on /opt/airflow/dags/dag_branchement.py
[2026-04-09T13:44:09.244+0000] {processor.py:830} INFO - Processing file /opt/airflow/dags/dag_branchement.py for tasks to queue
[2026-04-09T13:44:09.244+0000] {logging_mixin.py:188} INFO - [2026-04-09T13:44:09.244+0000] {dagbag.py:538} INFO - Filling up the DagBag from /opt/airflow/dags/dag_branchement.py
[2026-04-09T13:44:09.254+0000] {processor.py:840} INFO - DAG(s) 'dag_branchement' retrieved from /opt/airflow/dags/dag_branchement.py
[2026-04-09T13:44:09.277+0000] {logging_mixin.py:188} INFO - [2026-04-09T13:44:09.277+0000] {dag.py:3033} INFO - Sync 1 DAGs
[2026-04-09T13:44:09.286+0000] {logging_mixin.py:188} INFO - [2026-04-09T13:44:09.286+0000] {dag.py:3820} INFO - Setting next_dagrun for dag_branchement to None, run_after=None
[2026-04-09T13:44:09.301+0000] {processor.py:183} INFO - Processing /opt/airflow/dags/dag_branchement.py took 0.062 seconds
[2026-04-09T13:44:39.613+0000] {processor.py:161} INFO - Started process (PID=977) to work on /opt/airflow/dags/dag_branchement.py
[2026-04-09T13:44:39.614+0000] {processor.py:830} INFO - Processing file /opt/airflow/dags/dag_branchement.py for tasks to queue
[2026-04-09T13:44:39.615+0000] {logging_mixin.py:188} INFO - [2026-04-09T13:44:39.614+0000] {dagbag.py:538} INFO - Filling up the DagBag from /opt/airflow/dags/dag_branchement.py
[2026-04-09T13:44:39.622+0000] {processor.py:840} INFO - DAG(s) 'dag_branchement' retrieved from /opt/airflow/dags/dag_branchement.py
[2026-04-09T13:44:39.645+0000] {logging_mixin.py:188} INFO - [2026-04-09T13:44:39.645+0000] {dag.py:3033} INFO - Sync 1 DAGs
[2026-04-09T13:44:39.655+0000] {logging_mixin.py:188} INFO - [2026-04-09T13:44:39.655+0000] {dag.py:3820} INFO - Setting next_dagrun for dag_branchement to None, run_after=None
[2026-04-09T13:44:39.669+0000] {processor.py:183} INFO - Processing /opt/airflow/dags/dag_branchement.py took 0.059 seconds
[2026-04-09T13:45:09.968+0000] {processor.py:161} INFO - Started process (PID=1000) to work on /opt/airflow/dags/dag_branchement.py
[2026-04-09T13:45:09.969+0000] {processor.py:830} INFO - Processing file /opt/airflow/dags/dag_branchement.py for tasks to queue
[2026-04-09T13:45:09.970+0000] {logging_mixin.py:188} INFO - [2026-04-09T13:45:09.970+0000] {dagbag.py:538} INFO - Filling up the DagBag from /opt/airflow/dags/dag_branchement.py
[2026-04-09T13:45:09.980+0000] {processor.py:840} INFO - DAG(s) 'dag_branchement' retrieved from /opt/airflow/dags/dag_branchement.py
[2026-04-09T13:45:10.014+0000] {logging_mixin.py:188} INFO - [2026-04-09T13:45:10.014+0000] {dag.py:3033} INFO - Sync 1 DAGs
[2026-04-09T13:45:10.024+0000] {logging_mixin.py:188} INFO - [2026-04-09T13:45:10.024+0000] {dag.py:3820} INFO - Setting next_dagrun for dag_branchement to None, run_after=None
[2026-04-09T13:45:10.038+0000] {processor.py:183} INFO - Processing /opt/airflow/dags/dag_branchement.py took 0.074 seconds
[2026-04-09T13:45:40.373+0000] {processor.py:161} INFO - Started process (PID=1027) to work on /opt/airflow/dags/dag_branchement.py
[2026-04-09T13:45:40.374+0000] {processor.py:830} INFO - Processing file /opt/airflow/dags/dag_branchement.py for tasks to queue
[2026-04-09T13:45:40.374+0000] {logging_mixin.py:188} INFO - [2026-04-09T13:45:40.374+0000] {dagbag.py:538} INFO - Filling up the DagBag from /opt/airflow/dags/dag_branchement.py
[2026-04-09T13:45:40.381+0000] {processor.py:840} INFO - DAG(s) 'dag_branchement' retrieved from /opt/airflow/dags/dag_branchement.py
[2026-04-09T13:45:40.405+0000] {logging_mixin.py:188} INFO - [2026-04-09T13:45:40.405+0000] {dag.py:3033} INFO - Sync 1 DAGs
[2026-04-09T13:45:40.415+0000] {logging_mixin.py:188} INFO - [2026-04-09T13:45:40.415+0000] {dag.py:3820} INFO - Setting next_dagrun for dag_branchement to None, run_after=None
[2026-04-09T13:45:40.430+0000] {processor.py:183} INFO - Processing /opt/airflow/dags/dag_branchement.py took 0.060 seconds
[2026-04-09T13:46:10.732+0000] {processor.py:161} INFO - Started process (PID=1052) to work on /opt/airflow/dags/dag_branchement.py
[2026-04-09T13:46:10.733+0000] {processor.py:830} INFO - Processing file /opt/airflow/dags/dag_branchement.py for tasks to queue
[2026-04-09T13:46:10.733+0000] {logging_mixin.py:188} INFO - [2026-04-09T13:46:10.733+0000] {dagbag.py:538} INFO - Filling up the DagBag from /opt/airflow/dags/dag_branchement.py
[2026-04-09T13:46:10.744+0000] {processor.py:840} INFO - DAG(s) 'dag_branchement' retrieved from /opt/airflow/dags/dag_branchement.py
[2026-04-09T13:46:10.770+0000] {logging_mixin.py:188} INFO - [2026-04-09T13:46:10.770+0000] {dag.py:3033} INFO - Sync 1 DAGs
[2026-04-09T13:46:10.780+0000] {logging_mixin.py:188} INFO - [2026-04-09T13:46:10.780+0000] {dag.py:3820} INFO - Setting next_dagrun for dag_branchement to None, run_after=None
[2026-04-09T13:46:10.794+0000] {processor.py:183} INFO - Processing /opt/airflow/dags/dag_branchement.py took 0.069 seconds
[2026-04-09T13:46:41.075+0000] {processor.py:161} INFO - Started process (PID=1077) to work on /opt/airflow/dags/dag_branchement.py
[2026-04-09T13:46:41.076+0000] {processor.py:830} INFO - Processing file /opt/airflow/dags/dag_branchement.py for tasks to queue
[2026-04-09T13:46:41.077+0000] {logging_mixin.py:188} INFO - [2026-04-09T13:46:41.076+0000] {dagbag.py:538} INFO - Filling up the DagBag from /opt/airflow/dags/dag_branchement.py
[2026-04-09T13:46:41.083+0000] {processor.py:840} INFO - DAG(s) 'dag_branchement' retrieved from /opt/airflow/dags/dag_branchement.py
[2026-04-09T13:46:41.106+0000] {logging_mixin.py:188} INFO - [2026-04-09T13:46:41.106+0000] {dag.py:3033} INFO - Sync 1 DAGs
[2026-04-09T13:46:41.123+0000] {logging_mixin.py:188} INFO - [2026-04-09T13:46:41.122+0000] {dag.py:3820} INFO - Setting next_dagrun for dag_branchement to None, run_after=None
[2026-04-09T13:46:41.143+0000] {processor.py:183} INFO - Processing /opt/airflow/dags/dag_branchement.py took 0.071 seconds
[2026-04-09T13:47:11.367+0000] {processor.py:161} INFO - Started process (PID=1102) to work on /opt/airflow/dags/dag_branchement.py
[2026-04-09T13:47:11.367+0000] {processor.py:830} INFO - Processing file /opt/airflow/dags/dag_branchement.py for tasks to queue
[2026-04-09T13:47:11.368+0000] {logging_mixin.py:188} INFO - [2026-04-09T13:47:11.368+0000] {dagbag.py:538} INFO - Filling up the DagBag from /opt/airflow/dags/dag_branchement.py
[2026-04-09T13:47:11.376+0000] {processor.py:840} INFO - DAG(s) 'dag_branchement' retrieved from /opt/airflow/dags/dag_branchement.py
[2026-04-09T13:47:11.399+0000] {logging_mixin.py:188} INFO - [2026-04-09T13:47:11.399+0000] {dag.py:3033} INFO - Sync 1 DAGs
[2026-04-09T13:47:11.408+0000] {logging_mixin.py:188} INFO - [2026-04-09T13:47:11.408+0000] {dag.py:3820} INFO - Setting next_dagrun for dag_branchement to None, run_after=None
[2026-04-09T13:47:11.422+0000] {processor.py:183} INFO - Processing /opt/airflow/dags/dag_branchement.py took 0.059 seconds
[2026-04-09T13:47:41.684+0000] {processor.py:161} INFO - Started process (PID=1127) to work on /opt/airflow/dags/dag_branchement.py
[2026-04-09T13:47:41.685+0000] {processor.py:830} INFO - Processing file /opt/airflow/dags/dag_branchement.py for tasks to queue
[2026-04-09T13:47:41.686+0000] {logging_mixin.py:188} INFO - [2026-04-09T13:47:41.686+0000] {dagbag.py:538} INFO - Filling up the DagBag from /opt/airflow/dags/dag_branchement.py
[2026-04-09T13:47:41.696+0000] {processor.py:840} INFO - DAG(s) 'dag_branchement' retrieved from /opt/airflow/dags/dag_branchement.py
[2026-04-09T13:47:41.719+0000] {logging_mixin.py:188} INFO - [2026-04-09T13:47:41.719+0000] {dag.py:3033} INFO - Sync 1 DAGs
[2026-04-09T13:47:41.728+0000] {logging_mixin.py:188} INFO - [2026-04-09T13:47:41.728+0000] {dag.py:3820} INFO - Setting next_dagrun for dag_branchement to None, run_after=None
[2026-04-09T13:47:41.742+0000] {processor.py:183} INFO - Processing /opt/airflow/dags/dag_branchement.py took 0.062 seconds
[2026-04-09T13:48:12.018+0000] {processor.py:161} INFO - Started process (PID=1152) to work on /opt/airflow/dags/dag_branchement.py
[2026-04-09T13:48:12.018+0000] {processor.py:830} INFO - Processing file /opt/airflow/dags/dag_branchement.py for tasks to queue
[2026-04-09T13:48:12.019+0000] {logging_mixin.py:188} INFO - [2026-04-09T13:48:12.019+0000] {dagbag.py:538} INFO - Filling up the DagBag from /opt/airflow/dags/dag_branchement.py
[2026-04-09T13:48:12.025+0000] {processor.py:840} INFO - DAG(s) 'dag_branchement' retrieved from /opt/airflow/dags/dag_branchement.py
[2026-04-09T13:48:12.049+0000] {logging_mixin.py:188} INFO - [2026-04-09T13:48:12.049+0000] {dag.py:3033} INFO - Sync 1 DAGs
[2026-04-09T13:48:12.058+0000] {logging_mixin.py:188} INFO - [2026-04-09T13:48:12.058+0000] {dag.py:3820} INFO - Setting next_dagrun for dag_branchement to None, run_after=None
[2026-04-09T13:48:12.072+0000] {processor.py:183} INFO - Processing /opt/airflow/dags/dag_branchement.py took 0.057 seconds
[2026-04-09T13:48:42.355+0000] {processor.py:161} INFO - Started process (PID=1177) to work on /opt/airflow/dags/dag_branchement.py
[2026-04-09T13:48:42.356+0000] {processor.py:830} INFO - Processing file /opt/airflow/dags/dag_branchement.py for tasks to queue
[2026-04-09T13:48:42.356+0000] {logging_mixin.py:188} INFO - [2026-04-09T13:48:42.356+0000] {dagbag.py:538} INFO - Filling up the DagBag from /opt/airflow/dags/dag_branchement.py
[2026-04-09T13:48:42.363+0000] {processor.py:840} INFO - DAG(s) 'dag_branchement' retrieved from /opt/airflow/dags/dag_branchement.py
[2026-04-09T13:48:42.384+0000] {logging_mixin.py:188} INFO - [2026-04-09T13:48:42.384+0000] {dag.py:3033} INFO - Sync 1 DAGs
[2026-04-09T13:48:42.393+0000] {logging_mixin.py:188} INFO - [2026-04-09T13:48:42.393+0000] {dag.py:3820} INFO - Setting next_dagrun for dag_branchement to None, run_after=None
[2026-04-09T13:48:42.407+0000] {processor.py:183} INFO - Processing /opt/airflow/dags/dag_branchement.py took 0.055 seconds
[2026-04-09T13:49:12.705+0000] {processor.py:161} INFO - Started process (PID=1202) to work on /opt/airflow/dags/dag_branchement.py
[2026-04-09T13:49:12.706+0000] {processor.py:830} INFO - Processing file /opt/airflow/dags/dag_branchement.py for tasks to queue
[2026-04-09T13:49:12.707+0000] {logging_mixin.py:188} INFO - [2026-04-09T13:49:12.706+0000] {dagbag.py:538} INFO - Filling up the DagBag from /opt/airflow/dags/dag_branchement.py
[2026-04-09T13:49:12.713+0000] {processor.py:840} INFO - DAG(s) 'dag_branchement' retrieved from /opt/airflow/dags/dag_branchement.py
[2026-04-09T13:49:12.735+0000] {logging_mixin.py:188} INFO - [2026-04-09T13:49:12.735+0000] {dag.py:3033} INFO - Sync 1 DAGs
[2026-04-09T13:49:12.744+0000] {logging_mixin.py:188} INFO - [2026-04-09T13:49:12.744+0000] {dag.py:3820} INFO - Setting next_dagrun for dag_branchement to None, run_after=None
[2026-04-09T13:49:12.758+0000] {processor.py:183} INFO - Processing /opt/airflow/dags/dag_branchement.py took 0.055 seconds
[2026-04-09T13:49:43.136+0000] {processor.py:161} INFO - Started process (PID=1227) to work on /opt/airflow/dags/dag_branchement.py
[2026-04-09T13:49:43.137+0000] {processor.py:830} INFO - Processing file /opt/airflow/dags/dag_branchement.py for tasks to queue
[2026-04-09T13:49:43.137+0000] {logging_mixin.py:188} INFO - [2026-04-09T13:49:43.137+0000] {dagbag.py:538} INFO - Filling up the DagBag from /opt/airflow/dags/dag_branchement.py
[2026-04-09T13:49:43.144+0000] {processor.py:840} INFO - DAG(s) 'dag_branchement' retrieved from /opt/airflow/dags/dag_branchement.py
[2026-04-09T13:49:43.166+0000] {logging_mixin.py:188} INFO - [2026-04-09T13:49:43.166+0000] {dag.py:3033} INFO - Sync 1 DAGs
[2026-04-09T13:49:43.177+0000] {logging_mixin.py:188} INFO - [2026-04-09T13:49:43.176+0000] {dag.py:3820} INFO - Setting next_dagrun for dag_branchement to None, run_after=None
[2026-04-09T13:49:43.191+0000] {processor.py:183} INFO - Processing /opt/airflow/dags/dag_branchement.py took 0.058 seconds
[2026-04-09T13:50:13.485+0000] {processor.py:161} INFO - Started process (PID=1252) to work on /opt/airflow/dags/dag_branchement.py
[2026-04-09T13:50:13.486+0000] {processor.py:830} INFO - Processing file /opt/airflow/dags/dag_branchement.py for tasks to queue
[2026-04-09T13:50:13.487+0000] {logging_mixin.py:188} INFO - [2026-04-09T13:50:13.486+0000] {dagbag.py:538} INFO - Filling up the DagBag from /opt/airflow/dags/dag_branchement.py
[2026-04-09T13:50:13.493+0000] {processor.py:840} INFO - DAG(s) 'dag_branchement' retrieved from /opt/airflow/dags/dag_branchement.py
[2026-04-09T13:50:13.516+0000] {logging_mixin.py:188} INFO - [2026-04-09T13:50:13.516+0000] {dag.py:3033} INFO - Sync 1 DAGs
[2026-04-09T13:50:13.526+0000] {logging_mixin.py:188} INFO - [2026-04-09T13:50:13.526+0000] {dag.py:3820} INFO - Setting next_dagrun for dag_branchement to None, run_after=None
[2026-04-09T13:50:13.540+0000] {processor.py:183} INFO - Processing /opt/airflow/dags/dag_branchement.py took 0.057 seconds
[2026-04-09T13:50:43.837+0000] {processor.py:161} INFO - Started process (PID=1275) to work on /opt/airflow/dags/dag_branchement.py
[2026-04-09T13:50:43.838+0000] {processor.py:830} INFO - Processing file /opt/airflow/dags/dag_branchement.py for tasks to queue
[2026-04-09T13:50:43.838+0000] {logging_mixin.py:188} INFO - [2026-04-09T13:50:43.838+0000] {dagbag.py:538} INFO - Filling up the DagBag from /opt/airflow/dags/dag_branchement.py
[2026-04-09T13:50:43.848+0000] {processor.py:840} INFO - DAG(s) 'dag_branchement' retrieved from /opt/airflow/dags/dag_branchement.py
[2026-04-09T13:50:43.871+0000] {logging_mixin.py:188} INFO - [2026-04-09T13:50:43.871+0000] {dag.py:3033} INFO - Sync 1 DAGs
[2026-04-09T13:50:43.881+0000] {logging_mixin.py:188} INFO - [2026-04-09T13:50:43.881+0000] {dag.py:3820} INFO - Setting next_dagrun for dag_branchement to None, run_after=None
[2026-04-09T13:50:43.895+0000] {processor.py:183} INFO - Processing /opt/airflow/dags/dag_branchement.py took 0.062 seconds
[2026-04-09T13:51:14.197+0000] {processor.py:161} INFO - Started process (PID=1302) to work on /opt/airflow/dags/dag_branchement.py
[2026-04-09T13:51:14.198+0000] {processor.py:830} INFO - Processing file /opt/airflow/dags/dag_branchement.py for tasks to queue
[2026-04-09T13:51:14.198+0000] {logging_mixin.py:188} INFO - [2026-04-09T13:51:14.198+0000] {dagbag.py:538} INFO - Filling up the DagBag from /opt/airflow/dags/dag_branchement.py
[2026-04-09T13:51:14.205+0000] {processor.py:840} INFO - DAG(s) 'dag_branchement' retrieved from /opt/airflow/dags/dag_branchement.py
[2026-04-09T13:51:14.229+0000] {logging_mixin.py:188} INFO - [2026-04-09T13:51:14.228+0000] {dag.py:3033} INFO - Sync 1 DAGs
[2026-04-09T13:51:14.238+0000] {logging_mixin.py:188} INFO - [2026-04-09T13:51:14.238+0000] {dag.py:3820} INFO - Setting next_dagrun for dag_branchement to None, run_after=None
[2026-04-09T13:51:14.252+0000] {processor.py:183} INFO - Processing /opt/airflow/dags/dag_branchement.py took 0.058 seconds
[2026-04-09T13:51:44.592+0000] {processor.py:161} INFO - Started process (PID=1325) to work on /opt/airflow/dags/dag_branchement.py
[2026-04-09T13:51:44.593+0000] {processor.py:830} INFO - Processing file /opt/airflow/dags/dag_branchement.py for tasks to queue
[2026-04-09T13:51:44.594+0000] {logging_mixin.py:188} INFO - [2026-04-09T13:51:44.594+0000] {dagbag.py:538} INFO - Filling up the DagBag from /opt/airflow/dags/dag_branchement.py
[2026-04-09T13:51:44.606+0000] {processor.py:840} INFO - DAG(s) 'dag_branchement' retrieved from /opt/airflow/dags/dag_branchement.py
[2026-04-09T13:51:44.627+0000] {logging_mixin.py:188} INFO - [2026-04-09T13:51:44.627+0000] {dag.py:3033} INFO - Sync 1 DAGs
[2026-04-09T13:51:44.637+0000] {logging_mixin.py:188} INFO - [2026-04-09T13:51:44.637+0000] {dag.py:3820} INFO - Setting next_dagrun for dag_branchement to None, run_after=None
[2026-04-09T13:51:44.652+0000] {processor.py:183} INFO - Processing /opt/airflow/dags/dag_branchement.py took 0.064 seconds
[2026-04-09T13:52:15.006+0000] {processor.py:161} INFO - Started process (PID=1350) to work on /opt/airflow/dags/dag_branchement.py
[2026-04-09T13:52:15.007+0000] {processor.py:830} INFO - Processing file /opt/airflow/dags/dag_branchement.py for tasks to queue
[2026-04-09T13:52:15.008+0000] {logging_mixin.py:188} INFO - [2026-04-09T13:52:15.007+0000] {dagbag.py:538} INFO - Filling up the DagBag from /opt/airflow/dags/dag_branchement.py
[2026-04-09T13:52:15.016+0000] {processor.py:840} INFO - DAG(s) 'dag_branchement' retrieved from /opt/airflow/dags/dag_branchement.py
[2026-04-09T13:52:15.039+0000] {logging_mixin.py:188} INFO - [2026-04-09T13:52:15.039+0000] {dag.py:3033} INFO - Sync 1 DAGs
[2026-04-09T13:52:15.048+0000] {logging_mixin.py:188} INFO - [2026-04-09T13:52:15.048+0000] {dag.py:3820} INFO - Setting next_dagrun for dag_branchement to None, run_after=None
[2026-04-09T13:52:15.062+0000] {processor.py:183} INFO - Processing /opt/airflow/dags/dag_branchement.py took 0.060 seconds
