[2026-04-09T13:31:27.893+0000] {processor.py:161} INFO - Started process (PID=178) to work on /opt/airflow/dags/logs_ecommerce_dag.py
[2026-04-09T13:31:27.894+0000] {processor.py:830} INFO - Processing file /opt/airflow/dags/logs_ecommerce_dag.py for tasks to queue
[2026-04-09T13:31:27.895+0000] {logging_mixin.py:188} INFO - [2026-04-09T13:31:27.895+0000] {dagbag.py:538} INFO - Filling up the DagBag from /opt/airflow/dags/logs_ecommerce_dag.py
[2026-04-09T13:31:27.915+0000] {processor.py:840} INFO - DAG(s) 'logs_ecommerce_dag' retrieved from /opt/airflow/dags/logs_ecommerce_dag.py
[2026-04-09T13:31:27.977+0000] {logging_mixin.py:188} INFO - [2026-04-09T13:31:27.977+0000] {dag.py:3033} INFO - Sync 1 DAGs
[2026-04-09T13:31:28.040+0000] {logging_mixin.py:188} INFO - [2026-04-09T13:31:28.040+0000] {dag.py:3820} INFO - Setting next_dagrun for logs_ecommerce_dag to 2026-04-09T02:00:00+00:00, run_after=2026-04-10T02:00:00+00:00
[2026-04-09T13:31:28.126+0000] {processor.py:183} INFO - Processing /opt/airflow/dags/logs_ecommerce_dag.py took 0.237 seconds
[2026-04-09T13:31:58.256+0000] {processor.py:161} INFO - Started process (PID=229) to work on /opt/airflow/dags/logs_ecommerce_dag.py
[2026-04-09T13:31:58.257+0000] {processor.py:830} INFO - Processing file /opt/airflow/dags/logs_ecommerce_dag.py for tasks to queue
[2026-04-09T13:31:58.257+0000] {logging_mixin.py:188} INFO - [2026-04-09T13:31:58.257+0000] {dagbag.py:538} INFO - Filling up the DagBag from /opt/airflow/dags/logs_ecommerce_dag.py
[2026-04-09T13:31:58.270+0000] {processor.py:840} INFO - DAG(s) 'logs_ecommerce_dag' retrieved from /opt/airflow/dags/logs_ecommerce_dag.py
[2026-04-09T13:31:58.517+0000] {logging_mixin.py:188} INFO - [2026-04-09T13:31:58.517+0000] {dag.py:3033} INFO - Sync 1 DAGs
[2026-04-09T13:31:58.535+0000] {logging_mixin.py:188} INFO - [2026-04-09T13:31:58.534+0000] {dag.py:3820} INFO - Setting next_dagrun for logs_ecommerce_dag to 2026-04-09T02:00:00+00:00, run_after=2026-04-10T02:00:00+00:00
[2026-04-09T13:31:58.550+0000] {processor.py:183} INFO - Processing /opt/airflow/dags/logs_ecommerce_dag.py took 0.298 seconds
[2026-04-09T13:32:28.949+0000] {processor.py:161} INFO - Started process (PID=281) to work on /opt/airflow/dags/logs_ecommerce_dag.py
[2026-04-09T13:32:28.950+0000] {processor.py:830} INFO - Processing file /opt/airflow/dags/logs_ecommerce_dag.py for tasks to queue
[2026-04-09T13:32:28.951+0000] {logging_mixin.py:188} INFO - [2026-04-09T13:32:28.951+0000] {dagbag.py:538} INFO - Filling up the DagBag from /opt/airflow/dags/logs_ecommerce_dag.py
[2026-04-09T13:32:28.964+0000] {processor.py:840} INFO - DAG(s) 'logs_ecommerce_dag' retrieved from /opt/airflow/dags/logs_ecommerce_dag.py
[2026-04-09T13:32:28.997+0000] {logging_mixin.py:188} INFO - [2026-04-09T13:32:28.997+0000] {dag.py:3033} INFO - Sync 1 DAGs
[2026-04-09T13:32:29.026+0000] {logging_mixin.py:188} INFO - [2026-04-09T13:32:29.025+0000] {dag.py:3820} INFO - Setting next_dagrun for logs_ecommerce_dag to 2026-04-09T02:00:00+00:00, run_after=2026-04-10T02:00:00+00:00
[2026-04-09T13:32:29.056+0000] {processor.py:183} INFO - Processing /opt/airflow/dags/logs_ecommerce_dag.py took 0.110 seconds
[2026-04-09T13:32:59.354+0000] {processor.py:161} INFO - Started process (PID=329) to work on /opt/airflow/dags/logs_ecommerce_dag.py
[2026-04-09T13:32:59.355+0000] {processor.py:830} INFO - Processing file /opt/airflow/dags/logs_ecommerce_dag.py for tasks to queue
[2026-04-09T13:32:59.355+0000] {logging_mixin.py:188} INFO - [2026-04-09T13:32:59.355+0000] {dagbag.py:538} INFO - Filling up the DagBag from /opt/airflow/dags/logs_ecommerce_dag.py
[2026-04-09T13:32:59.369+0000] {processor.py:840} INFO - DAG(s) 'logs_ecommerce_dag' retrieved from /opt/airflow/dags/logs_ecommerce_dag.py
[2026-04-09T13:32:59.402+0000] {logging_mixin.py:188} INFO - [2026-04-09T13:32:59.402+0000] {dag.py:3033} INFO - Sync 1 DAGs
[2026-04-09T13:32:59.430+0000] {logging_mixin.py:188} INFO - [2026-04-09T13:32:59.430+0000] {dag.py:3820} INFO - Setting next_dagrun for logs_ecommerce_dag to 2026-04-09T02:00:00+00:00, run_after=2026-04-10T02:00:00+00:00
[2026-04-09T13:32:59.451+0000] {processor.py:183} INFO - Processing /opt/airflow/dags/logs_ecommerce_dag.py took 0.101 seconds
[2026-04-09T13:33:29.751+0000] {processor.py:161} INFO - Started process (PID=354) to work on /opt/airflow/dags/logs_ecommerce_dag.py
[2026-04-09T13:33:29.754+0000] {processor.py:830} INFO - Processing file /opt/airflow/dags/logs_ecommerce_dag.py for tasks to queue
[2026-04-09T13:33:29.755+0000] {logging_mixin.py:188} INFO - [2026-04-09T13:33:29.755+0000] {dagbag.py:538} INFO - Filling up the DagBag from /opt/airflow/dags/logs_ecommerce_dag.py
[2026-04-09T13:33:29.768+0000] {processor.py:840} INFO - DAG(s) 'logs_ecommerce_dag' retrieved from /opt/airflow/dags/logs_ecommerce_dag.py
[2026-04-09T13:33:29.804+0000] {logging_mixin.py:188} INFO - [2026-04-09T13:33:29.804+0000] {dag.py:3033} INFO - Sync 1 DAGs
[2026-04-09T13:33:29.833+0000] {logging_mixin.py:188} INFO - [2026-04-09T13:33:29.832+0000] {dag.py:3820} INFO - Setting next_dagrun for logs_ecommerce_dag to 2026-04-09T02:00:00+00:00, run_after=2026-04-10T02:00:00+00:00
[2026-04-09T13:33:29.851+0000] {processor.py:183} INFO - Processing /opt/airflow/dags/logs_ecommerce_dag.py took 0.103 seconds
[2026-04-09T13:34:00.135+0000] {processor.py:161} INFO - Started process (PID=386) to work on /opt/airflow/dags/logs_ecommerce_dag.py
[2026-04-09T13:34:00.136+0000] {processor.py:830} INFO - Processing file /opt/airflow/dags/logs_ecommerce_dag.py for tasks to queue
[2026-04-09T13:34:00.137+0000] {logging_mixin.py:188} INFO - [2026-04-09T13:34:00.137+0000] {dagbag.py:538} INFO - Filling up the DagBag from /opt/airflow/dags/logs_ecommerce_dag.py
[2026-04-09T13:34:00.150+0000] {processor.py:840} INFO - DAG(s) 'logs_ecommerce_dag' retrieved from /opt/airflow/dags/logs_ecommerce_dag.py
[2026-04-09T13:34:00.185+0000] {logging_mixin.py:188} INFO - [2026-04-09T13:34:00.185+0000] {dag.py:3033} INFO - Sync 1 DAGs
[2026-04-09T13:34:00.213+0000] {logging_mixin.py:188} INFO - [2026-04-09T13:34:00.213+0000] {dag.py:3820} INFO - Setting next_dagrun for logs_ecommerce_dag to 2026-04-09T02:00:00+00:00, run_after=2026-04-10T02:00:00+00:00
[2026-04-09T13:34:00.234+0000] {processor.py:183} INFO - Processing /opt/airflow/dags/logs_ecommerce_dag.py took 0.103 seconds
[2026-04-09T13:34:30.507+0000] {processor.py:161} INFO - Started process (PID=425) to work on /opt/airflow/dags/logs_ecommerce_dag.py
[2026-04-09T13:34:30.508+0000] {processor.py:830} INFO - Processing file /opt/airflow/dags/logs_ecommerce_dag.py for tasks to queue
[2026-04-09T13:34:30.509+0000] {logging_mixin.py:188} INFO - [2026-04-09T13:34:30.509+0000] {dagbag.py:538} INFO - Filling up the DagBag from /opt/airflow/dags/logs_ecommerce_dag.py
[2026-04-09T13:34:30.522+0000] {processor.py:840} INFO - DAG(s) 'logs_ecommerce_dag' retrieved from /opt/airflow/dags/logs_ecommerce_dag.py
[2026-04-09T13:34:30.558+0000] {logging_mixin.py:188} INFO - [2026-04-09T13:34:30.558+0000] {dag.py:3033} INFO - Sync 1 DAGs
[2026-04-09T13:34:30.586+0000] {logging_mixin.py:188} INFO - [2026-04-09T13:34:30.586+0000] {dag.py:3820} INFO - Setting next_dagrun for logs_ecommerce_dag to 2026-04-09T02:00:00+00:00, run_after=2026-04-10T02:00:00+00:00
[2026-04-09T13:34:30.605+0000] {processor.py:183} INFO - Processing /opt/airflow/dags/logs_ecommerce_dag.py took 0.101 seconds
[2026-04-09T13:35:00.880+0000] {processor.py:161} INFO - Started process (PID=450) to work on /opt/airflow/dags/logs_ecommerce_dag.py
[2026-04-09T13:35:00.880+0000] {processor.py:830} INFO - Processing file /opt/airflow/dags/logs_ecommerce_dag.py for tasks to queue
[2026-04-09T13:35:00.881+0000] {logging_mixin.py:188} INFO - [2026-04-09T13:35:00.881+0000] {dagbag.py:538} INFO - Filling up the DagBag from /opt/airflow/dags/logs_ecommerce_dag.py
[2026-04-09T13:35:00.894+0000] {processor.py:840} INFO - DAG(s) 'logs_ecommerce_dag' retrieved from /opt/airflow/dags/logs_ecommerce_dag.py
[2026-04-09T13:35:00.928+0000] {logging_mixin.py:188} INFO - [2026-04-09T13:35:00.928+0000] {dag.py:3033} INFO - Sync 1 DAGs
[2026-04-09T13:35:00.956+0000] {logging_mixin.py:188} INFO - [2026-04-09T13:35:00.955+0000] {dag.py:3820} INFO - Setting next_dagrun for logs_ecommerce_dag to 2026-04-09T02:00:00+00:00, run_after=2026-04-10T02:00:00+00:00
[2026-04-09T13:35:00.974+0000] {processor.py:183} INFO - Processing /opt/airflow/dags/logs_ecommerce_dag.py took 0.098 seconds
[2026-04-09T13:35:31.229+0000] {processor.py:161} INFO - Started process (PID=475) to work on /opt/airflow/dags/logs_ecommerce_dag.py
[2026-04-09T13:35:31.230+0000] {processor.py:830} INFO - Processing file /opt/airflow/dags/logs_ecommerce_dag.py for tasks to queue
[2026-04-09T13:35:31.231+0000] {logging_mixin.py:188} INFO - [2026-04-09T13:35:31.230+0000] {dagbag.py:538} INFO - Filling up the DagBag from /opt/airflow/dags/logs_ecommerce_dag.py
[2026-04-09T13:35:31.243+0000] {processor.py:840} INFO - DAG(s) 'logs_ecommerce_dag' retrieved from /opt/airflow/dags/logs_ecommerce_dag.py
[2026-04-09T13:35:31.277+0000] {logging_mixin.py:188} INFO - [2026-04-09T13:35:31.277+0000] {dag.py:3033} INFO - Sync 1 DAGs
[2026-04-09T13:35:31.306+0000] {logging_mixin.py:188} INFO - [2026-04-09T13:35:31.306+0000] {dag.py:3820} INFO - Setting next_dagrun for logs_ecommerce_dag to 2026-04-09T02:00:00+00:00, run_after=2026-04-10T02:00:00+00:00
[2026-04-09T13:35:31.325+0000] {processor.py:183} INFO - Processing /opt/airflow/dags/logs_ecommerce_dag.py took 0.099 seconds
[2026-04-09T13:36:01.635+0000] {processor.py:161} INFO - Started process (PID=500) to work on /opt/airflow/dags/logs_ecommerce_dag.py
[2026-04-09T13:36:01.636+0000] {processor.py:830} INFO - Processing file /opt/airflow/dags/logs_ecommerce_dag.py for tasks to queue
[2026-04-09T13:36:01.637+0000] {logging_mixin.py:188} INFO - [2026-04-09T13:36:01.636+0000] {dagbag.py:538} INFO - Filling up the DagBag from /opt/airflow/dags/logs_ecommerce_dag.py
[2026-04-09T13:36:01.649+0000] {processor.py:840} INFO - DAG(s) 'logs_ecommerce_dag' retrieved from /opt/airflow/dags/logs_ecommerce_dag.py
[2026-04-09T13:36:01.687+0000] {logging_mixin.py:188} INFO - [2026-04-09T13:36:01.686+0000] {dag.py:3033} INFO - Sync 1 DAGs
[2026-04-09T13:36:01.714+0000] {logging_mixin.py:188} INFO - [2026-04-09T13:36:01.714+0000] {dag.py:3820} INFO - Setting next_dagrun for logs_ecommerce_dag to 2026-04-09T02:00:00+00:00, run_after=2026-04-10T02:00:00+00:00
[2026-04-09T13:36:01.734+0000] {processor.py:183} INFO - Processing /opt/airflow/dags/logs_ecommerce_dag.py took 0.102 seconds
[2026-04-09T13:36:32.026+0000] {processor.py:161} INFO - Started process (PID=531) to work on /opt/airflow/dags/logs_ecommerce_dag.py
[2026-04-09T13:36:32.029+0000] {processor.py:830} INFO - Processing file /opt/airflow/dags/logs_ecommerce_dag.py for tasks to queue
[2026-04-09T13:36:32.030+0000] {logging_mixin.py:188} INFO - [2026-04-09T13:36:32.030+0000] {dagbag.py:538} INFO - Filling up the DagBag from /opt/airflow/dags/logs_ecommerce_dag.py
[2026-04-09T13:36:32.052+0000] {processor.py:840} INFO - DAG(s) 'logs_ecommerce_dag' retrieved from /opt/airflow/dags/logs_ecommerce_dag.py
[2026-04-09T13:36:32.091+0000] {logging_mixin.py:188} INFO - [2026-04-09T13:36:32.091+0000] {dag.py:3033} INFO - Sync 1 DAGs
[2026-04-09T13:36:32.121+0000] {logging_mixin.py:188} INFO - [2026-04-09T13:36:32.120+0000] {dag.py:3820} INFO - Setting next_dagrun for logs_ecommerce_dag to 2026-04-09T02:00:00+00:00, run_after=2026-04-10T02:00:00+00:00
[2026-04-09T13:36:32.165+0000] {processor.py:183} INFO - Processing /opt/airflow/dags/logs_ecommerce_dag.py took 0.152 seconds
[2026-04-09T13:37:02.426+0000] {processor.py:161} INFO - Started process (PID=580) to work on /opt/airflow/dags/logs_ecommerce_dag.py
[2026-04-09T13:37:02.427+0000] {processor.py:830} INFO - Processing file /opt/airflow/dags/logs_ecommerce_dag.py for tasks to queue
[2026-04-09T13:37:02.428+0000] {logging_mixin.py:188} INFO - [2026-04-09T13:37:02.427+0000] {dagbag.py:538} INFO - Filling up the DagBag from /opt/airflow/dags/logs_ecommerce_dag.py
[2026-04-09T13:37:02.441+0000] {processor.py:840} INFO - DAG(s) 'logs_ecommerce_dag' retrieved from /opt/airflow/dags/logs_ecommerce_dag.py
[2026-04-09T13:37:02.475+0000] {logging_mixin.py:188} INFO - [2026-04-09T13:37:02.475+0000] {dag.py:3033} INFO - Sync 1 DAGs
[2026-04-09T13:37:02.503+0000] {logging_mixin.py:188} INFO - [2026-04-09T13:37:02.503+0000] {dag.py:3820} INFO - Setting next_dagrun for logs_ecommerce_dag to 2026-04-09T02:00:00+00:00, run_after=2026-04-10T02:00:00+00:00
[2026-04-09T13:37:02.522+0000] {processor.py:183} INFO - Processing /opt/airflow/dags/logs_ecommerce_dag.py took 0.100 seconds
[2026-04-09T13:37:32.766+0000] {processor.py:161} INFO - Started process (PID=605) to work on /opt/airflow/dags/logs_ecommerce_dag.py
[2026-04-09T13:37:32.767+0000] {processor.py:830} INFO - Processing file /opt/airflow/dags/logs_ecommerce_dag.py for tasks to queue
[2026-04-09T13:37:32.768+0000] {logging_mixin.py:188} INFO - [2026-04-09T13:37:32.768+0000] {dagbag.py:538} INFO - Filling up the DagBag from /opt/airflow/dags/logs_ecommerce_dag.py
[2026-04-09T13:37:32.790+0000] {processor.py:840} INFO - DAG(s) 'logs_ecommerce_dag' retrieved from /opt/airflow/dags/logs_ecommerce_dag.py
[2026-04-09T13:37:32.853+0000] {logging_mixin.py:188} INFO - [2026-04-09T13:37:32.852+0000] {dag.py:3033} INFO - Sync 1 DAGs
[2026-04-09T13:37:32.880+0000] {logging_mixin.py:188} INFO - [2026-04-09T13:37:32.880+0000] {dag.py:3820} INFO - Setting next_dagrun for logs_ecommerce_dag to 2026-04-09T02:00:00+00:00, run_after=2026-04-10T02:00:00+00:00
[2026-04-09T13:37:32.899+0000] {processor.py:183} INFO - Processing /opt/airflow/dags/logs_ecommerce_dag.py took 0.136 seconds
[2026-04-09T13:38:03.068+0000] {processor.py:161} INFO - Started process (PID=630) to work on /opt/airflow/dags/logs_ecommerce_dag.py
[2026-04-09T13:38:03.069+0000] {processor.py:830} INFO - Processing file /opt/airflow/dags/logs_ecommerce_dag.py for tasks to queue
[2026-04-09T13:38:03.070+0000] {logging_mixin.py:188} INFO - [2026-04-09T13:38:03.069+0000] {dagbag.py:538} INFO - Filling up the DagBag from /opt/airflow/dags/logs_ecommerce_dag.py
[2026-04-09T13:38:03.082+0000] {processor.py:840} INFO - DAG(s) 'logs_ecommerce_dag' retrieved from /opt/airflow/dags/logs_ecommerce_dag.py
[2026-04-09T13:38:03.123+0000] {logging_mixin.py:188} INFO - [2026-04-09T13:38:03.123+0000] {dag.py:3033} INFO - Sync 1 DAGs
[2026-04-09T13:38:03.153+0000] {logging_mixin.py:188} INFO - [2026-04-09T13:38:03.152+0000] {dag.py:3820} INFO - Setting next_dagrun for logs_ecommerce_dag to 2026-04-09T02:00:00+00:00, run_after=2026-04-10T02:00:00+00:00
[2026-04-09T13:38:03.172+0000] {processor.py:183} INFO - Processing /opt/airflow/dags/logs_ecommerce_dag.py took 0.107 seconds
[2026-04-09T13:38:33.427+0000] {processor.py:161} INFO - Started process (PID=655) to work on /opt/airflow/dags/logs_ecommerce_dag.py
[2026-04-09T13:38:33.430+0000] {processor.py:830} INFO - Processing file /opt/airflow/dags/logs_ecommerce_dag.py for tasks to queue
[2026-04-09T13:38:33.431+0000] {logging_mixin.py:188} INFO - [2026-04-09T13:38:33.431+0000] {dagbag.py:538} INFO - Filling up the DagBag from /opt/airflow/dags/logs_ecommerce_dag.py
[2026-04-09T13:38:33.444+0000] {processor.py:840} INFO - DAG(s) 'logs_ecommerce_dag' retrieved from /opt/airflow/dags/logs_ecommerce_dag.py
[2026-04-09T13:38:33.482+0000] {logging_mixin.py:188} INFO - [2026-04-09T13:38:33.481+0000] {dag.py:3033} INFO - Sync 1 DAGs
[2026-04-09T13:38:33.510+0000] {logging_mixin.py:188} INFO - [2026-04-09T13:38:33.510+0000] {dag.py:3820} INFO - Setting next_dagrun for logs_ecommerce_dag to 2026-04-09T02:00:00+00:00, run_after=2026-04-10T02:00:00+00:00
[2026-04-09T13:38:33.536+0000] {processor.py:183} INFO - Processing /opt/airflow/dags/logs_ecommerce_dag.py took 0.112 seconds
[2026-04-09T13:39:03.809+0000] {processor.py:161} INFO - Started process (PID=680) to work on /opt/airflow/dags/logs_ecommerce_dag.py
[2026-04-09T13:39:03.810+0000] {processor.py:830} INFO - Processing file /opt/airflow/dags/logs_ecommerce_dag.py for tasks to queue
[2026-04-09T13:39:03.810+0000] {logging_mixin.py:188} INFO - [2026-04-09T13:39:03.810+0000] {dagbag.py:538} INFO - Filling up the DagBag from /opt/airflow/dags/logs_ecommerce_dag.py
[2026-04-09T13:39:03.824+0000] {processor.py:840} INFO - DAG(s) 'logs_ecommerce_dag' retrieved from /opt/airflow/dags/logs_ecommerce_dag.py
[2026-04-09T13:39:03.857+0000] {logging_mixin.py:188} INFO - [2026-04-09T13:39:03.857+0000] {dag.py:3033} INFO - Sync 1 DAGs
[2026-04-09T13:39:03.900+0000] {logging_mixin.py:188} INFO - [2026-04-09T13:39:03.900+0000] {dag.py:3820} INFO - Setting next_dagrun for logs_ecommerce_dag to 2026-04-09T02:00:00+00:00, run_after=2026-04-10T02:00:00+00:00
[2026-04-09T13:39:03.942+0000] {processor.py:183} INFO - Processing /opt/airflow/dags/logs_ecommerce_dag.py took 0.137 seconds
[2026-04-09T13:39:34.199+0000] {processor.py:161} INFO - Started process (PID=705) to work on /opt/airflow/dags/logs_ecommerce_dag.py
[2026-04-09T13:39:34.199+0000] {processor.py:830} INFO - Processing file /opt/airflow/dags/logs_ecommerce_dag.py for tasks to queue
[2026-04-09T13:39:34.200+0000] {logging_mixin.py:188} INFO - [2026-04-09T13:39:34.200+0000] {dagbag.py:538} INFO - Filling up the DagBag from /opt/airflow/dags/logs_ecommerce_dag.py
[2026-04-09T13:39:34.215+0000] {processor.py:840} INFO - DAG(s) 'logs_ecommerce_dag' retrieved from /opt/airflow/dags/logs_ecommerce_dag.py
[2026-04-09T13:39:34.251+0000] {logging_mixin.py:188} INFO - [2026-04-09T13:39:34.251+0000] {dag.py:3033} INFO - Sync 1 DAGs
[2026-04-09T13:39:34.280+0000] {logging_mixin.py:188} INFO - [2026-04-09T13:39:34.280+0000] {dag.py:3820} INFO - Setting next_dagrun for logs_ecommerce_dag to 2026-04-09T02:00:00+00:00, run_after=2026-04-10T02:00:00+00:00
[2026-04-09T13:39:34.301+0000] {processor.py:183} INFO - Processing /opt/airflow/dags/logs_ecommerce_dag.py took 0.107 seconds
[2026-04-09T13:40:04.555+0000] {processor.py:161} INFO - Started process (PID=730) to work on /opt/airflow/dags/logs_ecommerce_dag.py
[2026-04-09T13:40:04.556+0000] {processor.py:830} INFO - Processing file /opt/airflow/dags/logs_ecommerce_dag.py for tasks to queue
[2026-04-09T13:40:04.557+0000] {logging_mixin.py:188} INFO - [2026-04-09T13:40:04.556+0000] {dagbag.py:538} INFO - Filling up the DagBag from /opt/airflow/dags/logs_ecommerce_dag.py
[2026-04-09T13:40:04.581+0000] {processor.py:840} INFO - DAG(s) 'logs_ecommerce_dag' retrieved from /opt/airflow/dags/logs_ecommerce_dag.py
[2026-04-09T13:40:04.617+0000] {logging_mixin.py:188} INFO - [2026-04-09T13:40:04.617+0000] {dag.py:3033} INFO - Sync 1 DAGs
[2026-04-09T13:40:04.645+0000] {logging_mixin.py:188} INFO - [2026-04-09T13:40:04.645+0000] {dag.py:3820} INFO - Setting next_dagrun for logs_ecommerce_dag to 2026-04-09T02:00:00+00:00, run_after=2026-04-10T02:00:00+00:00
[2026-04-09T13:40:04.664+0000] {processor.py:183} INFO - Processing /opt/airflow/dags/logs_ecommerce_dag.py took 0.112 seconds
[2026-04-09T13:40:34.839+0000] {processor.py:161} INFO - Started process (PID=755) to work on /opt/airflow/dags/logs_ecommerce_dag.py
[2026-04-09T13:40:34.840+0000] {processor.py:830} INFO - Processing file /opt/airflow/dags/logs_ecommerce_dag.py for tasks to queue
[2026-04-09T13:40:34.841+0000] {logging_mixin.py:188} INFO - [2026-04-09T13:40:34.840+0000] {dagbag.py:538} INFO - Filling up the DagBag from /opt/airflow/dags/logs_ecommerce_dag.py
[2026-04-09T13:40:34.866+0000] {processor.py:840} INFO - DAG(s) 'logs_ecommerce_dag' retrieved from /opt/airflow/dags/logs_ecommerce_dag.py
[2026-04-09T13:40:34.930+0000] {logging_mixin.py:188} INFO - [2026-04-09T13:40:34.930+0000] {dag.py:3033} INFO - Sync 1 DAGs
[2026-04-09T13:40:34.958+0000] {logging_mixin.py:188} INFO - [2026-04-09T13:40:34.957+0000] {dag.py:3820} INFO - Setting next_dagrun for logs_ecommerce_dag to 2026-04-09T02:00:00+00:00, run_after=2026-04-10T02:00:00+00:00
[2026-04-09T13:40:34.976+0000] {processor.py:183} INFO - Processing /opt/airflow/dags/logs_ecommerce_dag.py took 0.140 seconds
[2026-04-09T13:41:05.318+0000] {processor.py:161} INFO - Started process (PID=780) to work on /opt/airflow/dags/logs_ecommerce_dag.py
[2026-04-09T13:41:05.319+0000] {processor.py:830} INFO - Processing file /opt/airflow/dags/logs_ecommerce_dag.py for tasks to queue
[2026-04-09T13:41:05.320+0000] {logging_mixin.py:188} INFO - [2026-04-09T13:41:05.320+0000] {dagbag.py:538} INFO - Filling up the DagBag from /opt/airflow/dags/logs_ecommerce_dag.py
[2026-04-09T13:41:05.333+0000] {processor.py:840} INFO - DAG(s) 'logs_ecommerce_dag' retrieved from /opt/airflow/dags/logs_ecommerce_dag.py
[2026-04-09T13:41:05.367+0000] {logging_mixin.py:188} INFO - [2026-04-09T13:41:05.367+0000] {dag.py:3033} INFO - Sync 1 DAGs
[2026-04-09T13:41:05.396+0000] {logging_mixin.py:188} INFO - [2026-04-09T13:41:05.396+0000] {dag.py:3820} INFO - Setting next_dagrun for logs_ecommerce_dag to 2026-04-09T02:00:00+00:00, run_after=2026-04-10T02:00:00+00:00
[2026-04-09T13:41:05.416+0000] {processor.py:183} INFO - Processing /opt/airflow/dags/logs_ecommerce_dag.py took 0.101 seconds
[2026-04-09T13:41:35.719+0000] {processor.py:161} INFO - Started process (PID=805) to work on /opt/airflow/dags/logs_ecommerce_dag.py
[2026-04-09T13:41:35.720+0000] {processor.py:830} INFO - Processing file /opt/airflow/dags/logs_ecommerce_dag.py for tasks to queue
[2026-04-09T13:41:35.720+0000] {logging_mixin.py:188} INFO - [2026-04-09T13:41:35.720+0000] {dagbag.py:538} INFO - Filling up the DagBag from /opt/airflow/dags/logs_ecommerce_dag.py
[2026-04-09T13:41:35.733+0000] {processor.py:840} INFO - DAG(s) 'logs_ecommerce_dag' retrieved from /opt/airflow/dags/logs_ecommerce_dag.py
[2026-04-09T13:41:35.768+0000] {logging_mixin.py:188} INFO - [2026-04-09T13:41:35.768+0000] {dag.py:3033} INFO - Sync 1 DAGs
[2026-04-09T13:41:35.796+0000] {logging_mixin.py:188} INFO - [2026-04-09T13:41:35.796+0000] {dag.py:3820} INFO - Setting next_dagrun for logs_ecommerce_dag to 2026-04-09T02:00:00+00:00, run_after=2026-04-10T02:00:00+00:00
[2026-04-09T13:41:35.815+0000] {processor.py:183} INFO - Processing /opt/airflow/dags/logs_ecommerce_dag.py took 0.100 seconds
[2026-04-09T13:42:06.118+0000] {processor.py:161} INFO - Started process (PID=832) to work on /opt/airflow/dags/logs_ecommerce_dag.py
[2026-04-09T13:42:06.119+0000] {processor.py:830} INFO - Processing file /opt/airflow/dags/logs_ecommerce_dag.py for tasks to queue
[2026-04-09T13:42:06.119+0000] {logging_mixin.py:188} INFO - [2026-04-09T13:42:06.119+0000] {dagbag.py:538} INFO - Filling up the DagBag from /opt/airflow/dags/logs_ecommerce_dag.py
[2026-04-09T13:42:06.132+0000] {processor.py:840} INFO - DAG(s) 'logs_ecommerce_dag' retrieved from /opt/airflow/dags/logs_ecommerce_dag.py
[2026-04-09T13:42:06.168+0000] {logging_mixin.py:188} INFO - [2026-04-09T13:42:06.168+0000] {dag.py:3033} INFO - Sync 1 DAGs
[2026-04-09T13:42:06.196+0000] {logging_mixin.py:188} INFO - [2026-04-09T13:42:06.195+0000] {dag.py:3820} INFO - Setting next_dagrun for logs_ecommerce_dag to 2026-04-09T02:00:00+00:00, run_after=2026-04-10T02:00:00+00:00
[2026-04-09T13:42:06.215+0000] {processor.py:183} INFO - Processing /opt/airflow/dags/logs_ecommerce_dag.py took 0.101 seconds
[2026-04-09T13:42:36.533+0000] {processor.py:161} INFO - Started process (PID=857) to work on /opt/airflow/dags/logs_ecommerce_dag.py
[2026-04-09T13:42:36.534+0000] {processor.py:830} INFO - Processing file /opt/airflow/dags/logs_ecommerce_dag.py for tasks to queue
[2026-04-09T13:42:36.535+0000] {logging_mixin.py:188} INFO - [2026-04-09T13:42:36.535+0000] {dagbag.py:538} INFO - Filling up the DagBag from /opt/airflow/dags/logs_ecommerce_dag.py
[2026-04-09T13:42:36.552+0000] {processor.py:840} INFO - DAG(s) 'logs_ecommerce_dag' retrieved from /opt/airflow/dags/logs_ecommerce_dag.py
[2026-04-09T13:42:36.587+0000] {logging_mixin.py:188} INFO - [2026-04-09T13:42:36.587+0000] {dag.py:3033} INFO - Sync 1 DAGs
[2026-04-09T13:42:36.624+0000] {logging_mixin.py:188} INFO - [2026-04-09T13:42:36.623+0000] {dag.py:3820} INFO - Setting next_dagrun for logs_ecommerce_dag to 2026-04-09T02:00:00+00:00, run_after=2026-04-10T02:00:00+00:00
[2026-04-09T13:42:36.662+0000] {processor.py:183} INFO - Processing /opt/airflow/dags/logs_ecommerce_dag.py took 0.132 seconds
[2026-04-09T13:43:07.012+0000] {processor.py:161} INFO - Started process (PID=882) to work on /opt/airflow/dags/logs_ecommerce_dag.py
[2026-04-09T13:43:07.015+0000] {processor.py:830} INFO - Processing file /opt/airflow/dags/logs_ecommerce_dag.py for tasks to queue
[2026-04-09T13:43:07.016+0000] {logging_mixin.py:188} INFO - [2026-04-09T13:43:07.016+0000] {dagbag.py:538} INFO - Filling up the DagBag from /opt/airflow/dags/logs_ecommerce_dag.py
[2026-04-09T13:43:07.035+0000] {processor.py:840} INFO - DAG(s) 'logs_ecommerce_dag' retrieved from /opt/airflow/dags/logs_ecommerce_dag.py
[2026-04-09T13:43:07.078+0000] {logging_mixin.py:188} INFO - [2026-04-09T13:43:07.077+0000] {dag.py:3033} INFO - Sync 1 DAGs
[2026-04-09T13:43:07.113+0000] {logging_mixin.py:188} INFO - [2026-04-09T13:43:07.113+0000] {dag.py:3820} INFO - Setting next_dagrun for logs_ecommerce_dag to 2026-04-09T02:00:00+00:00, run_after=2026-04-10T02:00:00+00:00
[2026-04-09T13:43:07.131+0000] {processor.py:183} INFO - Processing /opt/airflow/dags/logs_ecommerce_dag.py took 0.123 seconds
[2026-04-09T13:43:37.450+0000] {processor.py:161} INFO - Started process (PID=907) to work on /opt/airflow/dags/logs_ecommerce_dag.py
[2026-04-09T13:43:37.450+0000] {processor.py:830} INFO - Processing file /opt/airflow/dags/logs_ecommerce_dag.py for tasks to queue
[2026-04-09T13:43:37.451+0000] {logging_mixin.py:188} INFO - [2026-04-09T13:43:37.451+0000] {dagbag.py:538} INFO - Filling up the DagBag from /opt/airflow/dags/logs_ecommerce_dag.py
[2026-04-09T13:43:37.466+0000] {processor.py:840} INFO - DAG(s) 'logs_ecommerce_dag' retrieved from /opt/airflow/dags/logs_ecommerce_dag.py
[2026-04-09T13:43:37.506+0000] {logging_mixin.py:188} INFO - [2026-04-09T13:43:37.506+0000] {dag.py:3033} INFO - Sync 1 DAGs
[2026-04-09T13:43:37.537+0000] {logging_mixin.py:188} INFO - [2026-04-09T13:43:37.537+0000] {dag.py:3820} INFO - Setting next_dagrun for logs_ecommerce_dag to 2026-04-09T02:00:00+00:00, run_after=2026-04-10T02:00:00+00:00
[2026-04-09T13:43:37.556+0000] {processor.py:183} INFO - Processing /opt/airflow/dags/logs_ecommerce_dag.py took 0.110 seconds
[2026-04-09T13:44:07.995+0000] {processor.py:161} INFO - Started process (PID=932) to work on /opt/airflow/dags/logs_ecommerce_dag.py
[2026-04-09T13:44:07.996+0000] {processor.py:830} INFO - Processing file /opt/airflow/dags/logs_ecommerce_dag.py for tasks to queue
[2026-04-09T13:44:07.997+0000] {logging_mixin.py:188} INFO - [2026-04-09T13:44:07.997+0000] {dagbag.py:538} INFO - Filling up the DagBag from /opt/airflow/dags/logs_ecommerce_dag.py
[2026-04-09T13:44:08.015+0000] {processor.py:840} INFO - DAG(s) 'logs_ecommerce_dag' retrieved from /opt/airflow/dags/logs_ecommerce_dag.py
[2026-04-09T13:44:08.050+0000] {logging_mixin.py:188} INFO - [2026-04-09T13:44:08.050+0000] {dag.py:3033} INFO - Sync 1 DAGs
[2026-04-09T13:44:08.076+0000] {logging_mixin.py:188} INFO - [2026-04-09T13:44:08.076+0000] {dag.py:3820} INFO - Setting next_dagrun for logs_ecommerce_dag to 2026-04-09T02:00:00+00:00, run_after=2026-04-10T02:00:00+00:00
[2026-04-09T13:44:08.097+0000] {processor.py:183} INFO - Processing /opt/airflow/dags/logs_ecommerce_dag.py took 0.105 seconds
[2026-04-09T13:44:38.381+0000] {processor.py:161} INFO - Started process (PID=957) to work on /opt/airflow/dags/logs_ecommerce_dag.py
[2026-04-09T13:44:38.382+0000] {processor.py:830} INFO - Processing file /opt/airflow/dags/logs_ecommerce_dag.py for tasks to queue
[2026-04-09T13:44:38.383+0000] {logging_mixin.py:188} INFO - [2026-04-09T13:44:38.383+0000] {dagbag.py:538} INFO - Filling up the DagBag from /opt/airflow/dags/logs_ecommerce_dag.py
[2026-04-09T13:44:38.395+0000] {processor.py:840} INFO - DAG(s) 'logs_ecommerce_dag' retrieved from /opt/airflow/dags/logs_ecommerce_dag.py
[2026-04-09T13:44:38.430+0000] {logging_mixin.py:188} INFO - [2026-04-09T13:44:38.429+0000] {dag.py:3033} INFO - Sync 1 DAGs
[2026-04-09T13:44:38.457+0000] {logging_mixin.py:188} INFO - [2026-04-09T13:44:38.457+0000] {dag.py:3820} INFO - Setting next_dagrun for logs_ecommerce_dag to 2026-04-09T02:00:00+00:00, run_after=2026-04-10T02:00:00+00:00
[2026-04-09T13:44:38.475+0000] {processor.py:183} INFO - Processing /opt/airflow/dags/logs_ecommerce_dag.py took 0.098 seconds
[2026-04-09T13:45:08.727+0000] {processor.py:161} INFO - Started process (PID=982) to work on /opt/airflow/dags/logs_ecommerce_dag.py
[2026-04-09T13:45:08.729+0000] {processor.py:830} INFO - Processing file /opt/airflow/dags/logs_ecommerce_dag.py for tasks to queue
[2026-04-09T13:45:08.730+0000] {logging_mixin.py:188} INFO - [2026-04-09T13:45:08.729+0000] {dagbag.py:538} INFO - Filling up the DagBag from /opt/airflow/dags/logs_ecommerce_dag.py
[2026-04-09T13:45:08.745+0000] {processor.py:840} INFO - DAG(s) 'logs_ecommerce_dag' retrieved from /opt/airflow/dags/logs_ecommerce_dag.py
[2026-04-09T13:45:08.779+0000] {logging_mixin.py:188} INFO - [2026-04-09T13:45:08.779+0000] {dag.py:3033} INFO - Sync 1 DAGs
[2026-04-09T13:45:08.808+0000] {logging_mixin.py:188} INFO - [2026-04-09T13:45:08.808+0000] {dag.py:3820} INFO - Setting next_dagrun for logs_ecommerce_dag to 2026-04-09T02:00:00+00:00, run_after=2026-04-10T02:00:00+00:00
[2026-04-09T13:45:08.826+0000] {processor.py:183} INFO - Processing /opt/airflow/dags/logs_ecommerce_dag.py took 0.105 seconds
[2026-04-09T13:45:39.143+0000] {processor.py:161} INFO - Started process (PID=1007) to work on /opt/airflow/dags/logs_ecommerce_dag.py
[2026-04-09T13:45:39.144+0000] {processor.py:830} INFO - Processing file /opt/airflow/dags/logs_ecommerce_dag.py for tasks to queue
[2026-04-09T13:45:39.145+0000] {logging_mixin.py:188} INFO - [2026-04-09T13:45:39.144+0000] {dagbag.py:538} INFO - Filling up the DagBag from /opt/airflow/dags/logs_ecommerce_dag.py
[2026-04-09T13:45:39.157+0000] {processor.py:840} INFO - DAG(s) 'logs_ecommerce_dag' retrieved from /opt/airflow/dags/logs_ecommerce_dag.py
[2026-04-09T13:45:39.190+0000] {logging_mixin.py:188} INFO - [2026-04-09T13:45:39.190+0000] {dag.py:3033} INFO - Sync 1 DAGs
[2026-04-09T13:45:39.218+0000] {logging_mixin.py:188} INFO - [2026-04-09T13:45:39.218+0000] {dag.py:3820} INFO - Setting next_dagrun for logs_ecommerce_dag to 2026-04-09T02:00:00+00:00, run_after=2026-04-10T02:00:00+00:00
[2026-04-09T13:45:39.237+0000] {processor.py:183} INFO - Processing /opt/airflow/dags/logs_ecommerce_dag.py took 0.097 seconds
[2026-04-09T13:46:09.479+0000] {processor.py:161} INFO - Started process (PID=1032) to work on /opt/airflow/dags/logs_ecommerce_dag.py
[2026-04-09T13:46:09.480+0000] {processor.py:830} INFO - Processing file /opt/airflow/dags/logs_ecommerce_dag.py for tasks to queue
[2026-04-09T13:46:09.481+0000] {logging_mixin.py:188} INFO - [2026-04-09T13:46:09.481+0000] {dagbag.py:538} INFO - Filling up the DagBag from /opt/airflow/dags/logs_ecommerce_dag.py
[2026-04-09T13:46:09.495+0000] {processor.py:840} INFO - DAG(s) 'logs_ecommerce_dag' retrieved from /opt/airflow/dags/logs_ecommerce_dag.py
[2026-04-09T13:46:09.528+0000] {logging_mixin.py:188} INFO - [2026-04-09T13:46:09.528+0000] {dag.py:3033} INFO - Sync 1 DAGs
[2026-04-09T13:46:09.556+0000] {logging_mixin.py:188} INFO - [2026-04-09T13:46:09.556+0000] {dag.py:3820} INFO - Setting next_dagrun for logs_ecommerce_dag to 2026-04-09T02:00:00+00:00, run_after=2026-04-10T02:00:00+00:00
[2026-04-09T13:46:09.575+0000] {processor.py:183} INFO - Processing /opt/airflow/dags/logs_ecommerce_dag.py took 0.099 seconds
[2026-04-09T13:46:39.860+0000] {processor.py:161} INFO - Started process (PID=1057) to work on /opt/airflow/dags/logs_ecommerce_dag.py
[2026-04-09T13:46:39.862+0000] {processor.py:830} INFO - Processing file /opt/airflow/dags/logs_ecommerce_dag.py for tasks to queue
[2026-04-09T13:46:39.865+0000] {logging_mixin.py:188} INFO - [2026-04-09T13:46:39.862+0000] {dagbag.py:538} INFO - Filling up the DagBag from /opt/airflow/dags/logs_ecommerce_dag.py
[2026-04-09T13:46:39.879+0000] {processor.py:840} INFO - DAG(s) 'logs_ecommerce_dag' retrieved from /opt/airflow/dags/logs_ecommerce_dag.py
[2026-04-09T13:46:39.915+0000] {logging_mixin.py:188} INFO - [2026-04-09T13:46:39.915+0000] {dag.py:3033} INFO - Sync 1 DAGs
[2026-04-09T13:46:39.943+0000] {logging_mixin.py:188} INFO - [2026-04-09T13:46:39.942+0000] {dag.py:3820} INFO - Setting next_dagrun for logs_ecommerce_dag to 2026-04-09T02:00:00+00:00, run_after=2026-04-10T02:00:00+00:00
[2026-04-09T13:46:39.961+0000] {processor.py:183} INFO - Processing /opt/airflow/dags/logs_ecommerce_dag.py took 0.104 seconds
[2026-04-09T13:47:10.196+0000] {processor.py:161} INFO - Started process (PID=1082) to work on /opt/airflow/dags/logs_ecommerce_dag.py
[2026-04-09T13:47:10.197+0000] {processor.py:830} INFO - Processing file /opt/airflow/dags/logs_ecommerce_dag.py for tasks to queue
[2026-04-09T13:47:10.200+0000] {logging_mixin.py:188} INFO - [2026-04-09T13:47:10.198+0000] {dagbag.py:538} INFO - Filling up the DagBag from /opt/airflow/dags/logs_ecommerce_dag.py
[2026-04-09T13:47:10.224+0000] {processor.py:840} INFO - DAG(s) 'logs_ecommerce_dag' retrieved from /opt/airflow/dags/logs_ecommerce_dag.py
[2026-04-09T13:47:10.261+0000] {logging_mixin.py:188} INFO - [2026-04-09T13:47:10.261+0000] {dag.py:3033} INFO - Sync 1 DAGs
[2026-04-09T13:47:10.291+0000] {logging_mixin.py:188} INFO - [2026-04-09T13:47:10.290+0000] {dag.py:3820} INFO - Setting next_dagrun for logs_ecommerce_dag to 2026-04-09T02:00:00+00:00, run_after=2026-04-10T02:00:00+00:00
[2026-04-09T13:47:10.308+0000] {processor.py:183} INFO - Processing /opt/airflow/dags/logs_ecommerce_dag.py took 0.119 seconds
[2026-04-09T13:47:40.478+0000] {processor.py:161} INFO - Started process (PID=1107) to work on /opt/airflow/dags/logs_ecommerce_dag.py
[2026-04-09T13:47:40.481+0000] {processor.py:830} INFO - Processing file /opt/airflow/dags/logs_ecommerce_dag.py for tasks to queue
[2026-04-09T13:47:40.482+0000] {logging_mixin.py:188} INFO - [2026-04-09T13:47:40.482+0000] {dagbag.py:538} INFO - Filling up the DagBag from /opt/airflow/dags/logs_ecommerce_dag.py
[2026-04-09T13:47:40.496+0000] {processor.py:840} INFO - DAG(s) 'logs_ecommerce_dag' retrieved from /opt/airflow/dags/logs_ecommerce_dag.py
[2026-04-09T13:47:40.531+0000] {logging_mixin.py:188} INFO - [2026-04-09T13:47:40.531+0000] {dag.py:3033} INFO - Sync 1 DAGs
[2026-04-09T13:47:40.558+0000] {logging_mixin.py:188} INFO - [2026-04-09T13:47:40.558+0000] {dag.py:3820} INFO - Setting next_dagrun for logs_ecommerce_dag to 2026-04-09T02:00:00+00:00, run_after=2026-04-10T02:00:00+00:00
[2026-04-09T13:47:40.576+0000] {processor.py:183} INFO - Processing /opt/airflow/dags/logs_ecommerce_dag.py took 0.102 seconds
[2026-04-09T13:48:10.795+0000] {processor.py:161} INFO - Started process (PID=1132) to work on /opt/airflow/dags/logs_ecommerce_dag.py
[2026-04-09T13:48:10.795+0000] {processor.py:830} INFO - Processing file /opt/airflow/dags/logs_ecommerce_dag.py for tasks to queue
[2026-04-09T13:48:10.796+0000] {logging_mixin.py:188} INFO - [2026-04-09T13:48:10.796+0000] {dagbag.py:538} INFO - Filling up the DagBag from /opt/airflow/dags/logs_ecommerce_dag.py
[2026-04-09T13:48:10.808+0000] {processor.py:840} INFO - DAG(s) 'logs_ecommerce_dag' retrieved from /opt/airflow/dags/logs_ecommerce_dag.py
[2026-04-09T13:48:10.842+0000] {logging_mixin.py:188} INFO - [2026-04-09T13:48:10.842+0000] {dag.py:3033} INFO - Sync 1 DAGs
[2026-04-09T13:48:10.868+0000] {logging_mixin.py:188} INFO - [2026-04-09T13:48:10.868+0000] {dag.py:3820} INFO - Setting next_dagrun for logs_ecommerce_dag to 2026-04-09T02:00:00+00:00, run_after=2026-04-10T02:00:00+00:00
[2026-04-09T13:48:10.887+0000] {processor.py:183} INFO - Processing /opt/airflow/dags/logs_ecommerce_dag.py took 0.096 seconds
[2026-04-09T13:48:41.129+0000] {processor.py:161} INFO - Started process (PID=1157) to work on /opt/airflow/dags/logs_ecommerce_dag.py
[2026-04-09T13:48:41.131+0000] {processor.py:830} INFO - Processing file /opt/airflow/dags/logs_ecommerce_dag.py for tasks to queue
[2026-04-09T13:48:41.132+0000] {logging_mixin.py:188} INFO - [2026-04-09T13:48:41.132+0000] {dagbag.py:538} INFO - Filling up the DagBag from /opt/airflow/dags/logs_ecommerce_dag.py
[2026-04-09T13:48:41.144+0000] {processor.py:840} INFO - DAG(s) 'logs_ecommerce_dag' retrieved from /opt/airflow/dags/logs_ecommerce_dag.py
[2026-04-09T13:48:41.177+0000] {logging_mixin.py:188} INFO - [2026-04-09T13:48:41.177+0000] {dag.py:3033} INFO - Sync 1 DAGs
[2026-04-09T13:48:41.205+0000] {logging_mixin.py:188} INFO - [2026-04-09T13:48:41.205+0000] {dag.py:3820} INFO - Setting next_dagrun for logs_ecommerce_dag to 2026-04-09T02:00:00+00:00, run_after=2026-04-10T02:00:00+00:00
[2026-04-09T13:48:41.223+0000] {processor.py:183} INFO - Processing /opt/airflow/dags/logs_ecommerce_dag.py took 0.097 seconds
[2026-04-09T13:49:11.481+0000] {processor.py:161} INFO - Started process (PID=1182) to work on /opt/airflow/dags/logs_ecommerce_dag.py
[2026-04-09T13:49:11.482+0000] {processor.py:830} INFO - Processing file /opt/airflow/dags/logs_ecommerce_dag.py for tasks to queue
[2026-04-09T13:49:11.482+0000] {logging_mixin.py:188} INFO - [2026-04-09T13:49:11.482+0000] {dagbag.py:538} INFO - Filling up the DagBag from /opt/airflow/dags/logs_ecommerce_dag.py
[2026-04-09T13:49:11.496+0000] {processor.py:840} INFO - DAG(s) 'logs_ecommerce_dag' retrieved from /opt/airflow/dags/logs_ecommerce_dag.py
[2026-04-09T13:49:11.529+0000] {logging_mixin.py:188} INFO - [2026-04-09T13:49:11.529+0000] {dag.py:3033} INFO - Sync 1 DAGs
[2026-04-09T13:49:11.556+0000] {logging_mixin.py:188} INFO - [2026-04-09T13:49:11.556+0000] {dag.py:3820} INFO - Setting next_dagrun for logs_ecommerce_dag to 2026-04-09T02:00:00+00:00, run_after=2026-04-10T02:00:00+00:00
[2026-04-09T13:49:11.574+0000] {processor.py:183} INFO - Processing /opt/airflow/dags/logs_ecommerce_dag.py took 0.097 seconds
[2026-04-09T13:49:41.819+0000] {processor.py:161} INFO - Started process (PID=1207) to work on /opt/airflow/dags/logs_ecommerce_dag.py
[2026-04-09T13:49:41.820+0000] {processor.py:830} INFO - Processing file /opt/airflow/dags/logs_ecommerce_dag.py for tasks to queue
[2026-04-09T13:49:41.820+0000] {logging_mixin.py:188} INFO - [2026-04-09T13:49:41.820+0000] {dagbag.py:538} INFO - Filling up the DagBag from /opt/airflow/dags/logs_ecommerce_dag.py
[2026-04-09T13:49:41.839+0000] {processor.py:840} INFO - DAG(s) 'logs_ecommerce_dag' retrieved from /opt/airflow/dags/logs_ecommerce_dag.py
[2026-04-09T13:49:41.873+0000] {logging_mixin.py:188} INFO - [2026-04-09T13:49:41.873+0000] {dag.py:3033} INFO - Sync 1 DAGs
[2026-04-09T13:49:41.939+0000] {logging_mixin.py:188} INFO - [2026-04-09T13:49:41.938+0000] {dag.py:3820} INFO - Setting next_dagrun for logs_ecommerce_dag to 2026-04-09T02:00:00+00:00, run_after=2026-04-10T02:00:00+00:00
[2026-04-09T13:49:41.960+0000] {processor.py:183} INFO - Processing /opt/airflow/dags/logs_ecommerce_dag.py took 0.145 seconds
[2026-04-09T13:50:12.251+0000] {processor.py:161} INFO - Started process (PID=1232) to work on /opt/airflow/dags/logs_ecommerce_dag.py
[2026-04-09T13:50:12.252+0000] {processor.py:830} INFO - Processing file /opt/airflow/dags/logs_ecommerce_dag.py for tasks to queue
[2026-04-09T13:50:12.253+0000] {logging_mixin.py:188} INFO - [2026-04-09T13:50:12.253+0000] {dagbag.py:538} INFO - Filling up the DagBag from /opt/airflow/dags/logs_ecommerce_dag.py
[2026-04-09T13:50:12.267+0000] {processor.py:840} INFO - DAG(s) 'logs_ecommerce_dag' retrieved from /opt/airflow/dags/logs_ecommerce_dag.py
[2026-04-09T13:50:12.302+0000] {logging_mixin.py:188} INFO - [2026-04-09T13:50:12.302+0000] {dag.py:3033} INFO - Sync 1 DAGs
[2026-04-09T13:50:12.330+0000] {logging_mixin.py:188} INFO - [2026-04-09T13:50:12.329+0000] {dag.py:3820} INFO - Setting next_dagrun for logs_ecommerce_dag to 2026-04-09T02:00:00+00:00, run_after=2026-04-10T02:00:00+00:00
[2026-04-09T13:50:12.348+0000] {processor.py:183} INFO - Processing /opt/airflow/dags/logs_ecommerce_dag.py took 0.100 seconds
[2026-04-09T13:50:42.604+0000] {processor.py:161} INFO - Started process (PID=1257) to work on /opt/airflow/dags/logs_ecommerce_dag.py
[2026-04-09T13:50:42.605+0000] {processor.py:830} INFO - Processing file /opt/airflow/dags/logs_ecommerce_dag.py for tasks to queue
[2026-04-09T13:50:42.606+0000] {logging_mixin.py:188} INFO - [2026-04-09T13:50:42.606+0000] {dagbag.py:538} INFO - Filling up the DagBag from /opt/airflow/dags/logs_ecommerce_dag.py
[2026-04-09T13:50:42.624+0000] {processor.py:840} INFO - DAG(s) 'logs_ecommerce_dag' retrieved from /opt/airflow/dags/logs_ecommerce_dag.py
[2026-04-09T13:50:42.655+0000] {logging_mixin.py:188} INFO - [2026-04-09T13:50:42.655+0000] {dag.py:3033} INFO - Sync 1 DAGs
[2026-04-09T13:50:42.682+0000] {logging_mixin.py:188} INFO - [2026-04-09T13:50:42.682+0000] {dag.py:3820} INFO - Setting next_dagrun for logs_ecommerce_dag to 2026-04-09T02:00:00+00:00, run_after=2026-04-10T02:00:00+00:00
[2026-04-09T13:50:42.703+0000] {processor.py:183} INFO - Processing /opt/airflow/dags/logs_ecommerce_dag.py took 0.103 seconds
[2026-04-09T13:51:12.973+0000] {processor.py:161} INFO - Started process (PID=1282) to work on /opt/airflow/dags/logs_ecommerce_dag.py
[2026-04-09T13:51:12.973+0000] {processor.py:830} INFO - Processing file /opt/airflow/dags/logs_ecommerce_dag.py for tasks to queue
[2026-04-09T13:51:12.974+0000] {logging_mixin.py:188} INFO - [2026-04-09T13:51:12.974+0000] {dagbag.py:538} INFO - Filling up the DagBag from /opt/airflow/dags/logs_ecommerce_dag.py
[2026-04-09T13:51:12.986+0000] {processor.py:840} INFO - DAG(s) 'logs_ecommerce_dag' retrieved from /opt/airflow/dags/logs_ecommerce_dag.py
[2026-04-09T13:51:13.020+0000] {logging_mixin.py:188} INFO - [2026-04-09T13:51:13.020+0000] {dag.py:3033} INFO - Sync 1 DAGs
[2026-04-09T13:51:13.048+0000] {logging_mixin.py:188} INFO - [2026-04-09T13:51:13.048+0000] {dag.py:3820} INFO - Setting next_dagrun for logs_ecommerce_dag to 2026-04-09T02:00:00+00:00, run_after=2026-04-10T02:00:00+00:00
[2026-04-09T13:51:13.067+0000] {processor.py:183} INFO - Processing /opt/airflow/dags/logs_ecommerce_dag.py took 0.098 seconds
[2026-04-09T13:51:43.318+0000] {processor.py:161} INFO - Started process (PID=1307) to work on /opt/airflow/dags/logs_ecommerce_dag.py
[2026-04-09T13:51:43.319+0000] {processor.py:830} INFO - Processing file /opt/airflow/dags/logs_ecommerce_dag.py for tasks to queue
[2026-04-09T13:51:43.320+0000] {logging_mixin.py:188} INFO - [2026-04-09T13:51:43.319+0000] {dagbag.py:538} INFO - Filling up the DagBag from /opt/airflow/dags/logs_ecommerce_dag.py
[2026-04-09T13:51:43.332+0000] {processor.py:840} INFO - DAG(s) 'logs_ecommerce_dag' retrieved from /opt/airflow/dags/logs_ecommerce_dag.py
[2026-04-09T13:51:43.368+0000] {logging_mixin.py:188} INFO - [2026-04-09T13:51:43.368+0000] {dag.py:3033} INFO - Sync 1 DAGs
[2026-04-09T13:51:43.395+0000] {logging_mixin.py:188} INFO - [2026-04-09T13:51:43.395+0000] {dag.py:3820} INFO - Setting next_dagrun for logs_ecommerce_dag to 2026-04-09T02:00:00+00:00, run_after=2026-04-10T02:00:00+00:00
[2026-04-09T13:51:43.414+0000] {processor.py:183} INFO - Processing /opt/airflow/dags/logs_ecommerce_dag.py took 0.100 seconds
[2026-04-09T13:52:13.722+0000] {processor.py:161} INFO - Started process (PID=1332) to work on /opt/airflow/dags/logs_ecommerce_dag.py
[2026-04-09T13:52:13.722+0000] {processor.py:830} INFO - Processing file /opt/airflow/dags/logs_ecommerce_dag.py for tasks to queue
[2026-04-09T13:52:13.723+0000] {logging_mixin.py:188} INFO - [2026-04-09T13:52:13.723+0000] {dagbag.py:538} INFO - Filling up the DagBag from /opt/airflow/dags/logs_ecommerce_dag.py
[2026-04-09T13:52:13.738+0000] {processor.py:840} INFO - DAG(s) 'logs_ecommerce_dag' retrieved from /opt/airflow/dags/logs_ecommerce_dag.py
[2026-04-09T13:52:13.773+0000] {logging_mixin.py:188} INFO - [2026-04-09T13:52:13.773+0000] {dag.py:3033} INFO - Sync 1 DAGs
[2026-04-09T13:52:13.807+0000] {logging_mixin.py:188} INFO - [2026-04-09T13:52:13.803+0000] {dag.py:3820} INFO - Setting next_dagrun for logs_ecommerce_dag to 2026-04-09T02:00:00+00:00, run_after=2026-04-10T02:00:00+00:00
[2026-04-09T13:52:13.854+0000] {processor.py:183} INFO - Processing /opt/airflow/dags/logs_ecommerce_dag.py took 0.136 seconds
