[2026-04-09T13:31:28.069+0000] {processor.py:161} INFO - Started process (PID=181) to work on /opt/airflow/dags/logs_compaction_dag.py
[2026-04-09T13:31:28.072+0000] {processor.py:830} INFO - Processing file /opt/airflow/dags/logs_compaction_dag.py for tasks to queue
[2026-04-09T13:31:28.076+0000] {logging_mixin.py:188} INFO - [2026-04-09T13:31:28.075+0000] {dagbag.py:538} INFO - Filling up the DagBag from /opt/airflow/dags/logs_compaction_dag.py
[2026-04-09T13:31:28.129+0000] {processor.py:840} INFO - DAG(s) 'logs_compaction_dag' retrieved from /opt/airflow/dags/logs_compaction_dag.py
[2026-04-09T13:31:28.201+0000] {logging_mixin.py:188} INFO - [2026-04-09T13:31:28.201+0000] {dag.py:3033} INFO - Sync 1 DAGs
[2026-04-09T13:31:28.251+0000] {logging_mixin.py:188} INFO - [2026-04-09T13:31:28.251+0000] {dag.py:3820} INFO - Setting next_dagrun for logs_compaction_dag to 2026-03-30T03:00:00+00:00, run_after=2026-04-06T03:00:00+00:00
[2026-04-09T13:31:28.294+0000] {processor.py:183} INFO - Processing /opt/airflow/dags/logs_compaction_dag.py took 0.247 seconds
[2026-04-09T13:31:58.587+0000] {processor.py:161} INFO - Started process (PID=234) to work on /opt/airflow/dags/logs_compaction_dag.py
[2026-04-09T13:31:58.589+0000] {processor.py:830} INFO - Processing file /opt/airflow/dags/logs_compaction_dag.py for tasks to queue
[2026-04-09T13:31:58.590+0000] {logging_mixin.py:188} INFO - [2026-04-09T13:31:58.590+0000] {dagbag.py:538} INFO - Filling up the DagBag from /opt/airflow/dags/logs_compaction_dag.py
[2026-04-09T13:31:58.605+0000] {processor.py:840} INFO - DAG(s) 'logs_compaction_dag' retrieved from /opt/airflow/dags/logs_compaction_dag.py
[2026-04-09T13:31:58.715+0000] {logging_mixin.py:188} INFO - [2026-04-09T13:31:58.714+0000] {dag.py:3033} INFO - Sync 1 DAGs
[2026-04-09T13:31:58.732+0000] {logging_mixin.py:188} INFO - [2026-04-09T13:31:58.731+0000] {dag.py:3820} INFO - Setting next_dagrun for logs_compaction_dag to 2026-03-30T03:00:00+00:00, run_after=2026-04-06T03:00:00+00:00
[2026-04-09T13:31:58.747+0000] {processor.py:183} INFO - Processing /opt/airflow/dags/logs_compaction_dag.py took 0.164 seconds
[2026-04-09T13:32:28.963+0000] {processor.py:161} INFO - Started process (PID=284) to work on /opt/airflow/dags/logs_compaction_dag.py
[2026-04-09T13:32:28.964+0000] {processor.py:830} INFO - Processing file /opt/airflow/dags/logs_compaction_dag.py for tasks to queue
[2026-04-09T13:32:28.965+0000] {logging_mixin.py:188} INFO - [2026-04-09T13:32:28.964+0000] {dagbag.py:538} INFO - Filling up the DagBag from /opt/airflow/dags/logs_compaction_dag.py
[2026-04-09T13:32:28.978+0000] {processor.py:840} INFO - DAG(s) 'logs_compaction_dag' retrieved from /opt/airflow/dags/logs_compaction_dag.py
[2026-04-09T13:32:29.010+0000] {logging_mixin.py:188} INFO - [2026-04-09T13:32:29.009+0000] {dag.py:3033} INFO - Sync 1 DAGs
[2026-04-09T13:32:29.068+0000] {logging_mixin.py:188} INFO - [2026-04-09T13:32:29.068+0000] {dag.py:3820} INFO - Setting next_dagrun for logs_compaction_dag to 2026-03-30T03:00:00+00:00, run_after=2026-04-06T03:00:00+00:00
[2026-04-09T13:32:29.102+0000] {processor.py:183} INFO - Processing /opt/airflow/dags/logs_compaction_dag.py took 0.143 seconds
[2026-04-09T13:32:59.367+0000] {processor.py:161} INFO - Started process (PID=332) to work on /opt/airflow/dags/logs_compaction_dag.py
[2026-04-09T13:32:59.368+0000] {processor.py:830} INFO - Processing file /opt/airflow/dags/logs_compaction_dag.py for tasks to queue
[2026-04-09T13:32:59.369+0000] {logging_mixin.py:188} INFO - [2026-04-09T13:32:59.368+0000] {dagbag.py:538} INFO - Filling up the DagBag from /opt/airflow/dags/logs_compaction_dag.py
[2026-04-09T13:32:59.382+0000] {processor.py:840} INFO - DAG(s) 'logs_compaction_dag' retrieved from /opt/airflow/dags/logs_compaction_dag.py
[2026-04-09T13:32:59.412+0000] {logging_mixin.py:188} INFO - [2026-04-09T13:32:59.412+0000] {dag.py:3033} INFO - Sync 1 DAGs
[2026-04-09T13:32:59.447+0000] {logging_mixin.py:188} INFO - [2026-04-09T13:32:59.447+0000] {dag.py:3820} INFO - Setting next_dagrun for logs_compaction_dag to 2026-03-30T03:00:00+00:00, run_after=2026-04-06T03:00:00+00:00
[2026-04-09T13:32:59.465+0000] {processor.py:183} INFO - Processing /opt/airflow/dags/logs_compaction_dag.py took 0.102 seconds
[2026-04-09T13:33:29.763+0000] {processor.py:161} INFO - Started process (PID=357) to work on /opt/airflow/dags/logs_compaction_dag.py
[2026-04-09T13:33:29.764+0000] {processor.py:830} INFO - Processing file /opt/airflow/dags/logs_compaction_dag.py for tasks to queue
[2026-04-09T13:33:29.765+0000] {logging_mixin.py:188} INFO - [2026-04-09T13:33:29.765+0000] {dagbag.py:538} INFO - Filling up the DagBag from /opt/airflow/dags/logs_compaction_dag.py
[2026-04-09T13:33:29.778+0000] {processor.py:840} INFO - DAG(s) 'logs_compaction_dag' retrieved from /opt/airflow/dags/logs_compaction_dag.py
[2026-04-09T13:33:29.810+0000] {logging_mixin.py:188} INFO - [2026-04-09T13:33:29.810+0000] {dag.py:3033} INFO - Sync 1 DAGs
[2026-04-09T13:33:29.851+0000] {logging_mixin.py:188} INFO - [2026-04-09T13:33:29.851+0000] {dag.py:3820} INFO - Setting next_dagrun for logs_compaction_dag to 2026-03-30T03:00:00+00:00, run_after=2026-04-06T03:00:00+00:00
[2026-04-09T13:33:29.867+0000] {processor.py:183} INFO - Processing /opt/airflow/dags/logs_compaction_dag.py took 0.108 seconds
[2026-04-09T13:34:00.149+0000] {processor.py:161} INFO - Started process (PID=389) to work on /opt/airflow/dags/logs_compaction_dag.py
[2026-04-09T13:34:00.150+0000] {processor.py:830} INFO - Processing file /opt/airflow/dags/logs_compaction_dag.py for tasks to queue
[2026-04-09T13:34:00.151+0000] {logging_mixin.py:188} INFO - [2026-04-09T13:34:00.150+0000] {dagbag.py:538} INFO - Filling up the DagBag from /opt/airflow/dags/logs_compaction_dag.py
[2026-04-09T13:34:00.167+0000] {processor.py:840} INFO - DAG(s) 'logs_compaction_dag' retrieved from /opt/airflow/dags/logs_compaction_dag.py
[2026-04-09T13:34:00.200+0000] {logging_mixin.py:188} INFO - [2026-04-09T13:34:00.199+0000] {dag.py:3033} INFO - Sync 1 DAGs
[2026-04-09T13:34:00.228+0000] {logging_mixin.py:188} INFO - [2026-04-09T13:34:00.228+0000] {dag.py:3820} INFO - Setting next_dagrun for logs_compaction_dag to 2026-03-30T03:00:00+00:00, run_after=2026-04-06T03:00:00+00:00
[2026-04-09T13:34:00.247+0000] {processor.py:183} INFO - Processing /opt/airflow/dags/logs_compaction_dag.py took 0.102 seconds
[2026-04-09T13:34:30.521+0000] {processor.py:161} INFO - Started process (PID=428) to work on /opt/airflow/dags/logs_compaction_dag.py
[2026-04-09T13:34:30.521+0000] {processor.py:830} INFO - Processing file /opt/airflow/dags/logs_compaction_dag.py for tasks to queue
[2026-04-09T13:34:30.522+0000] {logging_mixin.py:188} INFO - [2026-04-09T13:34:30.522+0000] {dagbag.py:538} INFO - Filling up the DagBag from /opt/airflow/dags/logs_compaction_dag.py
[2026-04-09T13:34:30.541+0000] {processor.py:840} INFO - DAG(s) 'logs_compaction_dag' retrieved from /opt/airflow/dags/logs_compaction_dag.py
[2026-04-09T13:34:30.580+0000] {logging_mixin.py:188} INFO - [2026-04-09T13:34:30.580+0000] {dag.py:3033} INFO - Sync 1 DAGs
[2026-04-09T13:34:30.607+0000] {logging_mixin.py:188} INFO - [2026-04-09T13:34:30.607+0000] {dag.py:3820} INFO - Setting next_dagrun for logs_compaction_dag to 2026-03-30T03:00:00+00:00, run_after=2026-04-06T03:00:00+00:00
[2026-04-09T13:34:30.625+0000] {processor.py:183} INFO - Processing /opt/airflow/dags/logs_compaction_dag.py took 0.109 seconds
[2026-04-09T13:35:00.893+0000] {processor.py:161} INFO - Started process (PID=453) to work on /opt/airflow/dags/logs_compaction_dag.py
[2026-04-09T13:35:00.894+0000] {processor.py:830} INFO - Processing file /opt/airflow/dags/logs_compaction_dag.py for tasks to queue
[2026-04-09T13:35:00.895+0000] {logging_mixin.py:188} INFO - [2026-04-09T13:35:00.895+0000] {dagbag.py:538} INFO - Filling up the DagBag from /opt/airflow/dags/logs_compaction_dag.py
[2026-04-09T13:35:00.908+0000] {processor.py:840} INFO - DAG(s) 'logs_compaction_dag' retrieved from /opt/airflow/dags/logs_compaction_dag.py
[2026-04-09T13:35:00.943+0000] {logging_mixin.py:188} INFO - [2026-04-09T13:35:00.943+0000] {dag.py:3033} INFO - Sync 1 DAGs
[2026-04-09T13:35:00.973+0000] {logging_mixin.py:188} INFO - [2026-04-09T13:35:00.973+0000] {dag.py:3820} INFO - Setting next_dagrun for logs_compaction_dag to 2026-03-30T03:00:00+00:00, run_after=2026-04-06T03:00:00+00:00
[2026-04-09T13:35:00.990+0000] {processor.py:183} INFO - Processing /opt/airflow/dags/logs_compaction_dag.py took 0.101 seconds
[2026-04-09T13:35:31.243+0000] {processor.py:161} INFO - Started process (PID=478) to work on /opt/airflow/dags/logs_compaction_dag.py
[2026-04-09T13:35:31.244+0000] {processor.py:830} INFO - Processing file /opt/airflow/dags/logs_compaction_dag.py for tasks to queue
[2026-04-09T13:35:31.245+0000] {logging_mixin.py:188} INFO - [2026-04-09T13:35:31.244+0000] {dagbag.py:538} INFO - Filling up the DagBag from /opt/airflow/dags/logs_compaction_dag.py
[2026-04-09T13:35:31.258+0000] {processor.py:840} INFO - DAG(s) 'logs_compaction_dag' retrieved from /opt/airflow/dags/logs_compaction_dag.py
[2026-04-09T13:35:31.293+0000] {logging_mixin.py:188} INFO - [2026-04-09T13:35:31.293+0000] {dag.py:3033} INFO - Sync 1 DAGs
[2026-04-09T13:35:31.321+0000] {logging_mixin.py:188} INFO - [2026-04-09T13:35:31.321+0000] {dag.py:3820} INFO - Setting next_dagrun for logs_compaction_dag to 2026-03-30T03:00:00+00:00, run_after=2026-04-06T03:00:00+00:00
[2026-04-09T13:35:31.339+0000] {processor.py:183} INFO - Processing /opt/airflow/dags/logs_compaction_dag.py took 0.101 seconds
[2026-04-09T13:36:01.649+0000] {processor.py:161} INFO - Started process (PID=503) to work on /opt/airflow/dags/logs_compaction_dag.py
[2026-04-09T13:36:01.650+0000] {processor.py:830} INFO - Processing file /opt/airflow/dags/logs_compaction_dag.py for tasks to queue
[2026-04-09T13:36:01.651+0000] {logging_mixin.py:188} INFO - [2026-04-09T13:36:01.651+0000] {dagbag.py:538} INFO - Filling up the DagBag from /opt/airflow/dags/logs_compaction_dag.py
[2026-04-09T13:36:01.666+0000] {processor.py:840} INFO - DAG(s) 'logs_compaction_dag' retrieved from /opt/airflow/dags/logs_compaction_dag.py
[2026-04-09T13:36:01.707+0000] {logging_mixin.py:188} INFO - [2026-04-09T13:36:01.706+0000] {dag.py:3033} INFO - Sync 1 DAGs
[2026-04-09T13:36:01.735+0000] {logging_mixin.py:188} INFO - [2026-04-09T13:36:01.735+0000] {dag.py:3820} INFO - Setting next_dagrun for logs_compaction_dag to 2026-03-30T03:00:00+00:00, run_after=2026-04-06T03:00:00+00:00
[2026-04-09T13:36:01.766+0000] {processor.py:183} INFO - Processing /opt/airflow/dags/logs_compaction_dag.py took 0.121 seconds
[2026-04-09T13:36:32.042+0000] {processor.py:161} INFO - Started process (PID=534) to work on /opt/airflow/dags/logs_compaction_dag.py
[2026-04-09T13:36:32.043+0000] {processor.py:830} INFO - Processing file /opt/airflow/dags/logs_compaction_dag.py for tasks to queue
[2026-04-09T13:36:32.044+0000] {logging_mixin.py:188} INFO - [2026-04-09T13:36:32.044+0000] {dagbag.py:538} INFO - Filling up the DagBag from /opt/airflow/dags/logs_compaction_dag.py
[2026-04-09T13:36:32.086+0000] {processor.py:840} INFO - DAG(s) 'logs_compaction_dag' retrieved from /opt/airflow/dags/logs_compaction_dag.py
[2026-04-09T13:36:32.121+0000] {logging_mixin.py:188} INFO - [2026-04-09T13:36:32.120+0000] {dag.py:3033} INFO - Sync 1 DAGs
[2026-04-09T13:36:32.161+0000] {logging_mixin.py:188} INFO - [2026-04-09T13:36:32.161+0000] {dag.py:3820} INFO - Setting next_dagrun for logs_compaction_dag to 2026-03-30T03:00:00+00:00, run_after=2026-04-06T03:00:00+00:00
[2026-04-09T13:36:32.196+0000] {processor.py:183} INFO - Processing /opt/airflow/dags/logs_compaction_dag.py took 0.164 seconds
[2026-04-09T13:37:02.438+0000] {processor.py:161} INFO - Started process (PID=583) to work on /opt/airflow/dags/logs_compaction_dag.py
[2026-04-09T13:37:02.439+0000] {processor.py:830} INFO - Processing file /opt/airflow/dags/logs_compaction_dag.py for tasks to queue
[2026-04-09T13:37:02.440+0000] {logging_mixin.py:188} INFO - [2026-04-09T13:37:02.440+0000] {dagbag.py:538} INFO - Filling up the DagBag from /opt/airflow/dags/logs_compaction_dag.py
[2026-04-09T13:37:02.456+0000] {processor.py:840} INFO - DAG(s) 'logs_compaction_dag' retrieved from /opt/airflow/dags/logs_compaction_dag.py
[2026-04-09T13:37:02.489+0000] {logging_mixin.py:188} INFO - [2026-04-09T13:37:02.488+0000] {dag.py:3033} INFO - Sync 1 DAGs
[2026-04-09T13:37:02.516+0000] {logging_mixin.py:188} INFO - [2026-04-09T13:37:02.516+0000] {dag.py:3820} INFO - Setting next_dagrun for logs_compaction_dag to 2026-03-30T03:00:00+00:00, run_after=2026-04-06T03:00:00+00:00
[2026-04-09T13:37:02.534+0000] {processor.py:183} INFO - Processing /opt/airflow/dags/logs_compaction_dag.py took 0.099 seconds
[2026-04-09T13:37:32.796+0000] {processor.py:161} INFO - Started process (PID=608) to work on /opt/airflow/dags/logs_compaction_dag.py
[2026-04-09T13:37:32.798+0000] {processor.py:830} INFO - Processing file /opt/airflow/dags/logs_compaction_dag.py for tasks to queue
[2026-04-09T13:37:32.799+0000] {logging_mixin.py:188} INFO - [2026-04-09T13:37:32.799+0000] {dagbag.py:538} INFO - Filling up the DagBag from /opt/airflow/dags/logs_compaction_dag.py
[2026-04-09T13:37:32.816+0000] {processor.py:840} INFO - DAG(s) 'logs_compaction_dag' retrieved from /opt/airflow/dags/logs_compaction_dag.py
[2026-04-09T13:37:32.853+0000] {logging_mixin.py:188} INFO - [2026-04-09T13:37:32.852+0000] {dag.py:3033} INFO - Sync 1 DAGs
[2026-04-09T13:37:32.881+0000] {logging_mixin.py:188} INFO - [2026-04-09T13:37:32.881+0000] {dag.py:3820} INFO - Setting next_dagrun for logs_compaction_dag to 2026-03-30T03:00:00+00:00, run_after=2026-04-06T03:00:00+00:00
[2026-04-09T13:37:32.899+0000] {processor.py:183} INFO - Processing /opt/airflow/dags/logs_compaction_dag.py took 0.116 seconds
[2026-04-09T13:38:03.082+0000] {processor.py:161} INFO - Started process (PID=633) to work on /opt/airflow/dags/logs_compaction_dag.py
[2026-04-09T13:38:03.083+0000] {processor.py:830} INFO - Processing file /opt/airflow/dags/logs_compaction_dag.py for tasks to queue
[2026-04-09T13:38:03.084+0000] {logging_mixin.py:188} INFO - [2026-04-09T13:38:03.083+0000] {dagbag.py:538} INFO - Filling up the DagBag from /opt/airflow/dags/logs_compaction_dag.py
[2026-04-09T13:38:03.096+0000] {processor.py:840} INFO - DAG(s) 'logs_compaction_dag' retrieved from /opt/airflow/dags/logs_compaction_dag.py
[2026-04-09T13:38:03.127+0000] {logging_mixin.py:188} INFO - [2026-04-09T13:38:03.127+0000] {dag.py:3033} INFO - Sync 1 DAGs
[2026-04-09T13:38:03.155+0000] {logging_mixin.py:188} INFO - [2026-04-09T13:38:03.155+0000] {dag.py:3820} INFO - Setting next_dagrun for logs_compaction_dag to 2026-03-30T03:00:00+00:00, run_after=2026-04-06T03:00:00+00:00
[2026-04-09T13:38:03.173+0000] {processor.py:183} INFO - Processing /opt/airflow/dags/logs_compaction_dag.py took 0.095 seconds
[2026-04-09T13:38:33.439+0000] {processor.py:161} INFO - Started process (PID=658) to work on /opt/airflow/dags/logs_compaction_dag.py
[2026-04-09T13:38:33.440+0000] {processor.py:830} INFO - Processing file /opt/airflow/dags/logs_compaction_dag.py for tasks to queue
[2026-04-09T13:38:33.440+0000] {logging_mixin.py:188} INFO - [2026-04-09T13:38:33.440+0000] {dagbag.py:538} INFO - Filling up the DagBag from /opt/airflow/dags/logs_compaction_dag.py
[2026-04-09T13:38:33.453+0000] {processor.py:840} INFO - DAG(s) 'logs_compaction_dag' retrieved from /opt/airflow/dags/logs_compaction_dag.py
[2026-04-09T13:38:33.486+0000] {logging_mixin.py:188} INFO - [2026-04-09T13:38:33.486+0000] {dag.py:3033} INFO - Sync 1 DAGs
[2026-04-09T13:38:33.520+0000] {logging_mixin.py:188} INFO - [2026-04-09T13:38:33.520+0000] {dag.py:3820} INFO - Setting next_dagrun for logs_compaction_dag to 2026-03-30T03:00:00+00:00, run_after=2026-04-06T03:00:00+00:00
[2026-04-09T13:38:33.550+0000] {processor.py:183} INFO - Processing /opt/airflow/dags/logs_compaction_dag.py took 0.115 seconds
[2026-04-09T13:39:03.822+0000] {processor.py:161} INFO - Started process (PID=683) to work on /opt/airflow/dags/logs_compaction_dag.py
[2026-04-09T13:39:03.823+0000] {processor.py:830} INFO - Processing file /opt/airflow/dags/logs_compaction_dag.py for tasks to queue
[2026-04-09T13:39:03.824+0000] {logging_mixin.py:188} INFO - [2026-04-09T13:39:03.824+0000] {dagbag.py:538} INFO - Filling up the DagBag from /opt/airflow/dags/logs_compaction_dag.py
[2026-04-09T13:39:03.842+0000] {processor.py:840} INFO - DAG(s) 'logs_compaction_dag' retrieved from /opt/airflow/dags/logs_compaction_dag.py
[2026-04-09T13:39:03.892+0000] {logging_mixin.py:188} INFO - [2026-04-09T13:39:03.892+0000] {dag.py:3033} INFO - Sync 1 DAGs
[2026-04-09T13:39:03.937+0000] {logging_mixin.py:188} INFO - [2026-04-09T13:39:03.937+0000] {dag.py:3820} INFO - Setting next_dagrun for logs_compaction_dag to 2026-03-30T03:00:00+00:00, run_after=2026-04-06T03:00:00+00:00
[2026-04-09T13:39:03.963+0000] {processor.py:183} INFO - Processing /opt/airflow/dags/logs_compaction_dag.py took 0.145 seconds
[2026-04-09T13:39:34.217+0000] {processor.py:161} INFO - Started process (PID=708) to work on /opt/airflow/dags/logs_compaction_dag.py
[2026-04-09T13:39:34.218+0000] {processor.py:830} INFO - Processing file /opt/airflow/dags/logs_compaction_dag.py for tasks to queue
[2026-04-09T13:39:34.219+0000] {logging_mixin.py:188} INFO - [2026-04-09T13:39:34.218+0000] {dagbag.py:538} INFO - Filling up the DagBag from /opt/airflow/dags/logs_compaction_dag.py
[2026-04-09T13:39:34.234+0000] {processor.py:840} INFO - DAG(s) 'logs_compaction_dag' retrieved from /opt/airflow/dags/logs_compaction_dag.py
[2026-04-09T13:39:34.267+0000] {logging_mixin.py:188} INFO - [2026-04-09T13:39:34.267+0000] {dag.py:3033} INFO - Sync 1 DAGs
[2026-04-09T13:39:34.308+0000] {logging_mixin.py:188} INFO - [2026-04-09T13:39:34.308+0000] {dag.py:3820} INFO - Setting next_dagrun for logs_compaction_dag to 2026-03-30T03:00:00+00:00, run_after=2026-04-06T03:00:00+00:00
[2026-04-09T13:39:34.324+0000] {processor.py:183} INFO - Processing /opt/airflow/dags/logs_compaction_dag.py took 0.111 seconds
[2026-04-09T13:40:04.570+0000] {processor.py:161} INFO - Started process (PID=733) to work on /opt/airflow/dags/logs_compaction_dag.py
[2026-04-09T13:40:04.571+0000] {processor.py:830} INFO - Processing file /opt/airflow/dags/logs_compaction_dag.py for tasks to queue
[2026-04-09T13:40:04.572+0000] {logging_mixin.py:188} INFO - [2026-04-09T13:40:04.572+0000] {dagbag.py:538} INFO - Filling up the DagBag from /opt/airflow/dags/logs_compaction_dag.py
[2026-04-09T13:40:04.587+0000] {processor.py:840} INFO - DAG(s) 'logs_compaction_dag' retrieved from /opt/airflow/dags/logs_compaction_dag.py
[2026-04-09T13:40:04.617+0000] {logging_mixin.py:188} INFO - [2026-04-09T13:40:04.617+0000] {dag.py:3033} INFO - Sync 1 DAGs
[2026-04-09T13:40:04.645+0000] {logging_mixin.py:188} INFO - [2026-04-09T13:40:04.645+0000] {dag.py:3820} INFO - Setting next_dagrun for logs_compaction_dag to 2026-03-30T03:00:00+00:00, run_after=2026-04-06T03:00:00+00:00
[2026-04-09T13:40:04.664+0000] {processor.py:183} INFO - Processing /opt/airflow/dags/logs_compaction_dag.py took 0.097 seconds
[2026-04-09T13:40:34.853+0000] {processor.py:161} INFO - Started process (PID=758) to work on /opt/airflow/dags/logs_compaction_dag.py
[2026-04-09T13:40:34.854+0000] {processor.py:830} INFO - Processing file /opt/airflow/dags/logs_compaction_dag.py for tasks to queue
[2026-04-09T13:40:34.856+0000] {logging_mixin.py:188} INFO - [2026-04-09T13:40:34.855+0000] {dagbag.py:538} INFO - Filling up the DagBag from /opt/airflow/dags/logs_compaction_dag.py
[2026-04-09T13:40:34.876+0000] {processor.py:840} INFO - DAG(s) 'logs_compaction_dag' retrieved from /opt/airflow/dags/logs_compaction_dag.py
[2026-04-09T13:40:34.932+0000] {logging_mixin.py:188} INFO - [2026-04-09T13:40:34.932+0000] {dag.py:3033} INFO - Sync 1 DAGs
[2026-04-09T13:40:34.958+0000] {logging_mixin.py:188} INFO - [2026-04-09T13:40:34.958+0000] {dag.py:3820} INFO - Setting next_dagrun for logs_compaction_dag to 2026-03-30T03:00:00+00:00, run_after=2026-04-06T03:00:00+00:00
[2026-04-09T13:40:34.976+0000] {processor.py:183} INFO - Processing /opt/airflow/dags/logs_compaction_dag.py took 0.127 seconds
[2026-04-09T13:41:05.333+0000] {processor.py:161} INFO - Started process (PID=783) to work on /opt/airflow/dags/logs_compaction_dag.py
[2026-04-09T13:41:05.334+0000] {processor.py:830} INFO - Processing file /opt/airflow/dags/logs_compaction_dag.py for tasks to queue
[2026-04-09T13:41:05.335+0000] {logging_mixin.py:188} INFO - [2026-04-09T13:41:05.335+0000] {dagbag.py:538} INFO - Filling up the DagBag from /opt/airflow/dags/logs_compaction_dag.py
[2026-04-09T13:41:05.348+0000] {processor.py:840} INFO - DAG(s) 'logs_compaction_dag' retrieved from /opt/airflow/dags/logs_compaction_dag.py
[2026-04-09T13:41:05.383+0000] {logging_mixin.py:188} INFO - [2026-04-09T13:41:05.383+0000] {dag.py:3033} INFO - Sync 1 DAGs
[2026-04-09T13:41:05.415+0000] {logging_mixin.py:188} INFO - [2026-04-09T13:41:05.414+0000] {dag.py:3820} INFO - Setting next_dagrun for logs_compaction_dag to 2026-03-30T03:00:00+00:00, run_after=2026-04-06T03:00:00+00:00
[2026-04-09T13:41:05.433+0000] {processor.py:183} INFO - Processing /opt/airflow/dags/logs_compaction_dag.py took 0.103 seconds
[2026-04-09T13:41:35.733+0000] {processor.py:161} INFO - Started process (PID=808) to work on /opt/airflow/dags/logs_compaction_dag.py
[2026-04-09T13:41:35.733+0000] {processor.py:830} INFO - Processing file /opt/airflow/dags/logs_compaction_dag.py for tasks to queue
[2026-04-09T13:41:35.734+0000] {logging_mixin.py:188} INFO - [2026-04-09T13:41:35.734+0000] {dagbag.py:538} INFO - Filling up the DagBag from /opt/airflow/dags/logs_compaction_dag.py
[2026-04-09T13:41:35.752+0000] {processor.py:840} INFO - DAG(s) 'logs_compaction_dag' retrieved from /opt/airflow/dags/logs_compaction_dag.py
[2026-04-09T13:41:35.784+0000] {logging_mixin.py:188} INFO - [2026-04-09T13:41:35.783+0000] {dag.py:3033} INFO - Sync 1 DAGs
[2026-04-09T13:41:35.811+0000] {logging_mixin.py:188} INFO - [2026-04-09T13:41:35.811+0000] {dag.py:3820} INFO - Setting next_dagrun for logs_compaction_dag to 2026-03-30T03:00:00+00:00, run_after=2026-04-06T03:00:00+00:00
[2026-04-09T13:41:35.829+0000] {processor.py:183} INFO - Processing /opt/airflow/dags/logs_compaction_dag.py took 0.100 seconds
[2026-04-09T13:42:06.132+0000] {processor.py:161} INFO - Started process (PID=835) to work on /opt/airflow/dags/logs_compaction_dag.py
[2026-04-09T13:42:06.132+0000] {processor.py:830} INFO - Processing file /opt/airflow/dags/logs_compaction_dag.py for tasks to queue
[2026-04-09T13:42:06.133+0000] {logging_mixin.py:188} INFO - [2026-04-09T13:42:06.133+0000] {dagbag.py:538} INFO - Filling up the DagBag from /opt/airflow/dags/logs_compaction_dag.py
[2026-04-09T13:42:06.146+0000] {processor.py:840} INFO - DAG(s) 'logs_compaction_dag' retrieved from /opt/airflow/dags/logs_compaction_dag.py
[2026-04-09T13:42:06.179+0000] {logging_mixin.py:188} INFO - [2026-04-09T13:42:06.178+0000] {dag.py:3033} INFO - Sync 1 DAGs
[2026-04-09T13:42:06.206+0000] {logging_mixin.py:188} INFO - [2026-04-09T13:42:06.206+0000] {dag.py:3820} INFO - Setting next_dagrun for logs_compaction_dag to 2026-03-30T03:00:00+00:00, run_after=2026-04-06T03:00:00+00:00
[2026-04-09T13:42:06.224+0000] {processor.py:183} INFO - Processing /opt/airflow/dags/logs_compaction_dag.py took 0.097 seconds
[2026-04-09T13:42:36.549+0000] {processor.py:161} INFO - Started process (PID=860) to work on /opt/airflow/dags/logs_compaction_dag.py
[2026-04-09T13:42:36.550+0000] {processor.py:830} INFO - Processing file /opt/airflow/dags/logs_compaction_dag.py for tasks to queue
[2026-04-09T13:42:36.551+0000] {logging_mixin.py:188} INFO - [2026-04-09T13:42:36.551+0000] {dagbag.py:538} INFO - Filling up the DagBag from /opt/airflow/dags/logs_compaction_dag.py
[2026-04-09T13:42:36.564+0000] {processor.py:840} INFO - DAG(s) 'logs_compaction_dag' retrieved from /opt/airflow/dags/logs_compaction_dag.py
[2026-04-09T13:42:36.623+0000] {logging_mixin.py:188} INFO - [2026-04-09T13:42:36.623+0000] {dag.py:3033} INFO - Sync 1 DAGs
[2026-04-09T13:42:36.668+0000] {logging_mixin.py:188} INFO - [2026-04-09T13:42:36.667+0000] {dag.py:3820} INFO - Setting next_dagrun for logs_compaction_dag to 2026-03-30T03:00:00+00:00, run_after=2026-04-06T03:00:00+00:00
[2026-04-09T13:42:36.691+0000] {processor.py:183} INFO - Processing /opt/airflow/dags/logs_compaction_dag.py took 0.146 seconds
[2026-04-09T13:43:07.025+0000] {processor.py:161} INFO - Started process (PID=885) to work on /opt/airflow/dags/logs_compaction_dag.py
[2026-04-09T13:43:07.026+0000] {processor.py:830} INFO - Processing file /opt/airflow/dags/logs_compaction_dag.py for tasks to queue
[2026-04-09T13:43:07.028+0000] {logging_mixin.py:188} INFO - [2026-04-09T13:43:07.027+0000] {dagbag.py:538} INFO - Filling up the DagBag from /opt/airflow/dags/logs_compaction_dag.py
[2026-04-09T13:43:07.074+0000] {processor.py:840} INFO - DAG(s) 'logs_compaction_dag' retrieved from /opt/airflow/dags/logs_compaction_dag.py
[2026-04-09T13:43:07.117+0000] {logging_mixin.py:188} INFO - [2026-04-09T13:43:07.117+0000] {dag.py:3033} INFO - Sync 1 DAGs
[2026-04-09T13:43:07.144+0000] {logging_mixin.py:188} INFO - [2026-04-09T13:43:07.144+0000] {dag.py:3820} INFO - Setting next_dagrun for logs_compaction_dag to 2026-03-30T03:00:00+00:00, run_after=2026-04-06T03:00:00+00:00
[2026-04-09T13:43:07.158+0000] {processor.py:183} INFO - Processing /opt/airflow/dags/logs_compaction_dag.py took 0.137 seconds
[2026-04-09T13:43:37.464+0000] {processor.py:161} INFO - Started process (PID=910) to work on /opt/airflow/dags/logs_compaction_dag.py
[2026-04-09T13:43:37.465+0000] {processor.py:830} INFO - Processing file /opt/airflow/dags/logs_compaction_dag.py for tasks to queue
[2026-04-09T13:43:37.465+0000] {logging_mixin.py:188} INFO - [2026-04-09T13:43:37.465+0000] {dagbag.py:538} INFO - Filling up the DagBag from /opt/airflow/dags/logs_compaction_dag.py
[2026-04-09T13:43:37.478+0000] {processor.py:840} INFO - DAG(s) 'logs_compaction_dag' retrieved from /opt/airflow/dags/logs_compaction_dag.py
[2026-04-09T13:43:37.517+0000] {logging_mixin.py:188} INFO - [2026-04-09T13:43:37.516+0000] {dag.py:3033} INFO - Sync 1 DAGs
[2026-04-09T13:43:37.545+0000] {logging_mixin.py:188} INFO - [2026-04-09T13:43:37.545+0000] {dag.py:3820} INFO - Setting next_dagrun for logs_compaction_dag to 2026-03-30T03:00:00+00:00, run_after=2026-04-06T03:00:00+00:00
[2026-04-09T13:43:37.563+0000] {processor.py:183} INFO - Processing /opt/airflow/dags/logs_compaction_dag.py took 0.103 seconds
[2026-04-09T13:44:08.008+0000] {processor.py:161} INFO - Started process (PID=935) to work on /opt/airflow/dags/logs_compaction_dag.py
[2026-04-09T13:44:08.009+0000] {processor.py:830} INFO - Processing file /opt/airflow/dags/logs_compaction_dag.py for tasks to queue
[2026-04-09T13:44:08.010+0000] {logging_mixin.py:188} INFO - [2026-04-09T13:44:08.010+0000] {dagbag.py:538} INFO - Filling up the DagBag from /opt/airflow/dags/logs_compaction_dag.py
[2026-04-09T13:44:08.023+0000] {processor.py:840} INFO - DAG(s) 'logs_compaction_dag' retrieved from /opt/airflow/dags/logs_compaction_dag.py
[2026-04-09T13:44:08.058+0000] {logging_mixin.py:188} INFO - [2026-04-09T13:44:08.058+0000] {dag.py:3033} INFO - Sync 1 DAGs
[2026-04-09T13:44:08.085+0000] {logging_mixin.py:188} INFO - [2026-04-09T13:44:08.085+0000] {dag.py:3820} INFO - Setting next_dagrun for logs_compaction_dag to 2026-03-30T03:00:00+00:00, run_after=2026-04-06T03:00:00+00:00
[2026-04-09T13:44:08.115+0000] {processor.py:183} INFO - Processing /opt/airflow/dags/logs_compaction_dag.py took 0.110 seconds
[2026-04-09T13:44:38.412+0000] {processor.py:161} INFO - Started process (PID=960) to work on /opt/airflow/dags/logs_compaction_dag.py
[2026-04-09T13:44:38.413+0000] {processor.py:830} INFO - Processing file /opt/airflow/dags/logs_compaction_dag.py for tasks to queue
[2026-04-09T13:44:38.414+0000] {logging_mixin.py:188} INFO - [2026-04-09T13:44:38.413+0000] {dagbag.py:538} INFO - Filling up the DagBag from /opt/airflow/dags/logs_compaction_dag.py
[2026-04-09T13:44:38.427+0000] {processor.py:840} INFO - DAG(s) 'logs_compaction_dag' retrieved from /opt/airflow/dags/logs_compaction_dag.py
[2026-04-09T13:44:38.457+0000] {logging_mixin.py:188} INFO - [2026-04-09T13:44:38.457+0000] {dag.py:3033} INFO - Sync 1 DAGs
[2026-04-09T13:44:38.484+0000] {logging_mixin.py:188} INFO - [2026-04-09T13:44:38.484+0000] {dag.py:3820} INFO - Setting next_dagrun for logs_compaction_dag to 2026-03-30T03:00:00+00:00, run_after=2026-04-06T03:00:00+00:00
[2026-04-09T13:44:38.500+0000] {processor.py:183} INFO - Processing /opt/airflow/dags/logs_compaction_dag.py took 0.096 seconds
[2026-04-09T13:45:08.739+0000] {processor.py:161} INFO - Started process (PID=985) to work on /opt/airflow/dags/logs_compaction_dag.py
[2026-04-09T13:45:08.740+0000] {processor.py:830} INFO - Processing file /opt/airflow/dags/logs_compaction_dag.py for tasks to queue
[2026-04-09T13:45:08.741+0000] {logging_mixin.py:188} INFO - [2026-04-09T13:45:08.741+0000] {dagbag.py:538} INFO - Filling up the DagBag from /opt/airflow/dags/logs_compaction_dag.py
[2026-04-09T13:45:08.755+0000] {processor.py:840} INFO - DAG(s) 'logs_compaction_dag' retrieved from /opt/airflow/dags/logs_compaction_dag.py
[2026-04-09T13:45:08.791+0000] {logging_mixin.py:188} INFO - [2026-04-09T13:45:08.791+0000] {dag.py:3033} INFO - Sync 1 DAGs
[2026-04-09T13:45:08.819+0000] {logging_mixin.py:188} INFO - [2026-04-09T13:45:08.819+0000] {dag.py:3820} INFO - Setting next_dagrun for logs_compaction_dag to 2026-03-30T03:00:00+00:00, run_after=2026-04-06T03:00:00+00:00
[2026-04-09T13:45:08.837+0000] {processor.py:183} INFO - Processing /opt/airflow/dags/logs_compaction_dag.py took 0.102 seconds
[2026-04-09T13:45:39.159+0000] {processor.py:161} INFO - Started process (PID=1010) to work on /opt/airflow/dags/logs_compaction_dag.py
[2026-04-09T13:45:39.160+0000] {processor.py:830} INFO - Processing file /opt/airflow/dags/logs_compaction_dag.py for tasks to queue
[2026-04-09T13:45:39.163+0000] {logging_mixin.py:188} INFO - [2026-04-09T13:45:39.162+0000] {dagbag.py:538} INFO - Filling up the DagBag from /opt/airflow/dags/logs_compaction_dag.py
[2026-04-09T13:45:39.177+0000] {processor.py:840} INFO - DAG(s) 'logs_compaction_dag' retrieved from /opt/airflow/dags/logs_compaction_dag.py
[2026-04-09T13:45:39.209+0000] {logging_mixin.py:188} INFO - [2026-04-09T13:45:39.209+0000] {dag.py:3033} INFO - Sync 1 DAGs
[2026-04-09T13:45:39.237+0000] {logging_mixin.py:188} INFO - [2026-04-09T13:45:39.237+0000] {dag.py:3820} INFO - Setting next_dagrun for logs_compaction_dag to 2026-03-30T03:00:00+00:00, run_after=2026-04-06T03:00:00+00:00
[2026-04-09T13:45:39.254+0000] {processor.py:183} INFO - Processing /opt/airflow/dags/logs_compaction_dag.py took 0.100 seconds
[2026-04-09T13:46:09.491+0000] {processor.py:161} INFO - Started process (PID=1035) to work on /opt/airflow/dags/logs_compaction_dag.py
[2026-04-09T13:46:09.493+0000] {processor.py:830} INFO - Processing file /opt/airflow/dags/logs_compaction_dag.py for tasks to queue
[2026-04-09T13:46:09.493+0000] {logging_mixin.py:188} INFO - [2026-04-09T13:46:09.493+0000] {dagbag.py:538} INFO - Filling up the DagBag from /opt/airflow/dags/logs_compaction_dag.py
[2026-04-09T13:46:09.507+0000] {processor.py:840} INFO - DAG(s) 'logs_compaction_dag' retrieved from /opt/airflow/dags/logs_compaction_dag.py
[2026-04-09T13:46:09.541+0000] {logging_mixin.py:188} INFO - [2026-04-09T13:46:09.541+0000] {dag.py:3033} INFO - Sync 1 DAGs
[2026-04-09T13:46:09.569+0000] {logging_mixin.py:188} INFO - [2026-04-09T13:46:09.569+0000] {dag.py:3820} INFO - Setting next_dagrun for logs_compaction_dag to 2026-03-30T03:00:00+00:00, run_after=2026-04-06T03:00:00+00:00
[2026-04-09T13:46:09.586+0000] {processor.py:183} INFO - Processing /opt/airflow/dags/logs_compaction_dag.py took 0.098 seconds
[2026-04-09T13:46:39.874+0000] {processor.py:161} INFO - Started process (PID=1060) to work on /opt/airflow/dags/logs_compaction_dag.py
[2026-04-09T13:46:39.875+0000] {processor.py:830} INFO - Processing file /opt/airflow/dags/logs_compaction_dag.py for tasks to queue
[2026-04-09T13:46:39.875+0000] {logging_mixin.py:188} INFO - [2026-04-09T13:46:39.875+0000] {dagbag.py:538} INFO - Filling up the DagBag from /opt/airflow/dags/logs_compaction_dag.py
[2026-04-09T13:46:39.889+0000] {processor.py:840} INFO - DAG(s) 'logs_compaction_dag' retrieved from /opt/airflow/dags/logs_compaction_dag.py
[2026-04-09T13:46:39.918+0000] {logging_mixin.py:188} INFO - [2026-04-09T13:46:39.918+0000] {dag.py:3033} INFO - Sync 1 DAGs
[2026-04-09T13:46:39.945+0000] {logging_mixin.py:188} INFO - [2026-04-09T13:46:39.944+0000] {dag.py:3820} INFO - Setting next_dagrun for logs_compaction_dag to 2026-03-30T03:00:00+00:00, run_after=2026-04-06T03:00:00+00:00
[2026-04-09T13:46:39.962+0000] {processor.py:183} INFO - Processing /opt/airflow/dags/logs_compaction_dag.py took 0.091 seconds
[2026-04-09T13:47:10.207+0000] {processor.py:161} INFO - Started process (PID=1085) to work on /opt/airflow/dags/logs_compaction_dag.py
[2026-04-09T13:47:10.214+0000] {processor.py:830} INFO - Processing file /opt/airflow/dags/logs_compaction_dag.py for tasks to queue
[2026-04-09T13:47:10.215+0000] {logging_mixin.py:188} INFO - [2026-04-09T13:47:10.214+0000] {dagbag.py:538} INFO - Filling up the DagBag from /opt/airflow/dags/logs_compaction_dag.py
[2026-04-09T13:47:10.232+0000] {processor.py:840} INFO - DAG(s) 'logs_compaction_dag' retrieved from /opt/airflow/dags/logs_compaction_dag.py
[2026-04-09T13:47:10.265+0000] {logging_mixin.py:188} INFO - [2026-04-09T13:47:10.264+0000] {dag.py:3033} INFO - Sync 1 DAGs
[2026-04-09T13:47:10.292+0000] {logging_mixin.py:188} INFO - [2026-04-09T13:47:10.292+0000] {dag.py:3820} INFO - Setting next_dagrun for logs_compaction_dag to 2026-03-30T03:00:00+00:00, run_after=2026-04-06T03:00:00+00:00
[2026-04-09T13:47:10.309+0000] {processor.py:183} INFO - Processing /opt/airflow/dags/logs_compaction_dag.py took 0.113 seconds
[2026-04-09T13:47:40.487+0000] {processor.py:161} INFO - Started process (PID=1110) to work on /opt/airflow/dags/logs_compaction_dag.py
[2026-04-09T13:47:40.488+0000] {processor.py:830} INFO - Processing file /opt/airflow/dags/logs_compaction_dag.py for tasks to queue
[2026-04-09T13:47:40.489+0000] {logging_mixin.py:188} INFO - [2026-04-09T13:47:40.488+0000] {dagbag.py:538} INFO - Filling up the DagBag from /opt/airflow/dags/logs_compaction_dag.py
[2026-04-09T13:47:40.501+0000] {processor.py:840} INFO - DAG(s) 'logs_compaction_dag' retrieved from /opt/airflow/dags/logs_compaction_dag.py
[2026-04-09T13:47:40.534+0000] {logging_mixin.py:188} INFO - [2026-04-09T13:47:40.534+0000] {dag.py:3033} INFO - Sync 1 DAGs
[2026-04-09T13:47:40.560+0000] {logging_mixin.py:188} INFO - [2026-04-09T13:47:40.559+0000] {dag.py:3820} INFO - Setting next_dagrun for logs_compaction_dag to 2026-03-30T03:00:00+00:00, run_after=2026-04-06T03:00:00+00:00
[2026-04-09T13:47:40.576+0000] {processor.py:183} INFO - Processing /opt/airflow/dags/logs_compaction_dag.py took 0.093 seconds
[2026-04-09T13:48:10.808+0000] {processor.py:161} INFO - Started process (PID=1135) to work on /opt/airflow/dags/logs_compaction_dag.py
[2026-04-09T13:48:10.809+0000] {processor.py:830} INFO - Processing file /opt/airflow/dags/logs_compaction_dag.py for tasks to queue
[2026-04-09T13:48:10.809+0000] {logging_mixin.py:188} INFO - [2026-04-09T13:48:10.809+0000] {dagbag.py:538} INFO - Filling up the DagBag from /opt/airflow/dags/logs_compaction_dag.py
[2026-04-09T13:48:10.822+0000] {processor.py:840} INFO - DAG(s) 'logs_compaction_dag' retrieved from /opt/airflow/dags/logs_compaction_dag.py
[2026-04-09T13:48:10.874+0000] {logging_mixin.py:188} INFO - [2026-04-09T13:48:10.873+0000] {dag.py:3033} INFO - Sync 1 DAGs
[2026-04-09T13:48:10.899+0000] {logging_mixin.py:188} INFO - [2026-04-09T13:48:10.899+0000] {dag.py:3820} INFO - Setting next_dagrun for logs_compaction_dag to 2026-03-30T03:00:00+00:00, run_after=2026-04-06T03:00:00+00:00
[2026-04-09T13:48:10.913+0000] {processor.py:183} INFO - Processing /opt/airflow/dags/logs_compaction_dag.py took 0.109 seconds
[2026-04-09T13:48:41.140+0000] {processor.py:161} INFO - Started process (PID=1160) to work on /opt/airflow/dags/logs_compaction_dag.py
[2026-04-09T13:48:41.141+0000] {processor.py:830} INFO - Processing file /opt/airflow/dags/logs_compaction_dag.py for tasks to queue
[2026-04-09T13:48:41.142+0000] {logging_mixin.py:188} INFO - [2026-04-09T13:48:41.142+0000] {dagbag.py:538} INFO - Filling up the DagBag from /opt/airflow/dags/logs_compaction_dag.py
[2026-04-09T13:48:41.156+0000] {processor.py:840} INFO - DAG(s) 'logs_compaction_dag' retrieved from /opt/airflow/dags/logs_compaction_dag.py
[2026-04-09T13:48:41.187+0000] {logging_mixin.py:188} INFO - [2026-04-09T13:48:41.187+0000] {dag.py:3033} INFO - Sync 1 DAGs
[2026-04-09T13:48:41.214+0000] {logging_mixin.py:188} INFO - [2026-04-09T13:48:41.214+0000] {dag.py:3820} INFO - Setting next_dagrun for logs_compaction_dag to 2026-03-30T03:00:00+00:00, run_after=2026-04-06T03:00:00+00:00
[2026-04-09T13:48:41.231+0000] {processor.py:183} INFO - Processing /opt/airflow/dags/logs_compaction_dag.py took 0.095 seconds
[2026-04-09T13:49:11.497+0000] {processor.py:161} INFO - Started process (PID=1185) to work on /opt/airflow/dags/logs_compaction_dag.py
[2026-04-09T13:49:11.498+0000] {processor.py:830} INFO - Processing file /opt/airflow/dags/logs_compaction_dag.py for tasks to queue
[2026-04-09T13:49:11.499+0000] {logging_mixin.py:188} INFO - [2026-04-09T13:49:11.499+0000] {dagbag.py:538} INFO - Filling up the DagBag from /opt/airflow/dags/logs_compaction_dag.py
[2026-04-09T13:49:11.512+0000] {processor.py:840} INFO - DAG(s) 'logs_compaction_dag' retrieved from /opt/airflow/dags/logs_compaction_dag.py
[2026-04-09T13:49:11.541+0000] {logging_mixin.py:188} INFO - [2026-04-09T13:49:11.540+0000] {dag.py:3033} INFO - Sync 1 DAGs
[2026-04-09T13:49:11.566+0000] {logging_mixin.py:188} INFO - [2026-04-09T13:49:11.566+0000] {dag.py:3820} INFO - Setting next_dagrun for logs_compaction_dag to 2026-03-30T03:00:00+00:00, run_after=2026-04-06T03:00:00+00:00
[2026-04-09T13:49:11.584+0000] {processor.py:183} INFO - Processing /opt/airflow/dags/logs_compaction_dag.py took 0.093 seconds
[2026-04-09T13:49:41.831+0000] {processor.py:161} INFO - Started process (PID=1210) to work on /opt/airflow/dags/logs_compaction_dag.py
[2026-04-09T13:49:41.832+0000] {processor.py:830} INFO - Processing file /opt/airflow/dags/logs_compaction_dag.py for tasks to queue
[2026-04-09T13:49:41.833+0000] {logging_mixin.py:188} INFO - [2026-04-09T13:49:41.833+0000] {dagbag.py:538} INFO - Filling up the DagBag from /opt/airflow/dags/logs_compaction_dag.py
[2026-04-09T13:49:41.847+0000] {processor.py:840} INFO - DAG(s) 'logs_compaction_dag' retrieved from /opt/airflow/dags/logs_compaction_dag.py
[2026-04-09T13:49:41.885+0000] {logging_mixin.py:188} INFO - [2026-04-09T13:49:41.884+0000] {dag.py:3033} INFO - Sync 1 DAGs
[2026-04-09T13:49:41.925+0000] {logging_mixin.py:188} INFO - [2026-04-09T13:49:41.925+0000] {dag.py:3820} INFO - Setting next_dagrun for logs_compaction_dag to 2026-03-30T03:00:00+00:00, run_after=2026-04-06T03:00:00+00:00
[2026-04-09T13:49:41.944+0000] {processor.py:183} INFO - Processing /opt/airflow/dags/logs_compaction_dag.py took 0.116 seconds
[2026-04-09T13:50:12.265+0000] {processor.py:161} INFO - Started process (PID=1235) to work on /opt/airflow/dags/logs_compaction_dag.py
[2026-04-09T13:50:12.266+0000] {processor.py:830} INFO - Processing file /opt/airflow/dags/logs_compaction_dag.py for tasks to queue
[2026-04-09T13:50:12.267+0000] {logging_mixin.py:188} INFO - [2026-04-09T13:50:12.267+0000] {dagbag.py:538} INFO - Filling up the DagBag from /opt/airflow/dags/logs_compaction_dag.py
[2026-04-09T13:50:12.284+0000] {processor.py:840} INFO - DAG(s) 'logs_compaction_dag' retrieved from /opt/airflow/dags/logs_compaction_dag.py
[2026-04-09T13:50:12.326+0000] {logging_mixin.py:188} INFO - [2026-04-09T13:50:12.326+0000] {dag.py:3033} INFO - Sync 1 DAGs
[2026-04-09T13:50:12.353+0000] {logging_mixin.py:188} INFO - [2026-04-09T13:50:12.353+0000] {dag.py:3820} INFO - Setting next_dagrun for logs_compaction_dag to 2026-03-30T03:00:00+00:00, run_after=2026-04-06T03:00:00+00:00
[2026-04-09T13:50:12.368+0000] {processor.py:183} INFO - Processing /opt/airflow/dags/logs_compaction_dag.py took 0.107 seconds
[2026-04-09T13:50:42.615+0000] {processor.py:161} INFO - Started process (PID=1260) to work on /opt/airflow/dags/logs_compaction_dag.py
[2026-04-09T13:50:42.616+0000] {processor.py:830} INFO - Processing file /opt/airflow/dags/logs_compaction_dag.py for tasks to queue
[2026-04-09T13:50:42.617+0000] {logging_mixin.py:188} INFO - [2026-04-09T13:50:42.616+0000] {dagbag.py:538} INFO - Filling up the DagBag from /opt/airflow/dags/logs_compaction_dag.py
[2026-04-09T13:50:42.630+0000] {processor.py:840} INFO - DAG(s) 'logs_compaction_dag' retrieved from /opt/airflow/dags/logs_compaction_dag.py
[2026-04-09T13:50:42.660+0000] {logging_mixin.py:188} INFO - [2026-04-09T13:50:42.659+0000] {dag.py:3033} INFO - Sync 1 DAGs
[2026-04-09T13:50:42.692+0000] {logging_mixin.py:188} INFO - [2026-04-09T13:50:42.692+0000] {dag.py:3820} INFO - Setting next_dagrun for logs_compaction_dag to 2026-03-30T03:00:00+00:00, run_after=2026-04-06T03:00:00+00:00
[2026-04-09T13:50:42.710+0000] {processor.py:183} INFO - Processing /opt/airflow/dags/logs_compaction_dag.py took 0.099 seconds
[2026-04-09T13:51:12.990+0000] {processor.py:161} INFO - Started process (PID=1285) to work on /opt/airflow/dags/logs_compaction_dag.py
[2026-04-09T13:51:12.991+0000] {processor.py:830} INFO - Processing file /opt/airflow/dags/logs_compaction_dag.py for tasks to queue
[2026-04-09T13:51:12.991+0000] {logging_mixin.py:188} INFO - [2026-04-09T13:51:12.991+0000] {dagbag.py:538} INFO - Filling up the DagBag from /opt/airflow/dags/logs_compaction_dag.py
[2026-04-09T13:51:13.004+0000] {processor.py:840} INFO - DAG(s) 'logs_compaction_dag' retrieved from /opt/airflow/dags/logs_compaction_dag.py
[2026-04-09T13:51:13.037+0000] {logging_mixin.py:188} INFO - [2026-04-09T13:51:13.036+0000] {dag.py:3033} INFO - Sync 1 DAGs
[2026-04-09T13:51:13.063+0000] {logging_mixin.py:188} INFO - [2026-04-09T13:51:13.063+0000] {dag.py:3820} INFO - Setting next_dagrun for logs_compaction_dag to 2026-03-30T03:00:00+00:00, run_after=2026-04-06T03:00:00+00:00
[2026-04-09T13:51:13.080+0000] {processor.py:183} INFO - Processing /opt/airflow/dags/logs_compaction_dag.py took 0.097 seconds
[2026-04-09T13:51:43.332+0000] {processor.py:161} INFO - Started process (PID=1310) to work on /opt/airflow/dags/logs_compaction_dag.py
[2026-04-09T13:51:43.332+0000] {processor.py:830} INFO - Processing file /opt/airflow/dags/logs_compaction_dag.py for tasks to queue
[2026-04-09T13:51:43.333+0000] {logging_mixin.py:188} INFO - [2026-04-09T13:51:43.333+0000] {dagbag.py:538} INFO - Filling up the DagBag from /opt/airflow/dags/logs_compaction_dag.py
[2026-04-09T13:51:43.348+0000] {processor.py:840} INFO - DAG(s) 'logs_compaction_dag' retrieved from /opt/airflow/dags/logs_compaction_dag.py
[2026-04-09T13:51:43.379+0000] {logging_mixin.py:188} INFO - [2026-04-09T13:51:43.378+0000] {dag.py:3033} INFO - Sync 1 DAGs
[2026-04-09T13:51:43.405+0000] {logging_mixin.py:188} INFO - [2026-04-09T13:51:43.405+0000] {dag.py:3820} INFO - Setting next_dagrun for logs_compaction_dag to 2026-03-30T03:00:00+00:00, run_after=2026-04-06T03:00:00+00:00
[2026-04-09T13:51:43.423+0000] {processor.py:183} INFO - Processing /opt/airflow/dags/logs_compaction_dag.py took 0.097 seconds
[2026-04-09T13:52:13.738+0000] {processor.py:161} INFO - Started process (PID=1335) to work on /opt/airflow/dags/logs_compaction_dag.py
[2026-04-09T13:52:13.740+0000] {processor.py:830} INFO - Processing file /opt/airflow/dags/logs_compaction_dag.py for tasks to queue
[2026-04-09T13:52:13.741+0000] {logging_mixin.py:188} INFO - [2026-04-09T13:52:13.741+0000] {dagbag.py:538} INFO - Filling up the DagBag from /opt/airflow/dags/logs_compaction_dag.py
[2026-04-09T13:52:13.755+0000] {processor.py:840} INFO - DAG(s) 'logs_compaction_dag' retrieved from /opt/airflow/dags/logs_compaction_dag.py
[2026-04-09T13:52:13.784+0000] {logging_mixin.py:188} INFO - [2026-04-09T13:52:13.784+0000] {dag.py:3033} INFO - Sync 1 DAGs
[2026-04-09T13:52:13.812+0000] {logging_mixin.py:188} INFO - [2026-04-09T13:52:13.812+0000] {dag.py:3820} INFO - Setting next_dagrun for logs_compaction_dag to 2026-03-30T03:00:00+00:00, run_after=2026-04-06T03:00:00+00:00
[2026-04-09T13:52:13.847+0000] {processor.py:183} INFO - Processing /opt/airflow/dags/logs_compaction_dag.py took 0.115 seconds
