[2026-04-13T08:11:46.415+0000] {taskinstance.py:1956} INFO - Dependencies all met for dep_context=non-requeueable deps ti=<TaskInstance: k8s_etl_pipeline.notifier_succes scheduled__2026-04-12T06:00:00+00:00 [queued]>
[2026-04-13T08:11:46.422+0000] {taskinstance.py:1956} INFO - Dependencies all met for dep_context=requeueable deps ti=<TaskInstance: k8s_etl_pipeline.notifier_succes scheduled__2026-04-12T06:00:00+00:00 [queued]>
[2026-04-13T08:11:46.422+0000] {taskinstance.py:2170} INFO - Starting attempt 1 of 3
[2026-04-13T08:11:46.430+0000] {taskinstance.py:2191} INFO - Executing <Task(PythonOperator): notifier_succes> on 2026-04-12 06:00:00+00:00
[2026-04-13T08:11:46.435+0000] {standard_task_runner.py:60} INFO - Started process 531 to run task
[2026-04-13T08:11:46.439+0000] {standard_task_runner.py:87} INFO - Running: ['***', 'tasks', 'run', 'k8s_etl_pipeline', 'notifier_succes', 'scheduled__2026-04-12T06:00:00+00:00', '--job-id', '10', '--raw', '--subdir', 'DAGS_FOLDER/k8s_etl_pipeline_dag.py', '--cfg-path', '/tmp/tmpagkujv0y']
[2026-04-13T08:11:46.441+0000] {standard_task_runner.py:88} INFO - Job 10: Subtask notifier_succes
[2026-04-13T08:11:46.475+0000] {task_command.py:423} INFO - Running <TaskInstance: k8s_etl_pipeline.notifier_succes scheduled__2026-04-12T06:00:00+00:00 [running]> on host b53220b8d790
[2026-04-13T08:11:46.529+0000] {taskinstance.py:2480} INFO - Exporting env vars: AIRFLOW_CTX_DAG_OWNER='mohamed' AIRFLOW_CTX_DAG_ID='k8s_etl_pipeline' AIRFLOW_CTX_TASK_ID='notifier_succes' AIRFLOW_CTX_EXECUTION_DATE='2026-04-12T06:00:00+00:00' AIRFLOW_CTX_TRY_NUMBER='1' AIRFLOW_CTX_DAG_RUN_ID='scheduled__2026-04-12T06:00:00+00:00'
[2026-04-13T08:11:46.530+0000] {logging_mixin.py:188} INFO - ============================================================
[2026-04-13T08:11:46.531+0000] {logging_mixin.py:188} INFO -   ✅ PIPELINE ETL TERMINÉ AVEC SUCCÈS
[2026-04-13T08:11:46.532+0000] {logging_mixin.py:188} INFO - ============================================================
[2026-04-13T08:11:46.532+0000] {logging_mixin.py:188} INFO -   Date d'exécution : 2026-04-12
[2026-04-13T08:11:46.532+0000] {logging_mixin.py:188} INFO -   Run ID           : scheduled__2026-04-12T06:00:00+00:00
[2026-04-13T08:11:46.532+0000] {logging_mixin.py:188} INFO -   Statut           : SUCCÈS — Données chargées et validées
[2026-04-13T08:11:46.532+0000] {logging_mixin.py:188} INFO - ============================================================
[2026-04-13T08:11:46.532+0000] {python.py:201} INFO - Done. Returned value was: None
[2026-04-13T08:11:46.540+0000] {taskinstance.py:1138} INFO - Marking task as SUCCESS. dag_id=k8s_etl_pipeline, task_id=notifier_succes, execution_date=20260412T060000, start_date=20260413T081146, end_date=20260413T081146
[2026-04-13T08:11:46.572+0000] {local_task_job_runner.py:234} INFO - Task exited with return code 0
[2026-04-13T08:11:46.597+0000] {taskinstance.py:3280} INFO - 1 downstream tasks scheduled from follow-on schedule check
