[2026-04-08T12:29:12.768+0000] {taskinstance.py:1957} INFO - Dependencies all met for dep_context=non-requeueable deps ti=<TaskInstance: energie_meteo_dag.verifier_apis manual__2026-04-08T12:29:10+00:00 [queued]>
[2026-04-08T12:29:12.776+0000] {taskinstance.py:1957} INFO - Dependencies all met for dep_context=requeueable deps ti=<TaskInstance: energie_meteo_dag.verifier_apis manual__2026-04-08T12:29:10+00:00 [queued]>
[2026-04-08T12:29:12.776+0000] {taskinstance.py:2171} INFO - Starting attempt 1 of 3
[2026-04-08T12:29:12.791+0000] {taskinstance.py:2192} INFO - Executing <Task(PythonOperator): verifier_apis> on 2026-04-08 12:29:10+00:00
[2026-04-08T12:29:12.801+0000] {standard_task_runner.py:60} INFO - Started process 381 to run task
[2026-04-08T12:29:12.807+0000] {standard_task_runner.py:87} INFO - Running: ['***', 'tasks', 'run', 'energie_meteo_dag', 'verifier_apis', 'manual__2026-04-08T12:29:10+00:00', '--job-id', '35', '--raw', '--subdir', 'DAGS_FOLDER/energie_meteo_dag.py', '--cfg-path', '/tmp/tmpvbirjtla']
[2026-04-08T12:29:12.814+0000] {standard_task_runner.py:88} INFO - Job 35: Subtask verifier_apis
[2026-04-08T12:29:12.876+0000] {task_command.py:423} INFO - Running <TaskInstance: energie_meteo_dag.verifier_apis manual__2026-04-08T12:29:10+00:00 [running]> on host d38f1858f6b8
[2026-04-08T12:29:12.967+0000] {taskinstance.py:2481} INFO - Exporting env vars: AIRFLOW_CTX_DAG_OWNER='rte-data-team' AIRFLOW_CTX_DAG_ID='energie_meteo_dag' AIRFLOW_CTX_TASK_ID='verifier_apis' AIRFLOW_CTX_EXECUTION_DATE='2026-04-08T12:29:10+00:00' AIRFLOW_CTX_TRY_NUMBER='1' AIRFLOW_CTX_DAG_RUN_ID='manual__2026-04-08T12:29:10+00:00'
[2026-04-08T12:29:23.070+0000] {taskinstance.py:2699} ERROR - Task failed with exception
Traceback (most recent call last):
  File "/home/airflow/.local/lib/python3.8/site-packages/urllib3/connectionpool.py", line 404, in _make_request
    self._validate_conn(conn)
  File "/home/airflow/.local/lib/python3.8/site-packages/urllib3/connectionpool.py", line 1058, in _validate_conn
    conn.connect()
  File "/home/airflow/.local/lib/python3.8/site-packages/urllib3/connection.py", line 419, in connect
    self.sock = ssl_wrap_socket(
  File "/home/airflow/.local/lib/python3.8/site-packages/urllib3/util/ssl_.py", line 449, in ssl_wrap_socket
    ssl_sock = _ssl_wrap_socket_impl(
  File "/home/airflow/.local/lib/python3.8/site-packages/urllib3/util/ssl_.py", line 493, in _ssl_wrap_socket_impl
    return ssl_context.wrap_socket(sock, server_hostname=server_hostname)
  File "/usr/local/lib/python3.8/ssl.py", line 500, in wrap_socket
    return self.sslsocket_class._create(
  File "/usr/local/lib/python3.8/ssl.py", line 1073, in _create
    self.do_handshake()
  File "/usr/local/lib/python3.8/ssl.py", line 1342, in do_handshake
    self._sslobj.do_handshake()
socket.timeout: _ssl.c:1114: The handshake operation timed out

During handling of the above exception, another exception occurred:

Traceback (most recent call last):
  File "/home/airflow/.local/lib/python3.8/site-packages/requests/adapters.py", line 486, in send
    resp = conn.urlopen(
  File "/home/airflow/.local/lib/python3.8/site-packages/urllib3/connectionpool.py", line 799, in urlopen
    retries = retries.increment(
  File "/home/airflow/.local/lib/python3.8/site-packages/urllib3/util/retry.py", line 550, in increment
    raise six.reraise(type(error), error, _stacktrace)
  File "/home/airflow/.local/lib/python3.8/site-packages/urllib3/packages/six.py", line 770, in reraise
    raise value
  File "/home/airflow/.local/lib/python3.8/site-packages/urllib3/connectionpool.py", line 715, in urlopen
    httplib_response = self._make_request(
  File "/home/airflow/.local/lib/python3.8/site-packages/urllib3/connectionpool.py", line 407, in _make_request
    self._raise_timeout(err=e, url=url, timeout_value=conn.timeout)
  File "/home/airflow/.local/lib/python3.8/site-packages/urllib3/connectionpool.py", line 358, in _raise_timeout
    raise ReadTimeoutError(
urllib3.exceptions.ReadTimeoutError: HTTPSConnectionPool(host='api.open-meteo.com', port=443): Read timed out. (read timeout=10)

During handling of the above exception, another exception occurred:

Traceback (most recent call last):
  File "/opt/airflow/dags/energie_meteo_dag.py", line 73, in verifier_apis
    response = requests.get(url, timeout=10)
  File "/home/airflow/.local/lib/python3.8/site-packages/requests/api.py", line 73, in get
    return request("get", url, params=params, **kwargs)
  File "/home/airflow/.local/lib/python3.8/site-packages/requests/api.py", line 59, in request
    return session.request(method=method, url=url, **kwargs)
  File "/home/airflow/.local/lib/python3.8/site-packages/requests/sessions.py", line 589, in request
    resp = self.send(prep, **send_kwargs)
  File "/home/airflow/.local/lib/python3.8/site-packages/requests/sessions.py", line 703, in send
    r = adapter.send(request, **kwargs)
  File "/home/airflow/.local/lib/python3.8/site-packages/requests/adapters.py", line 532, in send
    raise ReadTimeout(e, request=request)
requests.exceptions.ReadTimeout: HTTPSConnectionPool(host='api.open-meteo.com', port=443): Read timed out. (read timeout=10)

The above exception was the direct cause of the following exception:

Traceback (most recent call last):
  File "/home/airflow/.local/lib/python3.8/site-packages/airflow/models/taskinstance.py", line 433, in _execute_task
    result = execute_callable(context=context, **execute_callable_kwargs)
  File "/home/airflow/.local/lib/python3.8/site-packages/airflow/operators/python.py", line 199, in execute
    return_value = self.execute_callable()
  File "/home/airflow/.local/lib/python3.8/site-packages/airflow/operators/python.py", line 216, in execute_callable
    return self.python_callable(*self.op_args, **self.op_kwargs)
  File "/opt/airflow/dags/energie_meteo_dag.py", line 78, in verifier_apis
    raise ValueError(f"Echec verification API {nom}: {exc}") from exc
ValueError: Echec verification API Open-Meteo: HTTPSConnectionPool(host='api.open-meteo.com', port=443): Read timed out. (read timeout=10)
[2026-04-08T12:29:23.085+0000] {taskinstance.py:1138} INFO - Marking task as UP_FOR_RETRY. dag_id=energie_meteo_dag, task_id=verifier_apis, execution_date=20260408T122910, start_date=20260408T122912, end_date=20260408T122923
[2026-04-08T12:29:23.099+0000] {standard_task_runner.py:107} ERROR - Failed to execute job 35 for task verifier_apis (Echec verification API Open-Meteo: HTTPSConnectionPool(host='api.open-meteo.com', port=443): Read timed out. (read timeout=10); 381)
[2026-04-08T12:29:23.117+0000] {local_task_job_runner.py:234} INFO - Task exited with return code 1
[2026-04-08T12:29:23.180+0000] {taskinstance.py:3281} INFO - 0 downstream tasks scheduled from follow-on schedule check
