[2026-04-10T08:32:24.379+0000] {taskinstance.py:1957} INFO - Dependencies all met for dep_context=non-requeueable deps ti=<TaskInstance: logs_ecommerce_dag.uploader_vers_hdfs scheduled__2026-04-09T02:00:00+00:00 [queued]>
[2026-04-10T08:32:24.390+0000] {taskinstance.py:1957} INFO - Dependencies all met for dep_context=requeueable deps ti=<TaskInstance: logs_ecommerce_dag.uploader_vers_hdfs scheduled__2026-04-09T02:00:00+00:00 [queued]>
[2026-04-10T08:32:24.390+0000] {taskinstance.py:2171} INFO - Starting attempt 1 of 2
[2026-04-10T08:32:24.409+0000] {taskinstance.py:2192} INFO - Executing <Task(PythonOperator): uploader_vers_hdfs> on 2026-04-09 02:00:00+00:00
[2026-04-10T08:32:24.418+0000] {standard_task_runner.py:60} INFO - Started process 208 to run task
[2026-04-10T08:32:24.427+0000] {standard_task_runner.py:87} INFO - Running: ['***', 'tasks', 'run', 'logs_ecommerce_dag', 'uploader_vers_hdfs', 'scheduled__2026-04-09T02:00:00+00:00', '--job-id', '34', '--raw', '--subdir', 'DAGS_FOLDER/logs_ecommerce_dag.py', '--cfg-path', '/tmp/tmp8gjm8d8j']
[2026-04-10T08:32:24.430+0000] {standard_task_runner.py:88} INFO - Job 34: Subtask uploader_vers_hdfs
[2026-04-10T08:32:24.495+0000] {task_command.py:423} INFO - Running <TaskInstance: logs_ecommerce_dag.uploader_vers_hdfs scheduled__2026-04-09T02:00:00+00:00 [running]> on host 9ccb53d87b16
[2026-04-10T08:32:24.600+0000] {taskinstance.py:2481} INFO - Exporting env vars: AIRFLOW_CTX_DAG_OWNER='***' AIRFLOW_CTX_DAG_ID='logs_ecommerce_dag' AIRFLOW_CTX_TASK_ID='uploader_vers_hdfs' AIRFLOW_CTX_EXECUTION_DATE='2026-04-09T02:00:00+00:00' AIRFLOW_CTX_TRY_NUMBER='1' AIRFLOW_CTX_DAG_RUN_ID='scheduled__2026-04-09T02:00:00+00:00'
[2026-04-10T08:32:24.602+0000] {logs_ecommerce_dag.py:79} INFO - Upload de /shared/access_2026-04-09.log vers HDFS:/data/ecommerce/logs/raw/access_2026-04-09.log
[2026-04-10T08:32:29.112+0000] {taskinstance.py:2699} ERROR - Task failed with exception
Traceback (most recent call last):
  File "/home/airflow/.local/lib/python3.8/site-packages/airflow/models/taskinstance.py", line 433, in _execute_task
    result = execute_callable(context=context, **execute_callable_kwargs)
  File "/home/airflow/.local/lib/python3.8/site-packages/airflow/operators/python.py", line 199, in execute
    return_value = self.execute_callable()
  File "/home/airflow/.local/lib/python3.8/site-packages/airflow/operators/python.py", line 216, in execute_callable
    return self.python_callable(*self.op_args, **self.op_kwargs)
  File "/opt/airflow/dags/logs_ecommerce_dag.py", line 96, in uploader_vers_hdfs_fn
    resp2.raise_for_status()
  File "/home/airflow/.local/lib/python3.8/site-packages/requests/models.py", line 1021, in raise_for_status
    raise HTTPError(http_error_msg, response=self)
requests.exceptions.HTTPError: 403 Client Error: Forbidden for url: http://cd0e715f1d49:9864/webhdfs/v1/data/ecommerce/logs/raw/access_2026-04-09.log?op=CREATE&user.name=root&namenoderpcaddress=namenode:9000&createflag=&createparent=true&overwrite=true
[2026-04-10T08:32:29.185+0000] {taskinstance.py:1138} INFO - Marking task as UP_FOR_RETRY. dag_id=logs_ecommerce_dag, task_id=uploader_vers_hdfs, execution_date=20260409T020000, start_date=20260410T083224, end_date=20260410T083229
[2026-04-10T08:32:29.207+0000] {standard_task_runner.py:107} ERROR - Failed to execute job 34 for task uploader_vers_hdfs (403 Client Error: Forbidden for url: http://cd0e715f1d49:9864/webhdfs/v1/data/ecommerce/logs/raw/access_2026-04-09.log?op=CREATE&user.name=root&namenoderpcaddress=namenode:9000&createflag=&createparent=true&overwrite=true; 208)
[2026-04-10T08:32:29.258+0000] {local_task_job_runner.py:234} INFO - Task exited with return code 1
[2026-04-10T08:32:29.315+0000] {taskinstance.py:3281} INFO - 0 downstream tasks scheduled from follow-on schedule check
