[2026-04-08T12:27:37.553+0000] {taskinstance.py:1957} INFO - Dependencies all met for dep_context=non-requeueable deps ti=<TaskInstance: energie_meteo_dag.generer_rapport_energie scheduled__2026-04-07T04:00:00+00:00 [queued]>
[2026-04-08T12:27:37.562+0000] {taskinstance.py:1957} INFO - Dependencies all met for dep_context=requeueable deps ti=<TaskInstance: energie_meteo_dag.generer_rapport_energie scheduled__2026-04-07T04:00:00+00:00 [queued]>
[2026-04-08T12:27:37.562+0000] {taskinstance.py:2171} INFO - Starting attempt 1 of 3
[2026-04-08T12:27:37.583+0000] {taskinstance.py:2192} INFO - Executing <Task(PythonOperator): generer_rapport_energie> on 2026-04-07 04:00:00+00:00
[2026-04-08T12:27:37.596+0000] {standard_task_runner.py:60} INFO - Started process 355 to run task
[2026-04-08T12:27:37.603+0000] {standard_task_runner.py:87} INFO - Running: ['***', 'tasks', 'run', 'energie_meteo_dag', 'generer_rapport_energie', 'scheduled__2026-04-07T04:00:00+00:00', '--job-id', '34', '--raw', '--subdir', 'DAGS_FOLDER/energie_meteo_dag.py', '--cfg-path', '/tmp/tmp4u8nzy3s']
[2026-04-08T12:27:37.606+0000] {standard_task_runner.py:88} INFO - Job 34: Subtask generer_rapport_energie
[2026-04-08T12:27:37.664+0000] {task_command.py:423} INFO - Running <TaskInstance: energie_meteo_dag.generer_rapport_energie scheduled__2026-04-07T04:00:00+00:00 [running]> on host d38f1858f6b8
[2026-04-08T12:27:37.826+0000] {taskinstance.py:2481} INFO - Exporting env vars: AIRFLOW_CTX_DAG_OWNER='rte-data-team' AIRFLOW_CTX_DAG_ID='energie_meteo_dag' AIRFLOW_CTX_TASK_ID='generer_rapport_energie' AIRFLOW_CTX_EXECUTION_DATE='2026-04-07T04:00:00+00:00' AIRFLOW_CTX_TRY_NUMBER='1' AIRFLOW_CTX_DAG_RUN_ID='scheduled__2026-04-07T04:00:00+00:00'
[2026-04-08T12:27:37.839+0000] {energie_meteo_dag.py:223} INFO - ================================================================================
[2026-04-08T12:27:37.839+0000] {energie_meteo_dag.py:224} INFO - RAPPORT ENERGIE & METEO - RTE - 2026-04-08
[2026-04-08T12:27:37.840+0000] {energie_meteo_dag.py:225} INFO - ================================================================================
[2026-04-08T12:27:37.840+0000] {energie_meteo_dag.py:226} INFO - Region                     Soleil(h)   Vent(km/h)   Solaire(MW)   Eolien(MW)   Statut
[2026-04-08T12:27:37.840+0000] {energie_meteo_dag.py:235} INFO - --------------------------------------------------------------------------------
[2026-04-08T12:27:37.840+0000] {energie_meteo_dag.py:238} INFO - Île-de-France                   12.3          6.6             0            0   ALERTE
[2026-04-08T12:27:37.840+0000] {energie_meteo_dag.py:238} INFO - Occitanie                       12.1         13.5             0            0   ALERTE
[2026-04-08T12:27:37.840+0000] {energie_meteo_dag.py:238} INFO - Nouvelle-Aquitaine              12.4          9.8             0            0   ALERTE
[2026-04-08T12:27:37.840+0000] {energie_meteo_dag.py:238} INFO - Auvergne-Rhône-Alpes            12.6          9.3             0            0   ALERTE
[2026-04-08T12:27:37.841+0000] {energie_meteo_dag.py:238} INFO - Hauts-de-France                 12.1          9.7             0            0   ALERTE
[2026-04-08T12:27:37.841+0000] {energie_meteo_dag.py:248} INFO - ================================================================================
[2026-04-08T12:27:37.841+0000] {energie_meteo_dag.py:266} INFO - Rapport sauvegarde: /tmp/rapport_energie_2026-04-08.json
[2026-04-08T12:27:37.842+0000] {python.py:201} INFO - Done. Returned value was: /tmp/rapport_energie_2026-04-08.json
[2026-04-08T12:27:37.857+0000] {taskinstance.py:1138} INFO - Marking task as SUCCESS. dag_id=energie_meteo_dag, task_id=generer_rapport_energie, execution_date=20260407T040000, start_date=20260408T122737, end_date=20260408T122737
[2026-04-08T12:27:37.900+0000] {local_task_job_runner.py:234} INFO - Task exited with return code 0
[2026-04-08T12:27:37.948+0000] {taskinstance.py:3281} INFO - 0 downstream tasks scheduled from follow-on schedule check
