[2026-04-10T08:37:32.270+0000] {taskinstance.py:1957} INFO - Dependencies all met for dep_context=non-requeueable deps ti=<TaskInstance: logs_ecommerce_dag.analyser_logs_hdfs scheduled__2026-04-09T02:00:00+00:00 [queued]>
[2026-04-10T08:37:32.277+0000] {taskinstance.py:1957} INFO - Dependencies all met for dep_context=requeueable deps ti=<TaskInstance: logs_ecommerce_dag.analyser_logs_hdfs scheduled__2026-04-09T02:00:00+00:00 [queued]>
[2026-04-10T08:37:32.277+0000] {taskinstance.py:2171} INFO - Starting attempt 1 of 2
[2026-04-10T08:37:32.289+0000] {taskinstance.py:2192} INFO - Executing <Task(PythonOperator): analyser_logs_hdfs> on 2026-04-09 02:00:00+00:00
[2026-04-10T08:37:32.294+0000] {standard_task_runner.py:60} INFO - Started process 472 to run task
[2026-04-10T08:37:32.297+0000] {standard_task_runner.py:87} INFO - Running: ['***', 'tasks', 'run', 'logs_ecommerce_dag', 'analyser_logs_hdfs', 'scheduled__2026-04-09T02:00:00+00:00', '--job-id', '41', '--raw', '--subdir', 'DAGS_FOLDER/logs_ecommerce_dag.py', '--cfg-path', '/tmp/tmpxzicf55e']
[2026-04-10T08:37:32.299+0000] {standard_task_runner.py:88} INFO - Job 41: Subtask analyser_logs_hdfs
[2026-04-10T08:37:32.334+0000] {task_command.py:423} INFO - Running <TaskInstance: logs_ecommerce_dag.analyser_logs_hdfs scheduled__2026-04-09T02:00:00+00:00 [running]> on host 9ccb53d87b16
[2026-04-10T08:37:32.414+0000] {taskinstance.py:2481} INFO - Exporting env vars: AIRFLOW_CTX_DAG_OWNER='***' AIRFLOW_CTX_DAG_ID='logs_ecommerce_dag' AIRFLOW_CTX_TASK_ID='analyser_logs_hdfs' AIRFLOW_CTX_EXECUTION_DATE='2026-04-09T02:00:00+00:00' AIRFLOW_CTX_TRY_NUMBER='1' AIRFLOW_CTX_DAG_RUN_ID='scheduled__2026-04-09T02:00:00+00:00'
[2026-04-10T08:37:32.415+0000] {logs_ecommerce_dag.py:129} INFO - Lecture du fichier HDFS : /data/ecommerce/logs/raw/access_2026-04-09.log
[2026-04-10T08:37:32.601+0000] {logs_ecommerce_dag.py:141} INFO - Nombre total de lignes : 1000
[2026-04-10T08:37:32.603+0000] {logs_ecommerce_dag.py:163} INFO - === STATUS CODES ===
[2026-04-10T08:37:32.603+0000] {logs_ecommerce_dag.py:165} INFO -   200 : 555 requêtes
[2026-04-10T08:37:32.603+0000] {logs_ecommerce_dag.py:165} INFO -   404 : 143 requêtes
[2026-04-10T08:37:32.603+0000] {logs_ecommerce_dag.py:165} INFO -   503 : 113 requêtes
[2026-04-10T08:37:32.603+0000] {logs_ecommerce_dag.py:165} INFO -   500 : 99 requêtes
[2026-04-10T08:37:32.604+0000] {logs_ecommerce_dag.py:165} INFO -   403 : 90 requêtes
[2026-04-10T08:37:32.604+0000] {logs_ecommerce_dag.py:168} INFO - === TOP 5 URLS ===
[2026-04-10T08:37:32.604+0000] {logs_ecommerce_dag.py:171} INFO -   113 : /api/stock/verifier
[2026-04-10T08:37:32.604+0000] {logs_ecommerce_dag.py:171} INFO -   99 : /api/panier/ajouter
[2026-04-10T08:37:32.604+0000] {logs_ecommerce_dag.py:171} INFO -   90 : /admin/dashboard
[2026-04-10T08:37:32.604+0000] {logs_ecommerce_dag.py:171} INFO -   83 : /produit/article-retire-de-vente
[2026-04-10T08:37:32.604+0000] {logs_ecommerce_dag.py:171} INFO -   60 : /produit/inexistant-xyz
[2026-04-10T08:37:32.604+0000] {logs_ecommerce_dag.py:175} INFO - === TAUX ERREUR ===
[2026-04-10T08:37:32.604+0000] {logs_ecommerce_dag.py:176} INFO - Total: 1000, Erreurs: 445 (44.50%)
[2026-04-10T08:37:32.605+0000] {python.py:201} INFO - Done. Returned value was: {'total': 1000, 'erreurs': 445, 'taux_pct': 44.5}
[2026-04-10T08:37:32.623+0000] {taskinstance.py:1138} INFO - Marking task as SUCCESS. dag_id=logs_ecommerce_dag, task_id=analyser_logs_hdfs, execution_date=20260409T020000, start_date=20260410T083732, end_date=20260410T083732
[2026-04-10T08:37:32.672+0000] {local_task_job_runner.py:234} INFO - Task exited with return code 0
[2026-04-10T08:37:32.692+0000] {taskinstance.py:3281} INFO - 1 downstream tasks scheduled from follow-on schedule check
