[2026-04-13T08:11:43.439+0000] {taskinstance.py:1956} INFO - Dependencies all met for dep_context=non-requeueable deps ti=<TaskInstance: k8s_etl_pipeline.transform_donnees scheduled__2026-04-12T06:00:00+00:00 [queued]>
[2026-04-13T08:11:43.444+0000] {taskinstance.py:1956} INFO - Dependencies all met for dep_context=requeueable deps ti=<TaskInstance: k8s_etl_pipeline.transform_donnees scheduled__2026-04-12T06:00:00+00:00 [queued]>
[2026-04-13T08:11:43.445+0000] {taskinstance.py:2170} INFO - Starting attempt 1 of 3
[2026-04-13T08:11:43.453+0000] {taskinstance.py:2191} INFO - Executing <Task(PythonOperator): transform_donnees> on 2026-04-12 06:00:00+00:00
[2026-04-13T08:11:43.457+0000] {standard_task_runner.py:60} INFO - Started process 525 to run task
[2026-04-13T08:11:43.460+0000] {standard_task_runner.py:87} INFO - Running: ['***', 'tasks', 'run', 'k8s_etl_pipeline', 'transform_donnees', 'scheduled__2026-04-12T06:00:00+00:00', '--job-id', '7', '--raw', '--subdir', 'DAGS_FOLDER/k8s_etl_pipeline_dag.py', '--cfg-path', '/tmp/tmpgq0zp_0m']
[2026-04-13T08:11:43.462+0000] {standard_task_runner.py:88} INFO - Job 7: Subtask transform_donnees
[2026-04-13T08:11:43.496+0000] {task_command.py:423} INFO - Running <TaskInstance: k8s_etl_pipeline.transform_donnees scheduled__2026-04-12T06:00:00+00:00 [running]> on host b53220b8d790
[2026-04-13T08:11:43.545+0000] {taskinstance.py:2480} INFO - Exporting env vars: AIRFLOW_CTX_DAG_OWNER='mohamed' AIRFLOW_CTX_DAG_ID='k8s_etl_pipeline' AIRFLOW_CTX_TASK_ID='transform_donnees' AIRFLOW_CTX_EXECUTION_DATE='2026-04-12T06:00:00+00:00' AIRFLOW_CTX_TRY_NUMBER='1' AIRFLOW_CTX_DAG_RUN_ID='scheduled__2026-04-12T06:00:00+00:00'
[2026-04-13T08:11:43.554+0000] {logging_mixin.py:188} INFO - 📊 200 transactions lues depuis /tmp/ventes_2026-04-12.csv
[2026-04-13T08:11:43.554+0000] {logging_mixin.py:188} INFO - 
======================================================================
[2026-04-13T08:11:43.555+0000] {logging_mixin.py:188} INFO -   RAPPORT DE TRANSFORMATION — 2026-04-12
[2026-04-13T08:11:43.555+0000] {logging_mixin.py:188} INFO - ======================================================================
[2026-04-13T08:11:43.555+0000] {logging_mixin.py:188} INFO -   Catégorie             Transactions       CA (€)   Panier Moyen
[2026-04-13T08:11:43.555+0000] {logging_mixin.py:188} INFO - ----------------------------------------------------------------------
[2026-04-13T08:11:43.555+0000] {logging_mixin.py:188} INFO -   Alimentation                    37     49461.65        1336.80
[2026-04-13T08:11:43.555+0000] {logging_mixin.py:188} INFO -   Maison                          37     57567.82        1555.89
[2026-04-13T08:11:43.556+0000] {logging_mixin.py:188} INFO -   Sport                           36     43325.55        1203.49
[2026-04-13T08:11:43.556+0000] {logging_mixin.py:188} INFO -   Vêtements                       43     57204.68        1330.34
[2026-04-13T08:11:43.556+0000] {logging_mixin.py:188} INFO -   Électronique                    47     62512.97        1330.06
[2026-04-13T08:11:43.556+0000] {logging_mixin.py:188} INFO - ----------------------------------------------------------------------
[2026-04-13T08:11:43.556+0000] {logging_mixin.py:188} INFO -   TOTAL                          200    270072.67
[2026-04-13T08:11:43.556+0000] {logging_mixin.py:188} INFO - ======================================================================
[2026-04-13T08:11:43.556+0000] {logging_mixin.py:188} INFO - 
✅ Résumé sauvegardé → /tmp/ventes_resume_2026-04-12.json
[2026-04-13T08:11:43.557+0000] {python.py:201} INFO - Done. Returned value was: /tmp/ventes_resume_2026-04-12.json
[2026-04-13T08:11:43.569+0000] {taskinstance.py:1138} INFO - Marking task as SUCCESS. dag_id=k8s_etl_pipeline, task_id=transform_donnees, execution_date=20260412T060000, start_date=20260413T081143, end_date=20260413T081143
[2026-04-13T08:11:43.592+0000] {local_task_job_runner.py:234} INFO - Task exited with return code 0
[2026-04-13T08:11:43.611+0000] {taskinstance.py:3280} INFO - 1 downstream tasks scheduled from follow-on schedule check
