[2026-04-08T12:33:20.630+0000] {taskinstance.py:1957} INFO - Dependencies all met for dep_context=non-requeueable deps ti=<TaskInstance: energie_meteo_dag_dynamic.collecter_production_electrique manual__2026-04-08T12:32:45+00:00 [queued]>
[2026-04-08T12:33:20.655+0000] {taskinstance.py:1957} INFO - Dependencies all met for dep_context=requeueable deps ti=<TaskInstance: energie_meteo_dag_dynamic.collecter_production_electrique manual__2026-04-08T12:32:45+00:00 [queued]>
[2026-04-08T12:33:20.659+0000] {taskinstance.py:2171} INFO - Starting attempt 1 of 1
[2026-04-08T12:33:20.701+0000] {taskinstance.py:2192} INFO - Executing <Task(_PythonDecoratedOperator): collecter_production_electrique> on 2026-04-08 12:32:45+00:00
[2026-04-08T12:33:20.733+0000] {standard_task_runner.py:60} INFO - Started process 480 to run task
[2026-04-08T12:33:20.762+0000] {standard_task_runner.py:87} INFO - Running: ['***', 'tasks', 'run', 'energie_meteo_dag_dynamic', 'collecter_production_electrique', 'manual__2026-04-08T12:32:45+00:00', '--job-id', '46', '--raw', '--subdir', 'DAGS_FOLDER/energie_meteo_dag_dynamic.py', '--cfg-path', '/tmp/tmp3nf01g3d']
[2026-04-08T12:33:20.776+0000] {standard_task_runner.py:88} INFO - Job 46: Subtask collecter_production_electrique
[2026-04-08T12:33:20.957+0000] {task_command.py:423} INFO - Running <TaskInstance: energie_meteo_dag_dynamic.collecter_production_electrique manual__2026-04-08T12:32:45+00:00 [running]> on host d38f1858f6b8
[2026-04-08T12:33:21.301+0000] {taskinstance.py:2481} INFO - Exporting env vars: AIRFLOW_CTX_DAG_OWNER='***' AIRFLOW_CTX_DAG_ID='energie_meteo_dag_dynamic' AIRFLOW_CTX_TASK_ID='collecter_production_electrique' AIRFLOW_CTX_EXECUTION_DATE='2026-04-08T12:32:45+00:00' AIRFLOW_CTX_TRY_NUMBER='1' AIRFLOW_CTX_DAG_RUN_ID='manual__2026-04-08T12:32:45+00:00'
[2026-04-08T12:33:21.564+0000] {taskinstance.py:2699} ERROR - Task failed with exception
Traceback (most recent call last):
  File "/home/airflow/.local/lib/python3.8/site-packages/airflow/models/taskinstance.py", line 433, in _execute_task
    result = execute_callable(context=context, **execute_callable_kwargs)
  File "/home/airflow/.local/lib/python3.8/site-packages/airflow/decorators/base.py", line 242, in execute
    return_value = super().execute(context)
  File "/home/airflow/.local/lib/python3.8/site-packages/airflow/operators/python.py", line 199, in execute
    return_value = self.execute_callable()
  File "/home/airflow/.local/lib/python3.8/site-packages/airflow/operators/python.py", line 216, in execute_callable
    return self.python_callable(*self.op_args, **self.op_kwargs)
  File "/opt/airflow/dags/energie_meteo_dag_dynamic.py", line 114, in collecter_production_electrique
    response.raise_for_status()
  File "/home/airflow/.local/lib/python3.8/site-packages/requests/models.py", line 1021, in raise_for_status
    raise HTTPError(http_error_msg, response=self)
requests.exceptions.HTTPError: 400 Client Error: Bad Request for url: https://odre.opendatasoft.com/api/explore/v2.1/catalog/datasets/eco2mix-regional-cons-def/records?limit=200&timezone=Europe%2FParis
[2026-04-08T12:33:21.617+0000] {taskinstance.py:1138} INFO - Marking task as FAILED. dag_id=energie_meteo_dag_dynamic, task_id=collecter_production_electrique, execution_date=20260408T123245, start_date=20260408T123320, end_date=20260408T123321
[2026-04-08T12:33:21.715+0000] {standard_task_runner.py:107} ERROR - Failed to execute job 46 for task collecter_production_electrique (400 Client Error: Bad Request for url: https://odre.opendatasoft.com/api/explore/v2.1/catalog/datasets/eco2mix-regional-cons-def/records?limit=200&timezone=Europe%2FParis; 480)
[2026-04-08T12:33:21.790+0000] {local_task_job_runner.py:234} INFO - Task exited with return code 1
[2026-04-08T12:33:22.129+0000] {taskinstance.py:3281} INFO - 0 downstream tasks scheduled from follow-on schedule check
