[2026-04-13T08:11:44.548+0000] {taskinstance.py:1956} INFO - Dependencies all met for dep_context=non-requeueable deps ti=<TaskInstance: k8s_etl_pipeline.load_resultats scheduled__2026-04-12T06:00:00+00:00 [queued]>
[2026-04-13T08:11:44.554+0000] {taskinstance.py:1956} INFO - Dependencies all met for dep_context=requeueable deps ti=<TaskInstance: k8s_etl_pipeline.load_resultats scheduled__2026-04-12T06:00:00+00:00 [queued]>
[2026-04-13T08:11:44.554+0000] {taskinstance.py:2170} INFO - Starting attempt 1 of 3
[2026-04-13T08:11:44.562+0000] {taskinstance.py:2191} INFO - Executing <Task(PythonOperator): load_resultats> on 2026-04-12 06:00:00+00:00
[2026-04-13T08:11:44.566+0000] {standard_task_runner.py:60} INFO - Started process 527 to run task
[2026-04-13T08:11:44.569+0000] {standard_task_runner.py:87} INFO - Running: ['***', 'tasks', 'run', 'k8s_etl_pipeline', 'load_resultats', 'scheduled__2026-04-12T06:00:00+00:00', '--job-id', '8', '--raw', '--subdir', 'DAGS_FOLDER/k8s_etl_pipeline_dag.py', '--cfg-path', '/tmp/tmpew71hds9']
[2026-04-13T08:11:44.571+0000] {standard_task_runner.py:88} INFO - Job 8: Subtask load_resultats
[2026-04-13T08:11:44.606+0000] {task_command.py:423} INFO - Running <TaskInstance: k8s_etl_pipeline.load_resultats scheduled__2026-04-12T06:00:00+00:00 [running]> on host b53220b8d790
[2026-04-13T08:11:44.665+0000] {taskinstance.py:2480} INFO - Exporting env vars: AIRFLOW_CTX_DAG_OWNER='mohamed' AIRFLOW_CTX_DAG_ID='k8s_etl_pipeline' AIRFLOW_CTX_TASK_ID='load_resultats' AIRFLOW_CTX_EXECUTION_DATE='2026-04-12T06:00:00+00:00' AIRFLOW_CTX_TRY_NUMBER='1' AIRFLOW_CTX_DAG_RUN_ID='scheduled__2026-04-12T06:00:00+00:00'
[2026-04-13T08:11:44.673+0000] {logging_mixin.py:188} INFO - ============================================================
[2026-04-13T08:11:44.673+0000] {logging_mixin.py:188} INFO -   CHARGEMENT DES DONNÉES
[2026-04-13T08:11:44.673+0000] {logging_mixin.py:188} INFO - ============================================================
[2026-04-13T08:11:44.673+0000] {logging_mixin.py:188} INFO -   Date           : 2026-04-12
[2026-04-13T08:11:44.673+0000] {logging_mixin.py:188} INFO -   Transactions   : 200
[2026-04-13T08:11:44.673+0000] {logging_mixin.py:188} INFO -   CA Total       : 270072.67 €
[2026-04-13T08:11:44.674+0000] {logging_mixin.py:188} INFO -   Catégories     : 5
[2026-04-13T08:11:44.674+0000] {logging_mixin.py:188} INFO -   ✅ Données chargées → /tmp/ventes_loaded_2026-04-12.json
[2026-04-13T08:11:44.674+0000] {logging_mixin.py:188} INFO - ============================================================
[2026-04-13T08:11:44.674+0000] {python.py:201} INFO - Done. Returned value was: /tmp/ventes_loaded_2026-04-12.json
[2026-04-13T08:11:44.689+0000] {taskinstance.py:1138} INFO - Marking task as SUCCESS. dag_id=k8s_etl_pipeline, task_id=load_resultats, execution_date=20260412T060000, start_date=20260413T081144, end_date=20260413T081144
[2026-04-13T08:11:44.702+0000] {local_task_job_runner.py:234} INFO - Task exited with return code 0
[2026-04-13T08:11:44.720+0000] {taskinstance.py:3280} INFO - 1 downstream tasks scheduled from follow-on schedule check
