[2026-04-10T08:42:36.501+0000] {taskinstance.py:1957} INFO - Dependencies all met for dep_context=non-requeueable deps ti=<TaskInstance: logs_ecommerce_dag.archiver_logs_hdfs scheduled__2026-04-09T02:00:00+00:00 [queued]>
[2026-04-10T08:42:36.508+0000] {taskinstance.py:1957} INFO - Dependencies all met for dep_context=requeueable deps ti=<TaskInstance: logs_ecommerce_dag.archiver_logs_hdfs scheduled__2026-04-09T02:00:00+00:00 [queued]>
[2026-04-10T08:42:36.509+0000] {taskinstance.py:2171} INFO - Starting attempt 2 of 2
[2026-04-10T08:42:36.521+0000] {taskinstance.py:2192} INFO - Executing <Task(PythonOperator): archiver_logs_hdfs> on 2026-04-09 02:00:00+00:00
[2026-04-10T08:42:36.525+0000] {standard_task_runner.py:60} INFO - Started process 730 to run task
[2026-04-10T08:42:36.528+0000] {standard_task_runner.py:87} INFO - Running: ['***', 'tasks', 'run', 'logs_ecommerce_dag', 'archiver_logs_hdfs', 'scheduled__2026-04-09T02:00:00+00:00', '--job-id', '45', '--raw', '--subdir', 'DAGS_FOLDER/logs_ecommerce_dag.py', '--cfg-path', '/tmp/tmps5lac0y3']
[2026-04-10T08:42:36.530+0000] {standard_task_runner.py:88} INFO - Job 45: Subtask archiver_logs_hdfs
[2026-04-10T08:42:36.566+0000] {task_command.py:423} INFO - Running <TaskInstance: logs_ecommerce_dag.archiver_logs_hdfs scheduled__2026-04-09T02:00:00+00:00 [running]> on host 9ccb53d87b16
[2026-04-10T08:42:36.662+0000] {taskinstance.py:2481} INFO - Exporting env vars: AIRFLOW_CTX_DAG_OWNER='***' AIRFLOW_CTX_DAG_ID='logs_ecommerce_dag' AIRFLOW_CTX_TASK_ID='archiver_logs_hdfs' AIRFLOW_CTX_EXECUTION_DATE='2026-04-09T02:00:00+00:00' AIRFLOW_CTX_TRY_NUMBER='2' AIRFLOW_CTX_DAG_RUN_ID='scheduled__2026-04-09T02:00:00+00:00'
[2026-04-10T08:42:36.663+0000] {logs_ecommerce_dag.py:235} INFO - Déplacement HDFS : /data/ecommerce/logs/raw/access_2026-04-09.log → /data/ecommerce/logs/processed/access_2026-04-09.log
[2026-04-10T08:42:36.672+0000] {taskinstance.py:2699} ERROR - Task failed with exception
Traceback (most recent call last):
  File "/home/airflow/.local/lib/python3.8/site-packages/airflow/models/taskinstance.py", line 433, in _execute_task
    result = execute_callable(context=context, **execute_callable_kwargs)
  File "/home/airflow/.local/lib/python3.8/site-packages/airflow/operators/python.py", line 199, in execute
    return_value = self.execute_callable()
  File "/home/airflow/.local/lib/python3.8/site-packages/airflow/operators/python.py", line 216, in execute_callable
    return self.python_callable(*self.op_args, **self.op_kwargs)
  File "/opt/airflow/dags/logs_ecommerce_dag.py", line 252, in archiver_logs_hdfs_fn
    raise Exception(f"Échec du déplacement HDFS : {result}")
Exception: Échec du déplacement HDFS : {'boolean': False}
[2026-04-10T08:42:36.680+0000] {taskinstance.py:1138} INFO - Marking task as FAILED. dag_id=logs_ecommerce_dag, task_id=archiver_logs_hdfs, execution_date=20260409T020000, start_date=20260410T084236, end_date=20260410T084236
[2026-04-10T08:42:36.688+0000] {standard_task_runner.py:107} ERROR - Failed to execute job 45 for task archiver_logs_hdfs (Échec du déplacement HDFS : {'boolean': False}; 730)
[2026-04-10T08:42:36.701+0000] {local_task_job_runner.py:234} INFO - Task exited with return code 1
[2026-04-10T08:42:36.713+0000] {taskinstance.py:3281} INFO - 0 downstream tasks scheduled from follow-on schedule check
